Archive member included to satisfy reference by file (symbol)

c:/program files (x86)/atollic/truestudio for stm32 9.2.0/armtools/bin/../lib/gcc/arm-atollic-eabi/6.3.1/../../../../arm-atollic-eabi/lib/armv6-m\libc_nano.a(lib_a-errno.o)
                              Core\Src\syscalls.o (__errno)
c:/program files (x86)/atollic/truestudio for stm32 9.2.0/armtools/bin/../lib/gcc/arm-atollic-eabi/6.3.1/../../../../arm-atollic-eabi/lib/armv6-m\libc_nano.a(lib_a-impure.o)
                              c:/program files (x86)/atollic/truestudio for stm32 9.2.0/armtools/bin/../lib/gcc/arm-atollic-eabi/6.3.1/../../../../arm-atollic-eabi/lib/armv6-m\libc_nano.a(lib_a-errno.o) (_impure_ptr)
c:/program files (x86)/atollic/truestudio for stm32 9.2.0/armtools/bin/../lib/gcc/arm-atollic-eabi/6.3.1/../../../../arm-atollic-eabi/lib/armv6-m\libc_nano.a(lib_a-init.o)
                              startup\startup_stm32f070xb.o (__libc_init_array)
c:/program files (x86)/atollic/truestudio for stm32 9.2.0/armtools/bin/../lib/gcc/arm-atollic-eabi/6.3.1/../../../../arm-atollic-eabi/lib/armv6-m\libc_nano.a(lib_a-memcpy-stub.o)
                              Drivers\STM32F0xx_HAL_Driver\Src\stm32f0xx_hal_rcc.o (memcpy)
c:/program files (x86)/atollic/truestudio for stm32 9.2.0/armtools/bin/../lib/gcc/arm-atollic-eabi/6.3.1/../../../../arm-atollic-eabi/lib/armv6-m\libc_nano.a(lib_a-memset.o)
                              Core\Src\gpio.o (memset)
c:/program files (x86)/atollic/truestudio for stm32 9.2.0/armtools/bin/../lib/gcc/arm-atollic-eabi/6.3.1/../../../../arm-atollic-eabi/lib/armv6-m\libc_nano.a(lib_a-sprintf.o)
                              Core\Src\lora.o (sprintf)
c:/program files (x86)/atollic/truestudio for stm32 9.2.0/armtools/bin/../lib/gcc/arm-atollic-eabi/6.3.1/../../../../arm-atollic-eabi/lib/armv6-m\libc_nano.a(lib_a-strstr.o)
                              Core\Src\lora.o (strstr)
c:/program files (x86)/atollic/truestudio for stm32 9.2.0/armtools/bin/../lib/gcc/arm-atollic-eabi/6.3.1/../../../../arm-atollic-eabi/lib/armv6-m\libc_nano.a(lib_a-nano-svfprintf.o)
                              c:/program files (x86)/atollic/truestudio for stm32 9.2.0/armtools/bin/../lib/gcc/arm-atollic-eabi/6.3.1/../../../../arm-atollic-eabi/lib/armv6-m\libc_nano.a(lib_a-sprintf.o) (_svfprintf_r)
c:/program files (x86)/atollic/truestudio for stm32 9.2.0/armtools/bin/../lib/gcc/arm-atollic-eabi/6.3.1/../../../../arm-atollic-eabi/lib/armv6-m\libc_nano.a(lib_a-nano-vfprintf_i.o)
                              c:/program files (x86)/atollic/truestudio for stm32 9.2.0/armtools/bin/../lib/gcc/arm-atollic-eabi/6.3.1/../../../../arm-atollic-eabi/lib/armv6-m\libc_nano.a(lib_a-nano-svfprintf.o) (_printf_i)
c:/program files (x86)/atollic/truestudio for stm32 9.2.0/armtools/bin/../lib/gcc/arm-atollic-eabi/6.3.1/../../../../arm-atollic-eabi/lib/armv6-m\libc_nano.a(lib_a-memchr-stub.o)
                              c:/program files (x86)/atollic/truestudio for stm32 9.2.0/armtools/bin/../lib/gcc/arm-atollic-eabi/6.3.1/../../../../arm-atollic-eabi/lib/armv6-m\libc_nano.a(lib_a-nano-svfprintf.o) (memchr)
c:/program files (x86)/atollic/truestudio for stm32 9.2.0/armtools/bin/../lib/gcc/arm-atollic-eabi/6.3.1/../../../../arm-atollic-eabi/lib/armv6-m\libc_nano.a(lib_a-memmove.o)
                              c:/program files (x86)/atollic/truestudio for stm32 9.2.0/armtools/bin/../lib/gcc/arm-atollic-eabi/6.3.1/../../../../arm-atollic-eabi/lib/armv6-m\libc_nano.a(lib_a-nano-svfprintf.o) (memmove)
c:/program files (x86)/atollic/truestudio for stm32 9.2.0/armtools/bin/../lib/gcc/arm-atollic-eabi/6.3.1/../../../../arm-atollic-eabi/lib/armv6-m\libc_nano.a(lib_a-nano-freer.o)
                              c:/program files (x86)/atollic/truestudio for stm32 9.2.0/armtools/bin/../lib/gcc/arm-atollic-eabi/6.3.1/../../../../arm-atollic-eabi/lib/armv6-m\libc_nano.a(lib_a-nano-svfprintf.o) (_free_r)
c:/program files (x86)/atollic/truestudio for stm32 9.2.0/armtools/bin/../lib/gcc/arm-atollic-eabi/6.3.1/../../../../arm-atollic-eabi/lib/armv6-m\libc_nano.a(lib_a-nano-mallocr.o)
                              c:/program files (x86)/atollic/truestudio for stm32 9.2.0/armtools/bin/../lib/gcc/arm-atollic-eabi/6.3.1/../../../../arm-atollic-eabi/lib/armv6-m\libc_nano.a(lib_a-nano-svfprintf.o) (_malloc_r)
c:/program files (x86)/atollic/truestudio for stm32 9.2.0/armtools/bin/../lib/gcc/arm-atollic-eabi/6.3.1/../../../../arm-atollic-eabi/lib/armv6-m\libc_nano.a(lib_a-nano-reallocr.o)
                              c:/program files (x86)/atollic/truestudio for stm32 9.2.0/armtools/bin/../lib/gcc/arm-atollic-eabi/6.3.1/../../../../arm-atollic-eabi/lib/armv6-m\libc_nano.a(lib_a-nano-svfprintf.o) (_realloc_r)
c:/program files (x86)/atollic/truestudio for stm32 9.2.0/armtools/bin/../lib/gcc/arm-atollic-eabi/6.3.1/../../../../arm-atollic-eabi/lib/armv6-m\libc_nano.a(lib_a-sbrkr.o)
[...]
Memory Configuration

Name             Origin             Length             Attributes
RAM              0x20000000         0x00004000         xrw
FLASH            0x08000000         0x00020000         xr
*default*        0x00000000         0xffffffff

Linker script and memory map

LOAD c:/program files (x86)/atollic/truestudio for stm32 9.2.0/armtools/bin/../lib/gcc/arm-atollic-eabi/6.3.1/armv6-m/crti.o
LOAD c:/program files (x86)/atollic/truestudio for stm32 9.2.0/armtools/bin/../lib/gcc/arm-atollic-eabi/6.3.1/armv6-m/crtbegin.o
LOAD Core\Src\freertos.o
LOAD Core\Src\gpio.o
LOAD Core\Src\i2c.o
LOAD Core\Src\lora.o
LOAD Core\Src\main.o
LOAD Core\Src\stm32f0xx_hal_msp.o
LOAD Core\Src\stm32f0xx_hal_timebase_tim.o
LOAD Core\Src\stm32f0xx_it.o
LOAD Core\Src\syscalls.o
LOAD Core\Src\system_stm32f0xx.o
LOAD Core\Src\usart.o
LOAD Drivers\STM32F0xx_HAL_Driver\Src\stm32f0xx_hal.o
LOAD Drivers\STM32F0xx_HAL_Driver\Src\stm32f0xx_hal_cortex.o
LOAD Drivers\STM32F0xx_HAL_Driver\Src\stm32f0xx_hal_dma.o
LOAD Drivers\STM32F0xx_HAL_Driver\Src\stm32f0xx_hal_flash.o
LOAD Drivers\STM32F0xx_HAL_Driver\Src\stm32f0xx_hal_flash_ex.o
LOAD Drivers\STM32F0xx_HAL_Driver\Src\stm32f0xx_hal_gpio.o
LOAD Drivers\STM32F0xx_HAL_Driver\Src\stm32f0xx_hal_i2c.o
LOAD Drivers\STM32F0xx_HAL_Driver\Src\stm32f0xx_hal_i2c_ex.o
LOAD Drivers\STM32F0xx_HAL_Driver\Src\stm32f0xx_hal_pcd.o
LOAD Drivers\STM32F0xx_HAL_Driver\Src\stm32f0xx_hal_pcd_ex.o
LOAD Drivers\STM32F0xx_HAL_Driver\Src\stm32f0xx_hal_pwr.o
LOAD Drivers\STM32F0xx_HAL_Driver\Src\stm32f0xx_hal_pwr_ex.o
LOAD Drivers\STM32F0xx_HAL_Driver\Src\stm32f0xx_hal_rcc.o
LOAD Drivers\STM32F0xx_HAL_Driver\Src\stm32f0xx_hal_rcc_ex.o
LOAD Drivers\STM32F0xx_HAL_Driver\Src\stm32f0xx_hal_tim.o
LOAD Drivers\STM32F0xx_HAL_Driver\Src\stm32f0xx_hal_tim_ex.o
LOAD Drivers\STM32F0xx_HAL_Driver\Src\stm32f0xx_hal_uart.o
LOAD Drivers\STM32F0xx_HAL_Driver\Src\stm32f0xx_hal_uart_ex.o
LOAD Middlewares\ST\STM32_USB_Device_Library\Class\CDC\Src\usbd_cdc.o
LOAD Middlewares\ST\STM32_USB_Device_Library\Core\Src\usbd_core.o
LOAD Middlewares\ST\STM32_USB_Device_Library\Core\Src\usbd_ctlreq.o
LOAD Middlewares\ST\STM32_USB_Device_Library\Core\Src\usbd_ioreq.o
LOAD Middlewares\Third_Party\FreeRTOS\Source\CMSIS_RTOS\cmsis_os.o
LOAD Middlewares\Third_Party\FreeRTOS\Source\croutine.o
LOAD Middlewares\Third_Party\FreeRTOS\Source\event_groups.o
LOAD Middlewares\Third_Party\FreeRTOS\Source\list.o
LOAD Middlewares\Third_Party\FreeRTOS\Source\portable\GCC\ARM_CM0\port.o
LOAD Middlewares\Third_Party\FreeRTOS\Source\portable\MemMang\heap_4.o
LOAD Middlewares\Third_Party\FreeRTOS\Source\queue.o
LOAD Middlewares\Third_Party\FreeRTOS\Source\tasks.o
LOAD Middlewares\Third_Party\FreeRTOS\Source\timers.o
LOAD USB_DEVICE\App\usb_device.o
LOAD USB_DEVICE\App\usbd_cdc_if.o
LOAD USB_DEVICE\App\usbd_desc.o
LOAD USB_DEVICE\Target\usbd_conf.o
LOAD startup\startup_stm32f070xb.o
                0x00000080                malloc_getpagesize_P = 0x80
START GROUP
LOAD c:/program files (x86)/atollic/truestudio for stm32 9.2.0/armtools/bin/../lib/gcc/arm-atollic-eabi/6.3.1/../../../../arm-atollic-eabi/lib/armv6-m\libc_nano.a
LOAD c:/program files (x86)/atollic/truestudio for stm32 9.2.0/armtools/bin/../lib/gcc/arm-atollic-eabi/6.3.1/../../../../arm-atollic-eabi/lib/armv6-m\libm.a
END GROUP
START GROUP
LOAD c:/program files (x86)/atollic/truestudio for stm32 9.2.0/armtools/bin/../lib/gcc/arm-atollic-eabi/6.3.1/armv6-m\libgcc.a
LOAD c:/program files (x86)/atollic/truestudio for stm32 9.2.0/armtools/bin/../lib/gcc/arm-atollic-eabi/6.3.1/../../../../arm-atollic-eabi/lib/armv6-m\libc_nano.a
END GROUP
START GROUP
LOAD c:/program files (x86)/atollic/truestudio for stm32 9.2.0/armtools/bin/../lib/gcc/arm-atollic-eabi/6.3.1/armv6-m\libgcc.a
LOAD c:/program files (x86)/atollic/truestudio for stm32 9.2.0/armtools/bin/../lib/gcc/arm-atollic-eabi/6.3.1/../../../../arm-atollic-eabi/lib/armv6-m\libc_nano.a
LOAD c:/program files (x86)/atollic/truestudio for stm32 9.2.0/armtools/bin/../lib/gcc/arm-atollic-eabi/6.3.1/../../../../arm-atollic-eabi/lib/armv6-m\libnosys.a
END GROUP
START GROUP
LOAD c:/program files (x86)/atollic/truestudio for stm32 9.2.0/armtools/bin/../lib/gcc/arm-atollic-eabi/6.3.1/armv6-m\libgcc.a
LOAD c:/program files (x86)/atollic/truestudio for stm32 9.2.0/armtools/bin/../lib/gcc/arm-atollic-eabi/6.3.1/../../../../arm-atollic-eabi/lib/armv6-m\libc_nano.a
LOAD c:/program files (x86)/atollic/truestudio for stm32 9.2.0/armtools/bin/../lib/gcc/arm-atollic-eabi/6.3.1/../../../../arm-atollic-eabi/lib/armv6-m\libnosys.a
END GROUP
LOAD c:/program files (x86)/atollic/truestudio for stm32 9.2.0/armtools/bin/../lib/gcc/arm-atollic-eabi/6.3.1/armv6-m/crtend.o
LOAD c:/program files (x86)/atollic/truestudio for stm32 9.2.0/armtools/bin/../lib/gcc/arm-atollic-eabi/6.3.1/armv6-m/crtn.o
                0x20004000                _estack = 0x20004000
                0x00000200                _Min_Heap_Size = 0x200
                0x00000400                _Min_Stack_Size = 0x400

.isr_vector     0x08000000       0xc0
                0x08000000                . = ALIGN (0x4)
 *(.isr_vector)
 .isr_vector    0x08000000       0xc0 startup\startup_stm32f070xb.o
                0x08000000                g_pfnVectors
                0x080000c0                . = ALIGN (0x4)

.text           0x080000c0     0x4be4
                0x080000c0                . = ALIGN (0x4)
 *(.text)
 .text          0x080000c0       0x48 c:/program files (x86)/atollic/truestudio for stm32 9.2.0/armtools/bin/../lib/gcc/arm-atollic-eabi/6.3.1/armv6-m/crtbegin.o
 .text          0x08000108       0x14 c:/program files (x86)/atollic/truestudio for stm32 9.2.0/armtools/bin/../lib/gcc/arm-atollic-eabi/6.3.1/armv6-m\libgcc.a(_thumb1_case_uqi.o)
                0x08000108                __gnu_thumb1_case_uqi
 .text          0x0800011c       0x14 c:/program files (x86)/atollic/truestudio for stm32 9.2.0/armtools/bin/../lib/gcc/arm-atollic-eabi/6.3.1/armv6-m\libgcc.a(_thumb1_case_uhi.o)
                0x0800011c                __gnu_thumb1_case_uhi
 .text          0x08000130      0x114 c:/program files (x86)/atollic/truestudio for stm32 9.2.0/armtools/bin/../lib/gcc/arm-atollic-eabi/6.3.1/armv6-m\libgcc.a(_udivsi3.o)
                0x08000130                __aeabi_uidiv
                0x08000130                __udivsi3
                0x0800023c                __aeabi_uidivmod
 .text          0x08000244        0x4 c:/program files (x86)/atollic/truestudio for stm32 9.2.0/armtools/bin/../lib/gcc/arm-atollic-eabi/6.3.1/armv6-m\libgcc.a(_dvmd_tls.o)
                0x08000244                __aeabi_idiv0
                0x08000244                __aeabi_ldiv0
 *(.text*)
 .text.StartServiceTask
                0x08000248        0xa Core\Src\freertos.o
                0x08000248                StartServiceTask
 *fill*         0x08000252        0x2 
 .text.StartDefaultTask
                0x08000254       0xfc Core\Src\freertos.o
                0x08000254                StartDefaultTask
 .text.MX_FREERTOS_Init
                0x08000350       0x48 Core\Src\freertos.o
                0x08000350                MX_FREERTOS_Init
 .text.MX_GPIO_Init
                0x08000398       0xb0 Core\Src\gpio.o
                0x08000398                MX_GPIO_Init
 .text.MX_I2C1_Init
                0x08000448       0x5c Core\Src\i2c.o
                0x08000448                MX_I2C1_Init
 .text.HAL_I2C_MspInit
                0x080004a4       0x6c Core\Src\i2c.o
                0x080004a4                HAL_I2C_MspInit
 .text.lora_module_reboot
                0x08000510       0x60 Core\Src\lora.o
                0x08000510                lora_module_reboot
 .text.lora_module_set_gpio
                0x08000570       0x6c Core\Src\lora.o
                0x08000570                lora_module_set_gpio
 .text.lora_module_send_command
                0x080005dc       0x98 Core\Src\lora.o
                0x080005dc                lora_module_send_command
 .text.lora_module_join_otaa
                0x08000674       0x60 Core\Src\lora.o
                0x08000674                lora_module_join_otaa
 .text.SystemClock_Config
                0x080006d4       0x74 Core\Src\main.o
                0x080006d4                SystemClock_Config
 .text.startup.main
                0x08000748       0x30 Core\Src\main.o
                0x08000748                main
 .text.HAL_TIM_PeriodElapsedCallback
                0x08000778       0x14 Core\Src\main.o
                0x08000778                HAL_TIM_PeriodElapsedCallback
 .text.HAL_UART_RxCpltCallback
                0x0800078c        0xc Core\Src\main.o
                0x0800078c                HAL_UART_RxCpltCallback
 .text.Error_Handler
                0x08000798        0x2 Core\Src\main.o
                0x08000798                Error_Handler
 *fill*         0x0800079a        0x2 
 .text.HAL_MspInit
                0x0800079c       0x38 Core\Src\stm32f0xx_hal_msp.o
                0x0800079c                HAL_MspInit
 .text.HAL_InitTick
                0x080007d4       0x7c Core\Src\stm32f0xx_hal_timebase_tim.o
                0x080007d4                HAL_InitTick
 .text.NMI_Handler
                0x08000850        0x2 Core\Src\stm32f0xx_it.o
                0x08000850                NMI_Handler
 .text.HardFault_Handler
                0x08000852        0x2 Core\Src\stm32f0xx_it.o
                0x08000852                HardFault_Handler
 .text.TIM1_BRK_UP_TRG_COM_IRQHandler
                0x08000854       0x10 Core\Src\stm32f0xx_it.o
                0x08000854                TIM1_BRK_UP_TRG_COM_IRQHandler
 .text.USART2_IRQHandler
                0x08000864       0x10 Core\Src\stm32f0xx_it.o
                0x08000864                USART2_IRQHandler
 .text.USART3_4_IRQHandler
                0x08000874       0x10 Core\Src\stm32f0xx_it.o
                0x08000874                USART3_4_IRQHandler
 .text.USB_IRQHandler
                0x08000884       0x10 Core\Src\stm32f0xx_it.o
                0x08000884                USB_IRQHandler
 .text._sbrk    0x08000894       0x34 Core\Src\syscalls.o
                0x08000894                _sbrk
 .text.SystemInit
                0x080008c8       0x68 Core\Src\system_stm32f0xx.o
                0x080008c8                SystemInit
 .text.MX_USART2_UART_Init
                0x08000930       0x38 Core\Src\usart.o
                0x08000930                MX_USART2_UART_Init
 .text.MX_USART3_UART_Init
                0x08000968       0x38 Core\Src\usart.o
                0x08000968                MX_USART3_UART_Init
 .text.HAL_UART_MspInit
                0x080009a0       0xc8 Core\Src\usart.o
                0x080009a0                HAL_UART_MspInit
 .text.HAL_Init
                0x08000a68       0x20 Drivers\STM32F0xx_HAL_Driver\Src\stm32f0xx_hal.o
                0x08000a68                HAL_Init
 .text.HAL_IncTick
                0x08000a88       0x10 Drivers\STM32F0xx_HAL_Driver\Src\stm32f0xx_hal.o
                0x08000a88                HAL_IncTick
 .text.HAL_GetTick
                0x08000a98        0xc Drivers\STM32F0xx_HAL_Driver\Src\stm32f0xx_hal.o
                0x08000a98                HAL_GetTick
 .text.HAL_NVIC_SetPriority
                0x08000aa4       0x60 Drivers\STM32F0xx_HAL_Driver\Src\stm32f0xx_hal_cortex.o
                0x08000aa4                HAL_NVIC_SetPriority
 .text.HAL_NVIC_EnableIRQ
                0x08000b04       0x14 Drivers\STM32F0xx_HAL_Driver\Src\stm32f0xx_hal_cortex.o
                0x08000b04                HAL_NVIC_EnableIRQ
 .text.HAL_DMA_Abort_IT
                0x08000b18       0x46 Drivers\STM32F0xx_HAL_Driver\Src\stm32f0xx_hal_dma.o
                0x08000b18                HAL_DMA_Abort_IT
 *fill*         0x08000b5e        0x2 
 .text.HAL_GPIO_Init
                0x08000b60      0x160 Drivers\STM32F0xx_HAL_Driver\Src\stm32f0xx_hal_gpio.o
                0x08000b60                HAL_GPIO_Init
 .text.HAL_GPIO_WritePin
                0x08000cc0        0xc Drivers\STM32F0xx_HAL_Driver\Src\stm32f0xx_hal_gpio.o
                0x08000cc0                HAL_GPIO_WritePin
 .text.HAL_I2C_Init
                0x08000ccc       0xac Drivers\STM32F0xx_HAL_Driver\Src\stm32f0xx_hal_i2c.o
                0x08000ccc                HAL_I2C_Init
 .text.HAL_I2CEx_ConfigAnalogFilter
                0x08000d78       0x4c Drivers\STM32F0xx_HAL_Driver\Src\stm32f0xx_hal_i2c_ex.o
                0x08000d78                HAL_I2CEx_ConfigAnalogFilter
 .text.HAL_I2CEx_ConfigDigitalFilter
                0x08000dc4       0x48 Drivers\STM32F0xx_HAL_Driver\Src\stm32f0xx_hal_i2c_ex.o
                0x08000dc4                HAL_I2CEx_ConfigDigitalFilter
 .text.HAL_PCD_Init
                0x08000e0c       0x8c Drivers\STM32F0xx_HAL_Driver\Src\stm32f0xx_hal_pcd.o
                0x08000e0c                HAL_PCD_Init
 .text.HAL_PCD_Start
                0x08000e98       0x12 Drivers\STM32F0xx_HAL_Driver\Src\stm32f0xx_hal_pcd.o
                0x08000e98                HAL_PCD_Start
 .text.HAL_PCD_SetAddress
                0x08000eaa       0x2c Drivers\STM32F0xx_HAL_Driver\Src\stm32f0xx_hal_pcd.o
                0x08000eaa                HAL_PCD_SetAddress
 *fill*         0x08000ed6        0x2 
 .text.HAL_PCD_EP_Open
                0x08000ed8      0x2a4 Drivers\STM32F0xx_HAL_Driver\Src\stm32f0xx_hal_pcd.o
                0x08000ed8                HAL_PCD_EP_Open
 .text.HAL_PCD_EP_Close
                0x0800117c      0x140 Drivers\STM32F0xx_HAL_Driver\Src\stm32f0xx_hal_pcd.o
                0x0800117c                HAL_PCD_EP_Close
 .text.HAL_PCD_EP_Receive
                0x080012bc      0x140 Drivers\STM32F0xx_HAL_Driver\Src\stm32f0xx_hal_pcd.o
                0x080012bc                HAL_PCD_EP_Receive
 .text.HAL_PCD_EP_GetRxCount
                0x080013fc       0x12 Drivers\STM32F0xx_HAL_Driver\Src\stm32f0xx_hal_pcd.o
                0x080013fc                HAL_PCD_EP_GetRxCount
 *fill*         0x0800140e        0x2 
 .text.HAL_PCD_EP_SetStall
                0x08001410       0x94 Drivers\STM32F0xx_HAL_Driver\Src\stm32f0xx_hal_pcd.o
                0x08001410                HAL_PCD_EP_SetStall
 .text.HAL_PCD_EP_ClrStall
                0x080014a4       0xb4 Drivers\STM32F0xx_HAL_Driver\Src\stm32f0xx_hal_pcd.o
                0x080014a4                HAL_PCD_EP_ClrStall
 .text.PCD_WritePMA
                0x08001558       0x28 Drivers\STM32F0xx_HAL_Driver\Src\stm32f0xx_hal_pcd.o
                0x08001558                PCD_WritePMA
 .text.HAL_PCD_EP_Transmit
                0x08001580      0x1c0 Drivers\STM32F0xx_HAL_Driver\Src\stm32f0xx_hal_pcd.o
                0x08001580                HAL_PCD_EP_Transmit
 .text.PCD_ReadPMA
                0x08001740       0x34 Drivers\STM32F0xx_HAL_Driver\Src\stm32f0xx_hal_pcd.o
                0x08001740                PCD_ReadPMA
 .text.HAL_PCD_IRQHandler
                0x08001774      0x474 Drivers\STM32F0xx_HAL_Driver\Src\stm32f0xx_hal_pcd.o
                0x08001774                HAL_PCD_IRQHandler
 .text.HAL_PCDEx_PMAConfig
                0x08001be8       0x32 Drivers\STM32F0xx_HAL_Driver\Src\stm32f0xx_hal_pcd_ex.o
                0x08001be8                HAL_PCDEx_PMAConfig
 *fill*         0x08001c1a        0x2 
 .text.HAL_RCC_OscConfig
                0x08001c1c      0x3d8 Drivers\STM32F0xx_HAL_Driver\Src\stm32f0xx_hal_rcc.o
                0x08001c1c                HAL_RCC_OscConfig
 .text.HAL_RCC_GetSysClockFreq
                0x08001ff4       0x58 Drivers\STM32F0xx_HAL_Driver\Src\stm32f0xx_hal_rcc.o
                0x08001ff4                HAL_RCC_GetSysClockFreq
 .text.HAL_RCC_ClockConfig
                0x0800204c      0x12c Drivers\STM32F0xx_HAL_Driver\Src\stm32f0xx_hal_rcc.o
                0x0800204c                HAL_RCC_ClockConfig
 .text.HAL_RCC_GetPCLK1Freq
                0x08002178       0x20 Drivers\STM32F0xx_HAL_Driver\Src\stm32f0xx_hal_rcc.o
                0x08002178                HAL_RCC_GetPCLK1Freq
 .text.HAL_RCC_GetClockConfig
                0x08002198       0x38 Drivers\STM32F0xx_HAL_Driver\Src\stm32f0xx_hal_rcc.o
                0x08002198                HAL_RCC_GetClockConfig
 .text.HAL_RCCEx_PeriphCLKConfig
                0x080021d0      0x118 Drivers\STM32F0xx_HAL_Driver\Src\stm32f0xx_hal_rcc_ex.o
                0x080021d0                HAL_RCCEx_PeriphCLKConfig
 .text.HAL_TIM_Base_MspInit
                0x080022e8        0x2 Drivers\STM32F0xx_HAL_Driver\Src\stm32f0xx_hal_tim.o
                0x080022e8                HAL_TIM_Base_MspInit
 .text.HAL_TIM_Base_Start_IT
                0x080022ea       0x14 Drivers\STM32F0xx_HAL_Driver\Src\stm32f0xx_hal_tim.o
                0x080022ea                HAL_TIM_Base_Start_IT
 .text.HAL_TIM_OC_DelayElapsedCallback
                0x080022fe        0x2 Drivers\STM32F0xx_HAL_Driver\Src\stm32f0xx_hal_tim.o
                0x080022fe                HAL_TIM_OC_DelayElapsedCallback
 .text.HAL_TIM_IC_CaptureCallback
                0x08002300        0x2 Drivers\STM32F0xx_HAL_Driver\Src\stm32f0xx_hal_tim.o
                0x08002300                HAL_TIM_IC_CaptureCallback
 .text.HAL_TIM_PWM_PulseFinishedCallback
                0x08002302        0x2 Drivers\STM32F0xx_HAL_Driver\Src\stm32f0xx_hal_tim.o
                0x08002302                HAL_TIM_PWM_PulseFinishedCallback
 .text.HAL_TIM_TriggerCallback
                0x08002304        0x2 Drivers\STM32F0xx_HAL_Driver\Src\stm32f0xx_hal_tim.o
                0x08002304                HAL_TIM_TriggerCallback
 .text.HAL_TIM_IRQHandler
                0x08002306      0x148 Drivers\STM32F0xx_HAL_Driver\Src\stm32f0xx_hal_tim.o
                0x08002306                HAL_TIM_IRQHandler
 *fill*         0x0800244e        0x2 
 .text.TIM_Base_SetConfig
                0x08002450       0x90 Drivers\STM32F0xx_HAL_Driver\Src\stm32f0xx_hal_tim.o
                0x08002450                TIM_Base_SetConfig
 .text.HAL_TIM_Base_Init
                0x080024e0       0x36 Drivers\STM32F0xx_HAL_Driver\Src\stm32f0xx_hal_tim.o
                0x080024e0                HAL_TIM_Base_Init
 .text.HAL_TIMEx_CommutationCallback
                0x08002516        0x2 Drivers\STM32F0xx_HAL_Driver\Src\stm32f0xx_hal_tim_ex.o
                0x08002516                HAL_TIMEx_CommutationCallback
 .text.HAL_TIMEx_BreakCallback
                0x08002518        0x2 Drivers\STM32F0xx_HAL_Driver\Src\stm32f0xx_hal_tim_ex.o
                0x08002518                HAL_TIMEx_BreakCallback
 *fill*         0x0800251a        0x2 
 .text.UART_EndRxTransfer
                0x0800251c       0x20 Drivers\STM32F0xx_HAL_Driver\Src\stm32f0xx_hal_uart.o
 .text.HAL_UART_TxCpltCallback
                0x0800253c        0x2 Drivers\STM32F0xx_HAL_Driver\Src\stm32f0xx_hal_uart.o
                0x0800253c                HAL_UART_TxCpltCallback
 .text.HAL_UART_ErrorCallback
                0x0800253e        0x2 Drivers\STM32F0xx_HAL_Driver\Src\stm32f0xx_hal_uart.o
                0x0800253e                HAL_UART_ErrorCallback
 .text.UART_DMAAbortOnError
                0x08002540       0x16 Drivers\STM32F0xx_HAL_Driver\Src\stm32f0xx_hal_uart.o
 *fill*         0x08002556        0x2 
 .text.UART_SetConfig
                0x08002558      0x148 Drivers\STM32F0xx_HAL_Driver\Src\stm32f0xx_hal_uart.o
                0x08002558                UART_SetConfig
 .text.UART_AdvFeatureConfig
                0x080026a0       0xd0 Drivers\STM32F0xx_HAL_Driver\Src\stm32f0xx_hal_uart.o
                0x080026a0                UART_AdvFeatureConfig
 .text.HAL_UART_Init
                0x08002770       0x78 Drivers\STM32F0xx_HAL_Driver\Src\stm32f0xx_hal_uart.o
                0x08002770                HAL_UART_Init
 .text.UART_WaitOnFlagUntilTimeout
                0x080027e8       0x64 Drivers\STM32F0xx_HAL_Driver\Src\stm32f0xx_hal_uart.o
                0x080027e8                UART_WaitOnFlagUntilTimeout
 .text.HAL_UART_Transmit
                0x0800284c       0xcc Drivers\STM32F0xx_HAL_Driver\Src\stm32f0xx_hal_uart.o
                0x0800284c                HAL_UART_Transmit
 .text.HAL_UART_Receive
                0x08002918      0x100 Drivers\STM32F0xx_HAL_Driver\Src\stm32f0xx_hal_uart.o
                0x08002918                HAL_UART_Receive
 .text.UART_Transmit_IT
                0x08002a18       0x64 Drivers\STM32F0xx_HAL_Driver\Src\stm32f0xx_hal_uart.o
                0x08002a18                UART_Transmit_IT
 .text.UART_EndTransmit_IT
                0x08002a7c       0x1c Drivers\STM32F0xx_HAL_Driver\Src\stm32f0xx_hal_uart.o
                0x08002a7c                UART_EndTransmit_IT
 .text.UART_Receive_IT
                0x08002a98       0x7c Drivers\STM32F0xx_HAL_Driver\Src\stm32f0xx_hal_uart.o
                0x08002a98                UART_Receive_IT
 .text.HAL_UART_IRQHandler
                0x08002b14      0x118 Drivers\STM32F0xx_HAL_Driver\Src\stm32f0xx_hal_uart.o
                0x08002b14                HAL_UART_IRQHandler
 .text.USBD_CDC_DataIn
                0x08002c2c       0x16 Middlewares\ST\STM32_USB_Device_Library\Class\CDC\Src\usbd_cdc.o
 *fill*         0x08002c42        0x2 
 .text.USBD_CDC_EP0_RxReady
                0x08002c44       0x30 Middlewares\ST\STM32_USB_Device_Library\Class\CDC\Src\usbd_cdc.o
 .text.USBD_CDC_GetFSCfgDesc
                0x08002c74        0xc Middlewares\ST\STM32_USB_Device_Library\Class\CDC\Src\usbd_cdc.o
 .text.USBD_CDC_GetHSCfgDesc
                0x08002c80        0xc Middlewares\ST\STM32_USB_Device_Library\Class\CDC\Src\usbd_cdc.o
 .text.USBD_CDC_GetOtherSpeedCfgDesc
                0x08002c8c        0xc Middlewares\ST\STM32_USB_Device_Library\Class\CDC\Src\usbd_cdc.o
 .text.USBD_CDC_GetDeviceQualifierDescriptor
                0x08002c98        0xc Middlewares\ST\STM32_USB_Device_Library\Class\CDC\Src\usbd_cdc.o
                0x08002c98                USBD_CDC_GetDeviceQualifierDescriptor
 .text.USBD_CDC_DataOut
                0x08002ca4       0x34 Middlewares\ST\STM32_USB_Device_Library\Class\CDC\Src\usbd_cdc.o
 .text.USBD_CDC_Setup
                0x08002cd8       0x78 Middlewares\ST\STM32_USB_Device_Library\Class\CDC\Src\usbd_cdc.o
 .text.USBD_CDC_DeInit
                0x08002d50       0x3c Middlewares\ST\STM32_USB_Device_Library\Class\CDC\Src\usbd_cdc.o
 .text.USBD_CDC_Init
                0x08002d8c       0x90 Middlewares\ST\STM32_USB_Device_Library\Class\CDC\Src\usbd_cdc.o
 .text.USBD_CDC_RegisterInterface
                0x08002e1c       0x12 Middlewares\ST\STM32_USB_Device_Library\Class\CDC\Src\usbd_cdc.o
                0x08002e1c                USBD_CDC_RegisterInterface
 .text.USBD_CDC_SetTxBuffer
                0x08002e2e       0x16 Middlewares\ST\STM32_USB_Device_Library\Class\CDC\Src\usbd_cdc.o
                0x08002e2e                USBD_CDC_SetTxBuffer
 .text.USBD_CDC_SetRxBuffer
                0x08002e44        0xe Middlewares\ST\STM32_USB_Device_Library\Class\CDC\Src\usbd_cdc.o
                0x08002e44                USBD_CDC_SetRxBuffer
 .text.USBD_CDC_TransmitPacket
                0x08002e52       0x36 Middlewares\ST\STM32_USB_Device_Library\Class\CDC\Src\usbd_cdc.o
                0x08002e52                USBD_CDC_TransmitPacket
 .text.USBD_CDC_ReceivePacket
                0x08002e88       0x34 Middlewares\ST\STM32_USB_Device_Library\Class\CDC\Src\usbd_cdc.o
                0x08002e88                USBD_CDC_ReceivePacket
 .text.USBD_Init
                0x08002ebc       0x34 Middlewares\ST\STM32_USB_Device_Library\Core\Src\usbd_core.o
                0x08002ebc                USBD_Init
 .text.USBD_RegisterClass
                0x08002ef0       0x12 Middlewares\ST\STM32_USB_Device_Library\Core\Src\usbd_core.o
                0x08002ef0                USBD_RegisterClass
 .text.USBD_Start
                0x08002f02        0xa Middlewares\ST\STM32_USB_Device_Library\Core\Src\usbd_core.o
                0x08002f02                USBD_Start
 .text.USBD_SetClassConfig
                0x08002f0c       0x1a Middlewares\ST\STM32_USB_Device_Library\Core\Src\usbd_core.o
                0x08002f0c                USBD_SetClassConfig
 .text.USBD_ClrClassConfig
                0x08002f26       0x10 Middlewares\ST\STM32_USB_Device_Library\Core\Src\usbd_core.o
                0x08002f26                USBD_ClrClassConfig
 *fill*         0x08002f36        0x2 
 .text.USBD_LL_SetupStage
                0x08002f38       0x68 Middlewares\ST\STM32_USB_Device_Library\Core\Src\usbd_core.o
                0x08002f38                USBD_LL_SetupStage
 .text.USBD_LL_DataOutStage
                0x08002fa0       0x74 Middlewares\ST\STM32_USB_Device_Library\Core\Src\usbd_core.o
                0x08002fa0                USBD_LL_DataOutStage
 .text.USBD_LL_DataInStage
                0x08003014       0xac Middlewares\ST\STM32_USB_Device_Library\Core\Src\usbd_core.o
                0x08003014                USBD_LL_DataInStage
 .text.USBD_LL_Reset
                0x080030c0       0x46 Middlewares\ST\STM32_USB_Device_Library\Core\Src\usbd_core.o
                0x080030c0                USBD_LL_Reset
 .text.USBD_LL_SetSpeed
                0x08003106        0x6 Middlewares\ST\STM32_USB_Device_Library\Core\Src\usbd_core.o
                0x08003106                USBD_LL_SetSpeed
 .text.USBD_LL_Suspend
                0x0800310c       0x16 Middlewares\ST\STM32_USB_Device_Library\Core\Src\usbd_core.o
                0x0800310c                USBD_LL_Suspend
 .text.USBD_LL_Resume
                0x08003122        0xe Middlewares\ST\STM32_USB_Device_Library\Core\Src\usbd_core.o
                0x08003122                USBD_LL_Resume
 .text.USBD_LL_SOF
                0x08003130       0x1e Middlewares\ST\STM32_USB_Device_Library\Core\Src\usbd_core.o
                0x08003130                USBD_LL_SOF
 .text.USBD_CtlError.constprop.0
                0x0800314e       0x14 Middlewares\ST\STM32_USB_Device_Library\Core\Src\usbd_ctlreq.o
 *fill*         0x08003162        0x2 
 .text.USBD_StdDevReq
                0x08003164      0x224 Middlewares\ST\STM32_USB_Device_Library\Core\Src\usbd_ctlreq.o
                0x08003164                USBD_StdDevReq
 .text.USBD_StdItfReq
                0x08003388       0x38 Middlewares\ST\STM32_USB_Device_Library\Core\Src\usbd_ctlreq.o
                0x08003388                USBD_StdItfReq
 .text.USBD_StdEPReq
                0x080033c0       0xdc Middlewares\ST\STM32_USB_Device_Library\Core\Src\usbd_ctlreq.o
                0x080033c0                USBD_StdEPReq
 .text.USBD_ParseSetupRequest
                0x0800349c       0x28 Middlewares\ST\STM32_USB_Device_Library\Core\Src\usbd_ctlreq.o
                0x0800349c                USBD_ParseSetupRequest
 .text.USBD_GetString
                0x080034c4       0x3a Middlewares\ST\STM32_USB_Device_Library\Core\Src\usbd_ctlreq.o
                0x080034c4                USBD_GetString
 .text.USBD_CtlSendData
                0x080034fe       0x1c Middlewares\ST\STM32_USB_Device_Library\Core\Src\usbd_ioreq.o
                0x080034fe                USBD_CtlSendData
 .text.USBD_CtlContinueSendData
                0x0800351a       0x10 Middlewares\ST\STM32_USB_Device_Library\Core\Src\usbd_ioreq.o
                0x0800351a                USBD_CtlContinueSendData
 .text.USBD_CtlPrepareRx
                0x0800352a       0x20 Middlewares\ST\STM32_USB_Device_Library\Core\Src\usbd_ioreq.o
                0x0800352a                USBD_CtlPrepareRx
 .text.USBD_CtlContinueRx
                0x0800354a       0x10 Middlewares\ST\STM32_USB_Device_Library\Core\Src\usbd_ioreq.o
                0x0800354a                USBD_CtlContinueRx
 .text.USBD_CtlSendStatus
                0x0800355a       0x18 Middlewares\ST\STM32_USB_Device_Library\Core\Src\usbd_ioreq.o
                0x0800355a                USBD_CtlSendStatus
 .text.USBD_CtlReceiveStatus
                0x08003572       0x18 Middlewares\ST\STM32_USB_Device_Library\Core\Src\usbd_ioreq.o
                0x08003572                USBD_CtlReceiveStatus
 .text.osKernelStart
                0x0800358a        0xa Middlewares\Third_Party\FreeRTOS\Source\CMSIS_RTOS\cmsis_os.o
                0x0800358a                osKernelStart
 .text.osThreadCreate
                0x08003594       0x30 Middlewares\Third_Party\FreeRTOS\Source\CMSIS_RTOS\cmsis_os.o
                0x08003594                osThreadCreate
 .text.osDelay  0x080035c4       0x10 Middlewares\Third_Party\FreeRTOS\Source\CMSIS_RTOS\cmsis_os.o
                0x080035c4                osDelay
 .text.vListInitialise
                0x080035d4       0x16 Middlewares\Third_Party\FreeRTOS\Source\list.o
                0x080035d4                vListInitialise
 .text.vListInitialiseItem
                0x080035ea        0x6 Middlewares\Third_Party\FreeRTOS\Source\list.o
                0x080035ea                vListInitialiseItem
 .text.vListInsertEnd
                0x080035f0       0x18 Middlewares\Third_Party\FreeRTOS\Source\list.o
                0x080035f0                vListInsertEnd
 .text.vListInsert
                0x08003608       0x2e Middlewares\Third_Party\FreeRTOS\Source\list.o
                0x08003608                vListInsert
 .text.uxListRemove
                0x08003636       0x20 Middlewares\Third_Party\FreeRTOS\Source\list.o
                0x08003636                uxListRemove
 *fill*         0x08003656        0x2 
 .text.prvTaskExitError
                0x08003658       0x14 Middlewares\Third_Party\FreeRTOS\Source\portable\GCC\ARM_CM0\port.o
 *fill*         0x0800366c        0x4 
 .text.vPortStartFirstTask
                0x08003670       0x34 Middlewares\Third_Party\FreeRTOS\Source\portable\GCC\ARM_CM0\port.o
 .text.pxPortInitialiseStack
                0x080036a4       0x20 Middlewares\Third_Party\FreeRTOS\Source\portable\GCC\ARM_CM0\port.o
                0x080036a4                pxPortInitialiseStack
 .text.SVC_Handler
                0x080036c4        0x2 Middlewares\Third_Party\FreeRTOS\Source\portable\GCC\ARM_CM0\port.o
                0x080036c4                SVC_Handler
 *fill*         0x080036c6        0x2 
 .text.vPortYield
                0x080036c8       0x18 Middlewares\Third_Party\FreeRTOS\Source\portable\GCC\ARM_CM0\port.o
                0x080036c8                vPortYield
 .text.vPortEnterCritical
                0x080036e0       0x18 Middlewares\Third_Party\FreeRTOS\Source\portable\GCC\ARM_CM0\port.o
                0x080036e0                vPortEnterCritical
 .text.vPortExitCritical
                0x080036f8       0x1c Middlewares\Third_Party\FreeRTOS\Source\portable\GCC\ARM_CM0\port.o
                0x080036f8                vPortExitCritical
 .text.ulSetInterruptMaskFromISR
                0x08003714        0xa Middlewares\Third_Party\FreeRTOS\Source\portable\GCC\ARM_CM0\port.o
                0x08003714                ulSetInterruptMaskFromISR
 .text.vClearInterruptMaskFromISR
                0x0800371e        0x6 Middlewares\Third_Party\FreeRTOS\Source\portable\GCC\ARM_CM0\port.o
                0x0800371e                vClearInterruptMaskFromISR
 *fill*         0x08003724        0xc 
 .text.PendSV_Handler
                0x08003730       0x44 Middlewares\Third_Party\FreeRTOS\Source\portable\GCC\ARM_CM0\port.o
                0x08003730                PendSV_Handler
 .text.SysTick_Handler
                0x08003774       0x24 Middlewares\Third_Party\FreeRTOS\Source\portable\GCC\ARM_CM0\port.o
                0x08003774                SysTick_Handler
 .text.vPortSetupTimerInterrupt
                0x08003798       0x28 Middlewares\Third_Party\FreeRTOS\Source\portable\GCC\ARM_CM0\port.o
                0x08003798                vPortSetupTimerInterrupt
 .text.xPortStartScheduler
                0x080037c0       0x34 Middlewares\Third_Party\FreeRTOS\Source\portable\GCC\ARM_CM0\port.o
                0x080037c0                xPortStartScheduler
 .text.unlikely.prvInsertBlockIntoFreeList
                0x080037f4       0x48 Middlewares\Third_Party\FreeRTOS\Source\portable\MemMang\heap_4.o
 .text.pvPortMalloc
                0x0800383c      0x104 Middlewares\Third_Party\FreeRTOS\Source\portable\MemMang\heap_4.o
                0x0800383c                pvPortMalloc
 .text.vPortFree
                0x08003940       0x48 Middlewares\Third_Party\FreeRTOS\Source\portable\MemMang\heap_4.o
                0x08003940                vPortFree
 .text.prvResetNextTaskUnblockTime
                0x08003988       0x28 Middlewares\Third_Party\FreeRTOS\Source\tasks.o
 .text.prvAddCurrentTaskToDelayedList
                0x080039b0       0x70 Middlewares\Third_Party\FreeRTOS\Source\tasks.o
 .text.xTaskCreate
                0x08003a20      0x188 Middlewares\Third_Party\FreeRTOS\Source\tasks.o
                0x08003a20                xTaskCreate
 .text.vTaskStartScheduler
                0x08003ba8       0x54 Middlewares\Third_Party\FreeRTOS\Source\tasks.o
                0x08003ba8                vTaskStartScheduler
 .text.vTaskSuspendAll
                0x08003bfc       0x10 Middlewares\Third_Party\FreeRTOS\Source\tasks.o
                0x08003bfc                vTaskSuspendAll
 .text.xTaskIncrementTick
                0x08003c0c       0xfc Middlewares\Third_Party\FreeRTOS\Source\tasks.o
                0x08003c0c                xTaskIncrementTick
 .text.xTaskResumeAll
                0x08003d08       0xd0 Middlewares\Third_Party\FreeRTOS\Source\tasks.o
                0x08003d08                xTaskResumeAll
 .text.vTaskDelay
                0x08003dd8       0x34 Middlewares\Third_Party\FreeRTOS\Source\tasks.o
                0x08003dd8                vTaskDelay
 .text.prvIdleTask
                0x08003e0c       0x68 Middlewares\Third_Party\FreeRTOS\Source\tasks.o
 .text.vTaskSwitchContext
                0x08003e74       0x6c Middlewares\Third_Party\FreeRTOS\Source\tasks.o
                0x08003e74                vTaskSwitchContext
 .text.MX_USB_DEVICE_Init
                0x08003ee0       0x58 USB_DEVICE\App\usb_device.o
                0x08003ee0                MX_USB_DEVICE_Init
 .text.CDC_DeInit_FS
                0x08003f38        0x4 USB_DEVICE\App\usbd_cdc_if.o
 .text.CDC_Control_FS
                0x08003f3c        0x4 USB_DEVICE\App\usbd_cdc_if.o
 .text.CDC_Receive_FS
                0x08003f40       0x1c USB_DEVICE\App\usbd_cdc_if.o
 .text.CDC_Init_FS
                0x08003f5c       0x28 USB_DEVICE\App\usbd_cdc_if.o
 .text.CDC_Transmit_FS
                0x08003f84       0x2c USB_DEVICE\App\usbd_cdc_if.o
                0x08003f84                CDC_Transmit_FS
 .text.USBD_FS_DeviceDescriptor
                0x08003fb0        0xc USB_DEVICE\App\usbd_desc.o
                0x08003fb0                USBD_FS_DeviceDescriptor
 .text.USBD_FS_LangIDStrDescriptor
                0x08003fbc        0xc USB_DEVICE\App\usbd_desc.o
                0x08003fbc                USBD_FS_LangIDStrDescriptor
 .text.IntToUnicode
                0x08003fc8       0x24 USB_DEVICE\App\usbd_desc.o
 .text.USBD_FS_SerialStrDescriptor
                0x08003fec       0x44 USB_DEVICE\App\usbd_desc.o
                0x08003fec                USBD_FS_SerialStrDescriptor
 .text.USBD_FS_ManufacturerStrDescriptor
                0x08004030       0x1c USB_DEVICE\App\usbd_desc.o
                0x08004030                USBD_FS_ManufacturerStrDescriptor
 .text.USBD_FS_ProductStrDescriptor
                0x0800404c       0x1c USB_DEVICE\App\usbd_desc.o
                0x0800404c                USBD_FS_ProductStrDescriptor
 .text.USBD_FS_ConfigStrDescriptor
                0x08004068       0x1c USB_DEVICE\App\usbd_desc.o
                0x08004068                USBD_FS_ConfigStrDescriptor
 .text.USBD_FS_InterfaceStrDescriptor
                0x08004084       0x1c USB_DEVICE\App\usbd_desc.o
                0x08004084                USBD_FS_InterfaceStrDescriptor
 .text.HAL_PCD_MspInit
                0x080040a0       0x38 USB_DEVICE\Target\usbd_conf.o
                0x080040a0                HAL_PCD_MspInit
 .text.HAL_PCD_SetupStageCallback
                0x080040d8       0x14 USB_DEVICE\Target\usbd_conf.o
                0x080040d8                HAL_PCD_SetupStageCallback
 .text.HAL_PCD_DataOutStageCallback
                0x080040ec       0x18 USB_DEVICE\Target\usbd_conf.o
                0x080040ec                HAL_PCD_DataOutStageCallback
 .text.HAL_PCD_DataInStageCallback
                0x08004104       0x16 USB_DEVICE\Target\usbd_conf.o
                0x08004104                HAL_PCD_DataInStageCallback
 .text.HAL_PCD_SOFCallback
                0x0800411a        0xe USB_DEVICE\Target\usbd_conf.o
                0x0800411a                HAL_PCD_SOFCallback
 .text.HAL_PCD_ResetCallback
                0x08004128       0x22 USB_DEVICE\Target\usbd_conf.o
                0x08004128                HAL_PCD_ResetCallback
 *fill*         0x0800414a        0x2 
 .text.HAL_PCD_SuspendCallback
                0x0800414c       0x24 USB_DEVICE\Target\usbd_conf.o
                0x0800414c                HAL_PCD_SuspendCallback
 .text.HAL_PCD_ResumeCallback
                0x08004170       0x28 USB_DEVICE\Target\usbd_conf.o
                0x08004170                HAL_PCD_ResumeCallback
 .text.USBD_LL_Init
                0x08004198       0x80 USB_DEVICE\Target\usbd_conf.o
                0x08004198                USBD_LL_Init
 .text.USBD_LL_Start
                0x08004218       0x20 USB_DEVICE\Target\usbd_conf.o
                0x08004218                USBD_LL_Start
 .text.USBD_LL_OpenEP
                0x08004238       0x24 USB_DEVICE\Target\usbd_conf.o
                0x08004238                USBD_LL_OpenEP
 .text.USBD_LL_CloseEP
                0x0800425c       0x20 USB_DEVICE\Target\usbd_conf.o
                0x0800425c                USBD_LL_CloseEP
 .text.USBD_LL_StallEP
                0x0800427c       0x20 USB_DEVICE\Target\usbd_conf.o
                0x0800427c                USBD_LL_StallEP
 .text.USBD_LL_ClearStallEP
                0x0800429c       0x20 USB_DEVICE\Target\usbd_conf.o
                0x0800429c                USBD_LL_ClearStallEP
 .text.USBD_LL_IsStallEP
                0x080042bc       0x26 USB_DEVICE\Target\usbd_conf.o
                0x080042bc                USBD_LL_IsStallEP
 *fill*         0x080042e2        0x2 
 .text.USBD_LL_SetUSBAddress
                0x080042e4       0x20 USB_DEVICE\Target\usbd_conf.o
                0x080042e4                USBD_LL_SetUSBAddress
 .text.USBD_LL_Transmit
                0x08004304       0x20 USB_DEVICE\Target\usbd_conf.o
                0x08004304                USBD_LL_Transmit
 .text.USBD_LL_PrepareReceive
                0x08004324       0x20 USB_DEVICE\Target\usbd_conf.o
                0x08004324                USBD_LL_PrepareReceive
 .text.USBD_LL_GetRxDataSize
                0x08004344        0xe USB_DEVICE\Target\usbd_conf.o
                0x08004344                USBD_LL_GetRxDataSize
 *fill*         0x08004352        0x2 
 .text.USBD_static_malloc
                0x08004354        0x8 USB_DEVICE\Target\usbd_conf.o
                0x08004354                USBD_static_malloc
 .text.USBD_static_free
                0x0800435c        0x2 USB_DEVICE\Target\usbd_conf.o
                0x0800435c                USBD_static_free
 *fill*         0x0800435e        0x2 
 .text.Reset_Handler
                0x08004360       0x50 startup\startup_stm32f070xb.o
                0x08004360                Reset_Handler
 .text.Default_Handler
                0x080043b0        0x2 startup\startup_stm32f070xb.o
                0x080043b0                TIM1_CC_IRQHandler
                0x080043b0                TIM6_IRQHandler
                0x080043b0                I2C1_IRQHandler
                0x080043b0                SPI1_IRQHandler
                0x080043b0                EXTI2_3_IRQHandler
                0x080043b0                ADC1_IRQHandler
                0x080043b0                I2C2_IRQHandler
                0x080043b0                TIM17_IRQHandler
                0x080043b0                RTC_IRQHandler
                0x080043b0                TIM16_IRQHandler
                0x080043b0                TIM3_IRQHandler
                0x080043b0                EXTI4_15_IRQHandler
                0x080043b0                RCC_IRQHandler
                0x080043b0                DMA1_Channel1_IRQHandler
                0x080043b0                Default_Handler
                0x080043b0                TIM14_IRQHandler
                0x080043b0                DMA1_Channel4_5_IRQHandler
                0x080043b0                TIM7_IRQHandler
                0x080043b0                TIM15_IRQHandler
                0x080043b0                EXTI0_1_IRQHandler
                0x080043b0                SPI2_IRQHandler
                0x080043b0                WWDG_IRQHandler
                0x080043b0                DMA1_Channel2_3_IRQHandler
                0x080043b0                FLASH_IRQHandler
                0x080043b0                USART1_IRQHandler
 *fill*         0x080043b2        0x2 
 .text.__errno  0x080043b4        0xc c:/program files (x86)/atollic/truestudio for stm32 9.2.0/armtools/bin/../lib/gcc/arm-atollic-eabi/6.3.1/../../../../arm-atollic-eabi/lib/armv6-m\libc_nano.a(lib_a-errno.o)
                0x080043b4                __errno
 .text.__libc_init_array
                0x080043c0       0x48 c:/program files (x86)/atollic/truestudio for stm32 9.2.0/armtools/bin/../lib/gcc/arm-atollic-eabi/6.3.1/../../../../arm-atollic-eabi/lib/armv6-m\libc_nano.a(lib_a-init.o)
                0x080043c0                __libc_init_array
 .text.memcpy   0x08004408       0x12 c:/program files (x86)/atollic/truestudio for stm32 9.2.0/armtools/bin/../lib/gcc/arm-atollic-eabi/6.3.1/../../../../arm-atollic-eabi/lib/armv6-m\libc_nano.a(lib_a-memcpy-stub.o)
                0x08004408                memcpy
 .text.memset   0x0800441a       0x10 c:/program files (x86)/atollic/truestudio for stm32 9.2.0/armtools/bin/../lib/gcc/arm-atollic-eabi/6.3.1/../../../../arm-atollic-eabi/lib/armv6-m\libc_nano.a(lib_a-memset.o)
                0x0800441a                memset
 *fill*         0x0800442a        0x2 
 .text.sprintf  0x0800442c       0x44 c:/program files (x86)/atollic/truestudio for stm32 9.2.0/armtools/bin/../lib/gcc/arm-atollic-eabi/6.3.1/../../../../arm-atollic-eabi/lib/armv6-m\libc_nano.a(lib_a-sprintf.o)
                0x0800442c                siprintf
                0x0800442c                sprintf
 .text.strstr   0x08004470       0x30 c:/program files (x86)/atollic/truestudio for stm32 9.2.0/armtools/bin/../lib/gcc/arm-atollic-eabi/6.3.1/../../../../arm-atollic-eabi/lib/armv6-m\libc_nano.a(lib_a-strstr.o)
                0x08004470                strstr
 .text.__ssputs_r
                0x080044a0       0xc4 c:/program files (x86)/atollic/truestudio for stm32 9.2.0/armtools/bin/../lib/gcc/arm-atollic-eabi/6.3.1/../../../../arm-atollic-eabi/lib/armv6-m\libc_nano.a(lib_a-nano-svfprintf.o)
                0x080044a0                __ssputs_r
 .text._svfprintf_r
                0x08004564      0x208 c:/program files (x86)/atollic/truestudio for stm32 9.2.0/armtools/bin/../lib/gcc/arm-atollic-eabi/6.3.1/../../../../arm-atollic-eabi/lib/armv6-m\libc_nano.a(lib_a-nano-svfprintf.o)
                0x08004564                _svfiprintf_r
                0x08004564                _svfprintf_r
 .text._printf_common
                0x0800476c       0xda c:/program files (x86)/atollic/truestudio for stm32 9.2.0/armtools/bin/../lib/gcc/arm-atollic-eabi/6.3.1/../../../../arm-atollic-eabi/lib/armv6-m\libc_nano.a(lib_a-nano-vfprintf_i.o)
                0x0800476c                _printf_common
 *fill*         0x08004846        0x2 
 .text._printf_i
                0x08004848      0x234 c:/program files (x86)/atollic/truestudio for stm32 9.2.0/armtools/bin/../lib/gcc/arm-atollic-eabi/6.3.1/../../../../arm-atollic-eabi/lib/armv6-m\libc_nano.a(lib_a-nano-vfprintf_i.o)
                0x08004848                _printf_i
 .text.memchr   0x08004a7c       0x16 c:/program files (x86)/atollic/truestudio for stm32 9.2.0/armtools/bin/../lib/gcc/arm-atollic-eabi/6.3.1/../../../../arm-atollic-eabi/lib/armv6-m\libc_nano.a(lib_a-memchr-stub.o)
                0x08004a7c                memchr
 .text.memmove  0x08004a92       0x24 c:/program files (x86)/atollic/truestudio for stm32 9.2.0/armtools/bin/../lib/gcc/arm-atollic-eabi/6.3.1/../../../../arm-atollic-eabi/lib/armv6-m\libc_nano.a(lib_a-memmove.o)
                0x08004a92                memmove
 *fill*         0x08004ab6        0x2 
 .text._free_r  0x08004ab8       0x94 c:/program files (x86)/atollic/truestudio for stm32 9.2.0/armtools/bin/../lib/gcc/arm-atollic-eabi/6.3.1/../../../../arm-atollic-eabi/lib/armv6-m\libc_nano.a(lib_a-nano-freer.o)
                0x08004ab8                _free_r
 .text._malloc_r
                0x08004b4c       0xbc c:/program files (x86)/atollic/truestudio for stm32 9.2.0/armtools/bin/../lib/gcc/arm-atollic-eabi/6.3.1/../../../../arm-atollic-eabi/lib/armv6-m\libc_nano.a(lib_a-nano-mallocr.o)
                0x08004b4c                _malloc_r
 .text._realloc_r
                0x08004c08       0x4c c:/program files (x86)/atollic/truestudio for stm32 9.2.0/armtools/bin/../lib/gcc/arm-atollic-eabi/6.3.1/../../../../arm-atollic-eabi/lib/armv6-m\libc_nano.a(lib_a-nano-reallocr.o)
                0x08004c08                _realloc_r
 .text._sbrk_r  0x08004c54       0x24 c:/program files (x86)/atollic/truestudio for stm32 9.2.0/armtools/bin/../lib/gcc/arm-atollic-eabi/6.3.1/../../../../arm-atollic-eabi/lib/armv6-m\libc_nano.a(lib_a-sbrkr.o)
                0x08004c54                _sbrk_r
 .text.__malloc_lock
                0x08004c78        0x2 c:/program files (x86)/atollic/truestudio for stm32 9.2.0/armtools/bin/../lib/gcc/arm-atollic-eabi/6.3.1/../../../../arm-atollic-eabi/lib/armv6-m\libc_nano.a(lib_a-mlock.o)
                0x08004c78                __malloc_lock
 .text.__malloc_unlock
                0x08004c7a        0x2 c:/program files (x86)/atollic/truestudio for stm32 9.2.0/armtools/bin/../lib/gcc/arm-atollic-eabi/6.3.1/../../../../arm-atollic-eabi/lib/armv6-m\libc_nano.a(lib_a-mlock.o)
                0x08004c7a                __malloc_unlock
 .text._malloc_usable_size_r
                0x08004c7c       0x10 c:/program files (x86)/atollic/truestudio for stm32 9.2.0/armtools/bin/../lib/gcc/arm-atollic-eabi/6.3.1/../../../../arm-atollic-eabi/lib/armv6-m\libc_nano.a(lib_a-nano-msizer.o)
                0x08004c7c                _malloc_usable_size_r
 *(.glue_7)
 .glue_7        0x08004c8c        0x0 linker stubs
 *(.glue_7t)
 .glue_7t       0x08004c8c        0x0 linker stubs
 *(.eh_frame)
 .eh_frame      0x08004c8c        0x0 c:/program files (x86)/atollic/truestudio for stm32 9.2.0/armtools/bin/../lib/gcc/arm-atollic-eabi/6.3.1/armv6-m/crtbegin.o
 *(.init)
 .init          0x08004c8c        0x4 c:/program files (x86)/atollic/truestudio for stm32 9.2.0/armtools/bin/../lib/gcc/arm-atollic-eabi/6.3.1/armv6-m/crti.o
                0x08004c8c                _init
 .init          0x08004c90        0x8 c:/program files (x86)/atollic/truestudio for stm32 9.2.0/armtools/bin/../lib/gcc/arm-atollic-eabi/6.3.1/armv6-m/crtn.o
 *(.fini)
 .fini          0x08004c98        0x4 c:/program files (x86)/atollic/truestudio for stm32 9.2.0/armtools/bin/../lib/gcc/arm-atollic-eabi/6.3.1/armv6-m/crti.o
                0x08004c98                _fini
 .fini          0x08004c9c        0x8 c:/program files (x86)/atollic/truestudio for stm32 9.2.0/armtools/bin/../lib/gcc/arm-atollic-eabi/6.3.1/armv6-m/crtn.o
                0x08004ca4                . = ALIGN (0x4)
                0x08004ca4                _etext = .

.vfp11_veneer   0x08004ca4        0x0
 .vfp11_veneer  0x08004ca4        0x0 linker stubs

.v4_bx          0x08004ca4        0x0
 .v4_bx         0x08004ca4        0x0 linker stubs

.iplt           0x08004ca4        0x0
 .iplt          0x08004ca4        0x0 c:/program files (x86)/atollic/truestudio for stm32 9.2.0/armtools/bin/../lib/gcc/arm-atollic-eabi/6.3.1/armv6-m/crtbegin.o

.rodata         0x08004ca4      0x1fc
                0x08004ca4                . = ALIGN (0x4)
 *(.rodata)
 .rodata        0x08004ca4       0x28 Core\Src\freertos.o
 .rodata        0x08004ccc       0x20 Drivers\STM32F0xx_HAL_Driver\Src\stm32f0xx_hal_rcc.o
 *(.rodata*)
 .rodata.StartDefaultTask.str1.1
                0x08004cec       0x82 Core\Src\freertos.o
 .rodata.str1.1
                0x08004d6e       0x5b Core\Src\freertos.o
 .rodata.lora_module_join_otaa.str1.1
                0x08004dc9        0xe Core\Src\lora.o
 .rodata.lora_module_reboot.str1.1
                0x08004dd7        0xa Core\Src\lora.o
                                  0xf (size before relaxing)
 .rodata.lora_module_send_command.str1.1
                0x08004de1        0x8 Core\Src\lora.o
 .rodata.lora_module_set_gpio.str1.1
                0x08004de9       0x1a Core\Src\lora.o
 .rodata.AHBPrescTable
                0x08004e03       0x10 Core\Src\system_stm32f0xx.o
                0x08004e03                AHBPrescTable
 .rodata.APBPrescTable
                0x08004e13        0x8 Core\Src\system_stm32f0xx.o
                0x08004e13                APBPrescTable
 .rodata.CSWTCH.50
                0x08004e1b        0x4 Drivers\STM32F0xx_HAL_Driver\Src\stm32f0xx_hal_uart.o
 .rodata.vTaskStartScheduler.str1.1
                0x08004e1f        0x5 Middlewares\Third_Party\FreeRTOS\Source\tasks.o
 .rodata.USBD_FS_ConfigStrDescriptor.str1.1
                0x08004e24        0xb USB_DEVICE\App\usbd_desc.o
 .rodata.USBD_FS_InterfaceStrDescriptor.str1.1
                0x08004e2f        0xe USB_DEVICE\App\usbd_desc.o
 .rodata.USBD_FS_ManufacturerStrDescriptor.str1.1
                0x08004e3d       0x13 USB_DEVICE\App\usbd_desc.o
 .rodata.USBD_FS_ProductStrDescriptor.str1.1
                0x08004e50       0x16 USB_DEVICE\App\usbd_desc.o
 .rodata.CSWTCH.4
                0x08004e66        0x4 USB_DEVICE\Target\usbd_conf.o
 .rodata._svfprintf_r.str1.1
                0x08004e6a       0x11 c:/program files (x86)/atollic/truestudio for stm32 9.2.0/armtools/bin/../lib/gcc/arm-atollic-eabi/6.3.1/../../../../arm-atollic-eabi/lib/armv6-m\libc_nano.a(lib_a-nano-svfprintf.o)
 .rodata._printf_i.str1.1
                0x08004e7b       0x22 c:/program files (x86)/atollic/truestudio for stm32 9.2.0/armtools/bin/../lib/gcc/arm-atollic-eabi/6.3.1/../../../../arm-atollic-eabi/lib/armv6-m\libc_nano.a(lib_a-nano-vfprintf_i.o)
                0x08004ea0                . = ALIGN (0x4)
 *fill*         0x08004e9d        0x3 

.rel.dyn        0x08004ea0        0x0
 .rel.iplt      0x08004ea0        0x0 c:/program files (x86)/atollic/truestudio for stm32 9.2.0/armtools/bin/../lib/gcc/arm-atollic-eabi/6.3.1/armv6-m/crtbegin.o

.ARM.extab
 *(.ARM.extab* .gnu.linkonce.armextab.*)

.ARM            0x08004ea0        0x0
                0x08004ea0                __exidx_start = .
 *(.ARM.exidx*)
                0x08004ea0                __exidx_end = .

.preinit_array  0x08004ea0        0x0
                0x08004ea0                PROVIDE (__preinit_array_start, .)
 *(.preinit_array*)
                0x08004ea0                PROVIDE (__preinit_array_end, .)

.init_array     0x08004ea0        0x4
                0x08004ea0                PROVIDE (__init_array_start, .)
 *(SORT(.init_array.*))
 *(.init_array*)
 .init_array    0x08004ea0        0x4 c:/program files (x86)/atollic/truestudio for stm32 9.2.0/armtools/bin/../lib/gcc/arm-atollic-eabi/6.3.1/armv6-m/crtbegin.o
                0x08004ea4                PROVIDE (__init_array_end, .)

.fini_array     0x08004ea4        0x4
                [!provide]                PROVIDE (__fini_array_start, .)
 *(SORT(.fini_array.*))
 *(.fini_array*)
 .fini_array    0x08004ea4        0x4 c:/program files (x86)/atollic/truestudio for stm32 9.2.0/armtools/bin/../lib/gcc/arm-atollic-eabi/6.3.1/armv6-m/crtbegin.o
                [!provide]                PROVIDE (__fini_array_end, .)
                0x08004ea8                _sidata = LOADADDR (.data)

.data           0x20000000      0x1e8 load address 0x08004ea8
                0x20000000                . = ALIGN (0x4)
                0x20000000                _sdata = .
 *(.data)
 *(.data*)
 .data.appEui   0x20000000        0x4 Core\Src\freertos.o
                0x20000000                appEui
 .data.appKey   0x20000004        0x4 Core\Src\freertos.o
                0x20000004                appKey
 .data.hweui    0x20000008        0x4 Core\Src\freertos.o
                0x20000008                hweui
 .data.SystemCoreClock
                0x2000000c        0x4 Core\Src\system_stm32f0xx.o
                0x2000000c                SystemCoreClock
 .data.USBD_CDC
                0x20000010       0x38 Middlewares\ST\STM32_USB_Device_Library\Class\CDC\Src\usbd_cdc.o
                0x20000010                USBD_CDC
 .data.USBD_CDC_CfgFSDesc
                0x20000048       0x43 Middlewares\ST\STM32_USB_Device_Library\Class\CDC\Src\usbd_cdc.o
                0x20000048                USBD_CDC_CfgFSDesc
 *fill*         0x2000008b        0x1 
 .data.USBD_CDC_CfgHSDesc
                0x2000008c       0x43 Middlewares\ST\STM32_USB_Device_Library\Class\CDC\Src\usbd_cdc.o
                0x2000008c                USBD_CDC_CfgHSDesc
 *fill*         0x200000cf        0x1 
 .data.USBD_CDC_DeviceQualifierDesc
                0x200000d0        0xa Middlewares\ST\STM32_USB_Device_Library\Class\CDC\Src\usbd_cdc.o
 *fill*         0x200000da        0x2 
 .data.USBD_CDC_OtherSpeedCfgDesc
                0x200000dc       0x43 Middlewares\ST\STM32_USB_Device_Library\Class\CDC\Src\usbd_cdc.o
                0x200000dc                USBD_CDC_OtherSpeedCfgDesc
 *fill*         0x2000011f        0x1 
 .data.uxCriticalNesting
                0x20000120        0x4 Middlewares\Third_Party\FreeRTOS\Source\portable\GCC\ARM_CM0\port.o
 .data.USBD_Interface_fops_FS
                0x20000124       0x10 USB_DEVICE\App\usbd_cdc_if.o
                0x20000124                USBD_Interface_fops_FS
 .data.FS_Desc  0x20000134       0x1c USB_DEVICE\App\usbd_desc.o
                0x20000134                FS_Desc
 .data.USBD_FS_DeviceDesc
                0x20000150       0x12 USB_DEVICE\App\usbd_desc.o
                0x20000150                USBD_FS_DeviceDesc
 *fill*         0x20000162        0x2 
 .data.USBD_LangIDDesc
                0x20000164        0x4 USB_DEVICE\App\usbd_desc.o
                0x20000164                USBD_LangIDDesc
 .data.USBD_StringSerial
                0x20000168       0x1a USB_DEVICE\App\usbd_desc.o
                0x20000168                USBD_StringSerial
 *fill*         0x20000182        0x2 
 .data._impure_ptr
                0x20000184        0x4 c:/program files (x86)/atollic/truestudio for stm32 9.2.0/armtools/bin/../lib/gcc/arm-atollic-eabi/6.3.1/../../../../arm-atollic-eabi/lib/armv6-m\libc_nano.a(lib_a-impure.o)
                0x20000184                _impure_ptr
 .data.impure_data
                0x20000188       0x60 c:/program files (x86)/atollic/truestudio for stm32 9.2.0/armtools/bin/../lib/gcc/arm-atollic-eabi/6.3.1/../../../../arm-atollic-eabi/lib/armv6-m\libc_nano.a(lib_a-impure.o)
                0x200001e8                . = ALIGN (0x4)
                0x200001e8                _edata = .

.igot.plt       0x200001e8        0x0 load address 0x08005090
 .igot.plt      0x200001e8        0x0 c:/program files (x86)/atollic/truestudio for stm32 9.2.0/armtools/bin/../lib/gcc/arm-atollic-eabi/6.3.1/armv6-m/crtbegin.o
                0x200001e8                . = ALIGN (0x4)

.bss            0x200001e8     0x1f24 load address 0x08005090
                0x200001e8                _sbss = .
                0x200001e8                __bss_start__ = _sbss
 *(.bss)
 .bss           0x200001e8       0x1c c:/program files (x86)/atollic/truestudio for stm32 9.2.0/armtools/bin/../lib/gcc/arm-atollic-eabi/6.3.1/armv6-m/crtbegin.o
 *(.bss*)
 .bss.heap_end.5887
                0x20000204        0x4 Core\Src\syscalls.o
 .bss.ifalt.7942
                0x20000208        0x1 Middlewares\ST\STM32_USB_Device_Library\Class\CDC\Src\usbd_cdc.o
 .bss.cfgidx.7947
                0x20000209        0x1 Middlewares\ST\STM32_USB_Device_Library\Core\Src\usbd_ctlreq.o
 *fill*         0x2000020a        0x2 
 .bss.pxEnd     0x2000020c        0x4 Middlewares\Third_Party\FreeRTOS\Source\portable\MemMang\heap_4.o
 .bss.ucHeap    0x20000210      0xc00 Middlewares\Third_Party\FreeRTOS\Source\portable\MemMang\heap_4.o
 .bss.xBlockAllocatedBit
                0x20000e10        0x4 Middlewares\Third_Party\FreeRTOS\Source\portable\MemMang\heap_4.o
 .bss.xFreeBytesRemaining
                0x20000e14        0x4 Middlewares\Third_Party\FreeRTOS\Source\portable\MemMang\heap_4.o
 .bss.xMinimumEverFreeBytesRemaining
                0x20000e18        0x4 Middlewares\Third_Party\FreeRTOS\Source\portable\MemMang\heap_4.o
 .bss.xStart    0x20000e1c        0x8 Middlewares\Third_Party\FreeRTOS\Source\portable\MemMang\heap_4.o
 .bss.pxCurrentTCB
                0x20000e24        0x4 Middlewares\Third_Party\FreeRTOS\Source\tasks.o
                0x20000e24                pxCurrentTCB
 .bss.pxDelayedTaskList
                0x20000e28        0x4 Middlewares\Third_Party\FreeRTOS\Source\tasks.o
 .bss.pxOverflowDelayedTaskList
                0x20000e2c        0x4 Middlewares\Third_Party\FreeRTOS\Source\tasks.o
 .bss.pxReadyTasksLists
                0x20000e30       0x8c Middlewares\Third_Party\FreeRTOS\Source\tasks.o
 .bss.uxCurrentNumberOfTasks
                0x20000ebc        0x4 Middlewares\Third_Party\FreeRTOS\Source\tasks.o
 .bss.uxDeletedTasksWaitingCleanUp
                0x20000ec0        0x4 Middlewares\Third_Party\FreeRTOS\Source\tasks.o
 .bss.uxPendedTicks
                0x20000ec4        0x4 Middlewares\Third_Party\FreeRTOS\Source\tasks.o
 .bss.uxSchedulerSuspended
                0x20000ec8        0x4 Middlewares\Third_Party\FreeRTOS\Source\tasks.o
 .bss.uxTaskNumber
                0x20000ecc        0x4 Middlewares\Third_Party\FreeRTOS\Source\tasks.o
 .bss.uxTopReadyPriority
                0x20000ed0        0x4 Middlewares\Third_Party\FreeRTOS\Source\tasks.o
 .bss.xDelayedTaskList1
                0x20000ed4       0x14 Middlewares\Third_Party\FreeRTOS\Source\tasks.o
 .bss.xDelayedTaskList2
                0x20000ee8       0x14 Middlewares\Third_Party\FreeRTOS\Source\tasks.o
 .bss.xIdleTaskHandle
                0x20000efc        0x4 Middlewares\Third_Party\FreeRTOS\Source\tasks.o
 .bss.xNextTaskUnblockTime
                0x20000f00        0x4 Middlewares\Third_Party\FreeRTOS\Source\tasks.o
 .bss.xNumOfOverflows
                0x20000f04        0x4 Middlewares\Third_Party\FreeRTOS\Source\tasks.o
 .bss.xPendingReadyList
                0x20000f08       0x14 Middlewares\Third_Party\FreeRTOS\Source\tasks.o
 .bss.xSchedulerRunning
                0x20000f1c        0x4 Middlewares\Third_Party\FreeRTOS\Source\tasks.o
 .bss.xSuspendedTaskList
                0x20000f20       0x14 Middlewares\Third_Party\FreeRTOS\Source\tasks.o
 .bss.xTasksWaitingTermination
                0x20000f34       0x14 Middlewares\Third_Party\FreeRTOS\Source\tasks.o
 .bss.xTickCount
                0x20000f48        0x4 Middlewares\Third_Party\FreeRTOS\Source\tasks.o
 .bss.xYieldPending
                0x20000f4c        0x4 Middlewares\Third_Party\FreeRTOS\Source\tasks.o
 .bss.mem.8034  0x20000f50      0x220 USB_DEVICE\Target\usbd_conf.o
 .bss.__malloc_free_list
                0x20001170        0x4 c:/program files (x86)/atollic/truestudio for stm32 9.2.0/armtools/bin/../lib/gcc/arm-atollic-eabi/6.3.1/../../../../arm-atollic-eabi/lib/armv6-m\libc_nano.a(lib_a-nano-mallocr.o)
                0x20001170                __malloc_free_list
 .bss.__malloc_sbrk_start
                0x20001174        0x4 c:/program files (x86)/atollic/truestudio for stm32 9.2.0/armtools/bin/../lib/gcc/arm-atollic-eabi/6.3.1/../../../../arm-atollic-eabi/lib/armv6-m\libc_nano.a(lib_a-nano-mallocr.o)
                0x20001174                __malloc_sbrk_start
 *(COMMON)
 COMMON         0x20001178        0x9 Core\Src\freertos.o
                0x20001178                serviceTaskHandle
                0x2000117c                defaultTaskHandle
                0x20001180                uart_rx_flag
 *fill*         0x20001181        0x3 
 COMMON         0x20001184       0x4c Core\Src\i2c.o
                0x20001184                hi2c1
 COMMON         0x200011d0       0x40 Core\Src\stm32f0xx_hal_timebase_tim.o
                0x200011d0                htim1
 COMMON         0x20001210       0xe0 Core\Src\usart.o
                0x20001210                huart3
                0x20001280                huart2
 COMMON         0x200012f0        0x4 Drivers\STM32F0xx_HAL_Driver\Src\stm32f0xx_hal.o
                0x200012f0                uwTick
 COMMON         0x200012f4      0x224 USB_DEVICE\App\usb_device.o
                0x200012f4                hUsbDeviceFS
 COMMON         0x20001518      0x7d0 USB_DEVICE\App\usbd_cdc_if.o
                0x20001518                UserRxBufferFS
                0x20001900                UserTxBufferFS
 COMMON         0x20001ce8      0x200 USB_DEVICE\App\usbd_desc.o
                0x20001ce8                USBD_StrDesc
 COMMON         0x20001ee8      0x220 USB_DEVICE\Target\usbd_conf.o
                0x20001ee8                hpcd_USB_FS
 COMMON         0x20002108        0x4 c:/program files (x86)/atollic/truestudio for stm32 9.2.0/armtools/bin/../lib/gcc/arm-atollic-eabi/6.3.1/../../../../arm-atollic-eabi/lib/armv6-m\libc_nano.a(lib_a-reent.o)
                0x20002108                errno
                0x2000210c                . = ALIGN (0x4)
                0x2000210c                _ebss = .
                0x2000210c                __bss_end__ = _ebss

._user_heap_stack
                0x2000210c      0x600 load address 0x08005090
                0x2000210c                . = ALIGN (0x4)
                0x2000210c                PROVIDE (end, .)
                [!provide]                PROVIDE (_end, .)
                0x2000230c                . = (. + _Min_Heap_Size)
 *fill*         0x2000210c      0x200 
                0x2000270c                . = (. + _Min_Stack_Size)
 *fill*         0x2000230c      0x400 
                0x2000270c                . = ALIGN (0x4)

/DISCARD/
 libc.a(*)
 libm.a(*)
 libgcc.a(*)

.ARM.attributes
                0x00000000       0x28
 *(.ARM.attributes)
 .ARM.attributes
                0x00000000       0x1e c:/program files (x86)/atollic/truestudio for stm32 9.2.0/armtools/bin/../lib/gcc/arm-atollic-eabi/6.3.1/armv6-m/crti.o
 .ARM.attributes
                0x0000001e       0x2c c:/program files (x86)/atollic/truestudio for stm32 9.2.0/armtools/bin/../lib/gcc/arm-atollic-eabi/6.3.1/armv6-m/crtbegin.o
 .ARM.attributes
                0x0000004a       0x31 Core\Src\freertos.o
 .ARM.attributes
                0x0000007b       0x31 Core\Src\gpio.o
 .ARM.attributes
                0x000000ac       0x31 Core\Src\i2c.o
 .ARM.attributes
                0x000000dd       0x31 Core\Src\lora.o
 .ARM.attributes
                0x0000010e       0x31 Core\Src\main.o
 .ARM.attributes
                0x0000013f       0x31 Core\Src\stm32f0xx_hal_msp.o
 .ARM.attributes
                0x00000170       0x31 Core\Src\stm32f0xx_hal_timebase_tim.o
 .ARM.attributes
                0x000001a1       0x31 Core\Src\stm32f0xx_it.o
 .ARM.attributes
                0x000001d2       0x31 Core\Src\syscalls.o
 .ARM.attributes
                0x00000203       0x31 Core\Src\system_stm32f0xx.o
 .ARM.attributes
                0x00000234       0x31 Core\Src\usart.o
 .ARM.attributes
                0x00000265       0x31 Drivers\STM32F0xx_HAL_Driver\Src\stm32f0xx_hal.o
 .ARM.attributes
                0x00000296       0x31 Drivers\STM32F0xx_HAL_Driver\Src\stm32f0xx_hal_cortex.o
 .ARM.attributes
                0x000002c7       0x31 Drivers\STM32F0xx_HAL_Driver\Src\stm32f0xx_hal_dma.o
 .ARM.attributes
                0x000002f8       0x31 Drivers\STM32F0xx_HAL_Driver\Src\stm32f0xx_hal_gpio.o
 .ARM.attributes
                0x00000329       0x31 Drivers\STM32F0xx_HAL_Driver\Src\stm32f0xx_hal_i2c.o
 .ARM.attributes
                0x0000035a       0x31 Drivers\STM32F0xx_HAL_Driver\Src\stm32f0xx_hal_i2c_ex.o
 .ARM.attributes
                0x0000038b       0x31 Drivers\STM32F0xx_HAL_Driver\Src\stm32f0xx_hal_pcd.o
 .ARM.attributes
                0x000003bc       0x31 Drivers\STM32F0xx_HAL_Driver\Src\stm32f0xx_hal_pcd_ex.o
 .ARM.attributes
                0x000003ed       0x31 Drivers\STM32F0xx_HAL_Driver\Src\stm32f0xx_hal_rcc.o
 .ARM.attributes
                0x0000041e       0x31 Drivers\STM32F0xx_HAL_Driver\Src\stm32f0xx_hal_rcc_ex.o
 .ARM.attributes
                0x0000044f       0x31 Drivers\STM32F0xx_HAL_Driver\Src\stm32f0xx_hal_tim.o
 .ARM.attributes
                0x00000480       0x31 Drivers\STM32F0xx_HAL_Driver\Src\stm32f0xx_hal_tim_ex.o
 .ARM.attributes
                0x000004b1       0x31 Drivers\STM32F0xx_HAL_Driver\Src\stm32f0xx_hal_uart.o
 .ARM.attributes
                0x000004e2       0x31 Middlewares\ST\STM32_USB_Device_Library\Class\CDC\Src\usbd_cdc.o
 .ARM.attributes
                0x00000513       0x31 Middlewares\ST\STM32_USB_Device_Library\Core\Src\usbd_core.o
 .ARM.attributes
                0x00000544       0x31 Middlewares\ST\STM32_USB_Device_Library\Core\Src\usbd_ctlreq.o
 .ARM.attributes
                0x00000575       0x31 Middlewares\ST\STM32_USB_Device_Library\Core\Src\usbd_ioreq.o
 .ARM.attributes
                0x000005a6       0x31 Middlewares\Third_Party\FreeRTOS\Source\CMSIS_RTOS\cmsis_os.o
 .ARM.attributes
                0x000005d7       0x31 Middlewares\Third_Party\FreeRTOS\Source\list.o
 .ARM.attributes
                0x00000608       0x31 Middlewares\Third_Party\FreeRTOS\Source\portable\GCC\ARM_CM0\port.o
 .ARM.attributes
                0x00000639       0x31 Middlewares\Third_Party\FreeRTOS\Source\portable\MemMang\heap_4.o
 .ARM.attributes
                0x0000066a       0x31 Middlewares\Third_Party\FreeRTOS\Source\tasks.o
 .ARM.attributes
                0x0000069b       0x31 USB_DEVICE\App\usb_device.o
 .ARM.attributes
                0x000006cc       0x31 USB_DEVICE\App\usbd_cdc_if.o
 .ARM.attributes
                0x000006fd       0x31 USB_DEVICE\App\usbd_desc.o
 .ARM.attributes
                0x0000072e       0x31 USB_DEVICE\Target\usbd_conf.o
 .ARM.attributes
                0x0000075f       0x21 startup\startup_stm32f070xb.o
 .ARM.attributes
                0x00000780       0x2c c:/program files (x86)/atollic/truestudio for stm32 9.2.0/armtools/bin/../lib/gcc/arm-atollic-eabi/6.3.1/../../../../arm-atollic-eabi/lib/armv6-m\libc_nano.a(lib_a-errno.o)
 .ARM.attributes
                0x000007ac       0x2c c:/program files (x86)/atollic/truestudio for stm32 9.2.0/armtools/bin/../lib/gcc/arm-atollic-eabi/6.3.1/../../../../arm-atollic-eabi/lib/armv6-m\libc_nano.a(lib_a-impure.o)
 .ARM.attributes
                0x000007d8       0x2c c:/program files (x86)/atollic/truestudio for stm32 9.2.0/armtools/bin/../lib/gcc/arm-atollic-eabi/6.3.1/../../../../arm-atollic-eabi/lib/armv6-m\libc_nano.a(lib_a-init.o)
 .ARM.attributes
                0x00000804       0x2c c:/program files (x86)/atollic/truestudio for stm32 9.2.0/armtools/bin/../lib/gcc/arm-atollic-eabi/6.3.1/../../../../arm-atollic-eabi/lib/armv6-m\libc_nano.a(lib_a-memcpy-stub.o)
 .ARM.attributes
                0x00000830       0x2c c:/program files (x86)/atollic/truestudio for stm32 9.2.0/armtools/bin/../lib/gcc/arm-atollic-eabi/6.3.1/../../../../arm-atollic-eabi/lib/armv6-m\libc_nano.a(lib_a-memset.o)
 .ARM.attributes
                0x0000085c       0x2c c:/program files (x86)/atollic/truestudio for stm32 9.2.0/armtools/bin/../lib/gcc/arm-atollic-eabi/6.3.1/../../../../arm-atollic-eabi/lib/armv6-m\libc_nano.a(lib_a-sprintf.o)
 .ARM.attributes
                0x00000888       0x2c c:/program files (x86)/atollic/truestudio for stm32 9.2.0/armtools/bin/../lib/gcc/arm-atollic-eabi/6.3.1/../../../../arm-atollic-eabi/lib/armv6-m\libc_nano.a(lib_a-strstr.o)
 .ARM.attributes
                0x000008b4       0x2c c:/program files (x86)/atollic/truestudio for stm32 9.2.0/armtools/bin/../lib/gcc/arm-atollic-eabi/6.3.1/../../../../arm-atollic-eabi/lib/armv6-m\libc_nano.a(lib_a-nano-svfprintf.o)
 .ARM.attributes
                0x000008e0       0x2c c:/program files (x86)/atollic/truestudio for stm32 9.2.0/armtools/bin/../lib/gcc/arm-atollic-eabi/6.3.1/../../../../arm-atollic-eabi/lib/armv6-m\libc_nano.a(lib_a-nano-vfprintf_i.o)
 .ARM.attributes
                0x0000090c       0x2c c:/program files (x86)/atollic/truestudio for stm32 9.2.0/armtools/bin/../lib/gcc/arm-atollic-eabi/6.3.1/../../../../arm-atollic-eabi/lib/armv6-m\libc_nano.a(lib_a-memchr-stub.o)
 .ARM.attributes
                0x00000938       0x2c c:/program files (x86)/atollic/truestudio for stm32 9.2.0/armtools/bin/../lib/gcc/arm-atollic-eabi/6.3.1/../../../../arm-atollic-eabi/lib/armv6-m\libc_nano.a(lib_a-memmove.o)
 .ARM.attributes
                0x00000964       0x2c c:/program files (x86)/atollic/truestudio for stm32 9.2.0/armtools/bin/../lib/gcc/arm-atollic-eabi/6.3.1/../../../../arm-atollic-eabi/lib/armv6-m\libc_nano.a(lib_a-nano-freer.o)
 .ARM.attributes
                0x00000990       0x2c c:/program files (x86)/atollic/truestudio for stm32 9.2.0/armtools/bin/../lib/gcc/arm-atollic-eabi/6.3.1/../../../../arm-atollic-eabi/lib/armv6-m\libc_nano.a(lib_a-nano-mallocr.o)
 .ARM.attributes
                0x000009bc       0x2c c:/program files (x86)/atollic/truestudio for stm32 9.2.0/armtools/bin/../lib/gcc/arm-atollic-eabi/6.3.1/../../../../arm-atollic-eabi/lib/armv6-m\libc_nano.a(lib_a-nano-reallocr.o)
 .ARM.attributes
                0x000009e8       0x2c c:/program files (x86)/atollic/truestudio for stm32 9.2.0/armtools/bin/../lib/gcc/arm-atollic-eabi/6.3.1/../../../../arm-atollic-eabi/lib/armv6-m\libc_nano.a(lib_a-sbrkr.o)
 .ARM.attributes
                0x00000a14       0x2c c:/program files (x86)/atollic/truestudio for stm32 9.2.0/armtools/bin/../lib/gcc/arm-atollic-eabi/6.3.1/../../../../arm-atollic-eabi/lib/armv6-m\libc_nano.a(lib_a-mlock.o)
 .ARM.attributes
                0x00000a40       0x2c c:/program files (x86)/atollic/truestudio for stm32 9.2.0/armtools/bin/../lib/gcc/arm-atollic-eabi/6.3.1/../../../../arm-atollic-eabi/lib/armv6-m\libc_nano.a(lib_a-nano-msizer.o)
 .ARM.attributes
                0x00000a6c       0x2c c:/program files (x86)/atollic/truestudio for stm32 9.2.0/armtools/bin/../lib/gcc/arm-atollic-eabi/6.3.1/../../../../arm-atollic-eabi/lib/armv6-m\libc_nano.a(lib_a-reent.o)
 .ARM.attributes
                0x00000a98       0x1e c:/program files (x86)/atollic/truestudio for stm32 9.2.0/armtools/bin/../lib/gcc/arm-atollic-eabi/6.3.1/armv6-m\libgcc.a(_thumb1_case_uqi.o)
 .ARM.attributes
                0x00000ab6       0x1e c:/program files (x86)/atollic/truestudio for stm32 9.2.0/armtools/bin/../lib/gcc/arm-atollic-eabi/6.3.1/armv6-m\libgcc.a(_thumb1_case_uhi.o)
 .ARM.attributes
                0x00000ad4       0x1e c:/program files (x86)/atollic/truestudio for stm32 9.2.0/armtools/bin/../lib/gcc/arm-atollic-eabi/6.3.1/armv6-m\libgcc.a(_udivsi3.o)
 .ARM.attributes
                0x00000af2       0x1e c:/program files (x86)/atollic/truestudio for stm32 9.2.0/armtools/bin/../lib/gcc/arm-atollic-eabi/6.3.1/armv6-m\libgcc.a(_dvmd_tls.o)
 .ARM.attributes
                0x00000b10       0x1e c:/program files (x86)/atollic/truestudio for stm32 9.2.0/armtools/bin/../lib/gcc/arm-atollic-eabi/6.3.1/armv6-m/crtn.o
OUTPUT(IronLink Firmware.elf elf32-littlearm)

.debug_info     0x00000000    0x30255
 .debug_info    0x00000000     0x170c Core\Src\freertos.o
 .debug_info    0x0000170c      0xc49 Core\Src\gpio.o
 .debug_info    0x00002355     0x11a2 Core\Src\i2c.o
 .debug_info    0x000034f7     0x181f Core\Src\lora.o
 .debug_info    0x00004d16     0x1741 Core\Src\main.o
 .debug_info    0x00006457      0xb2c Core\Src\stm32f0xx_hal_msp.o
 .debug_info    0x00006f83     0x1104 Core\Src\stm32f0xx_hal_timebase_tim.o
 .debug_info    0x00008087     0x1544 Core\Src\stm32f0xx_it.o
 .debug_info    0x000095cb      0xfe1 Core\Src\syscalls.o
 .debug_info    0x0000a5ac      0xa67 Core\Src\system_stm32f0xx.o
 .debug_info    0x0000b013     0x1373 Core\Src\usart.o
 .debug_info    0x0000c386      0xe5b Drivers\STM32F0xx_HAL_Driver\Src\stm32f0xx_hal.o
 .debug_info    0x0000d1e1     0x100b Drivers\STM32F0xx_HAL_Driver\Src\stm32f0xx_hal_cortex.o
 .debug_info    0x0000e1ec     0x1018 Drivers\STM32F0xx_HAL_Driver\Src\stm32f0xx_hal_dma.o
 .debug_info    0x0000f204      0xe55 Drivers\STM32F0xx_HAL_Driver\Src\stm32f0xx_hal_gpio.o
 .debug_info    0x00010059     0x393c Drivers\STM32F0xx_HAL_Driver\Src\stm32f0xx_hal_i2c.o
 .debug_info    0x00013995     0x1025 Drivers\STM32F0xx_HAL_Driver\Src\stm32f0xx_hal_i2c_ex.o
 .debug_info    0x000149ba     0x1b26 Drivers\STM32F0xx_HAL_Driver\Src\stm32f0xx_hal_pcd.o
 .debug_info    0x000164e0      0xdad Drivers\STM32F0xx_HAL_Driver\Src\stm32f0xx_hal_pcd_ex.o
 .debug_info    0x0001728d     0x1171 Drivers\STM32F0xx_HAL_Driver\Src\stm32f0xx_hal_rcc.o
 .debug_info    0x000183fe      0xc2a Drivers\STM32F0xx_HAL_Driver\Src\stm32f0xx_hal_rcc_ex.o
 .debug_info    0x00019028     0x3bff Drivers\STM32F0xx_HAL_Driver\Src\stm32f0xx_hal_tim.o
 .debug_info    0x0001cc27     0x1932 Drivers\STM32F0xx_HAL_Driver\Src\stm32f0xx_hal_tim_ex.o
 .debug_info    0x0001e559     0x2071 Drivers\STM32F0xx_HAL_Driver\Src\stm32f0xx_hal_uart.o
 .debug_info    0x000205ca     0x1513 Middlewares\ST\STM32_USB_Device_Library\Class\CDC\Src\usbd_cdc.o
 .debug_info    0x00021add     0x1473 Middlewares\ST\STM32_USB_Device_Library\Core\Src\usbd_core.o
 .debug_info    0x00022f50     0x14a5 Middlewares\ST\STM32_USB_Device_Library\Core\Src\usbd_ctlreq.o
 .debug_info    0x000243f5      0xfb4 Middlewares\ST\STM32_USB_Device_Library\Core\Src\usbd_ioreq.o
 .debug_info    0x000253a9     0x24cd Middlewares\Third_Party\FreeRTOS\Source\CMSIS_RTOS\cmsis_os.o
 .debug_info    0x00027876      0xac0 Middlewares\Third_Party\FreeRTOS\Source\list.o
 .debug_info    0x00028336      0x2ac Middlewares\Third_Party\FreeRTOS\Source\portable\GCC\ARM_CM0\port.o
 .debug_info    0x000285e2      0xba8 Middlewares\Third_Party\FreeRTOS\Source\portable\MemMang\heap_4.o
 .debug_info    0x0002918a     0x23cc Middlewares\Third_Party\FreeRTOS\Source\tasks.o
 .debug_info    0x0002b556      0xeb7 USB_DEVICE\App\usb_device.o
 .debug_info    0x0002c40d     0x1089 USB_DEVICE\App\usbd_cdc_if.o
 .debug_info    0x0002d496      0xe20 USB_DEVICE\App\usbd_desc.o
 .debug_info    0x0002e2b6     0x1f2a USB_DEVICE\Target\usbd_conf.o
 .debug_info    0x000301e0       0x75 startup\startup_stm32f070xb.o

.debug_abbrev   0x00000000     0x62ef
 .debug_abbrev  0x00000000      0x236 Core\Src\freertos.o
 .debug_abbrev  0x00000236      0x20a Core\Src\gpio.o
 .debug_abbrev  0x00000440      0x24d Core\Src\i2c.o
 .debug_abbrev  0x0000068d      0x260 Core\Src\lora.o
 .debug_abbrev  0x000008ed      0x287 Core\Src\main.o
 .debug_abbrev  0x00000b74      0x1f9 Core\Src\stm32f0xx_hal_msp.o
 .debug_abbrev  0x00000d6d      0x269 Core\Src\stm32f0xx_hal_timebase_tim.o
 .debug_abbrev  0x00000fd6      0x211 Core\Src\stm32f0xx_it.o
 .debug_abbrev  0x000011e7      0x2d9 Core\Src\syscalls.o
 .debug_abbrev  0x000014c0      0x1ca Core\Src\system_stm32f0xx.o
 .debug_abbrev  0x0000168a      0x24b Core\Src\usart.o
 .debug_abbrev  0x000018d5      0x2d1 Drivers\STM32F0xx_HAL_Driver\Src\stm32f0xx_hal.o
 .debug_abbrev  0x00001ba6      0x30a Drivers\STM32F0xx_HAL_Driver\Src\stm32f0xx_hal_cortex.o
 .debug_abbrev  0x00001eb0      0x2a3 Drivers\STM32F0xx_HAL_Driver\Src\stm32f0xx_hal_dma.o
 .debug_abbrev  0x00002153      0x277 Drivers\STM32F0xx_HAL_Driver\Src\stm32f0xx_hal_gpio.o
 .debug_abbrev  0x000023ca      0x38c Drivers\STM32F0xx_HAL_Driver\Src\stm32f0xx_hal_i2c.o
 .debug_abbrev  0x00002756      0x227 Drivers\STM32F0xx_HAL_Driver\Src\stm32f0xx_hal_i2c_ex.o
 .debug_abbrev  0x0000297d      0x3d0 Drivers\STM32F0xx_HAL_Driver\Src\stm32f0xx_hal_pcd.o
 .debug_abbrev  0x00002d4d      0x1cc Drivers\STM32F0xx_HAL_Driver\Src\stm32f0xx_hal_pcd_ex.o
 .debug_abbrev  0x00002f19      0x2ea Drivers\STM32F0xx_HAL_Driver\Src\stm32f0xx_hal_rcc.o
 .debug_abbrev  0x00003203      0x268 Drivers\STM32F0xx_HAL_Driver\Src\stm32f0xx_hal_rcc_ex.o
 .debug_abbrev  0x0000346b      0x3a5 Drivers\STM32F0xx_HAL_Driver\Src\stm32f0xx_hal_tim.o
 .debug_abbrev  0x00003810      0x30d Drivers\STM32F0xx_HAL_Driver\Src\stm32f0xx_hal_tim_ex.o
 .debug_abbrev  0x00003b1d      0x378 Drivers\STM32F0xx_HAL_Driver\Src\stm32f0xx_hal_uart.o
 .debug_abbrev  0x00003e95      0x2d9 Middlewares\ST\STM32_USB_Device_Library\Class\CDC\Src\usbd_cdc.o
 .debug_abbrev  0x0000416e      0x335 Middlewares\ST\STM32_USB_Device_Library\Core\Src\usbd_core.o
 .debug_abbrev  0x000044a3      0x39b Middlewares\ST\STM32_USB_Device_Library\Core\Src\usbd_ctlreq.o
 .debug_abbrev  0x0000483e      0x1eb Middlewares\ST\STM32_USB_Device_Library\Core\Src\usbd_ioreq.o
 .debug_abbrev  0x00004a29      0x418 Middlewares\Third_Party\FreeRTOS\Source\CMSIS_RTOS\cmsis_os.o
 .debug_abbrev  0x00004e41      0x1e3 Middlewares\Third_Party\FreeRTOS\Source\list.o
 .debug_abbrev  0x00005024      0x194 Middlewares\Third_Party\FreeRTOS\Source\portable\GCC\ARM_CM0\port.o
 .debug_abbrev  0x000051b8      0x2ce Middlewares\Third_Party\FreeRTOS\Source\portable\MemMang\heap_4.o
 .debug_abbrev  0x00005486      0x3bf Middlewares\Third_Party\FreeRTOS\Source\tasks.o
 .debug_abbrev  0x00005845      0x1e1 USB_DEVICE\App\usb_device.o
 .debug_abbrev  0x00005a26      0x28e USB_DEVICE\App\usbd_cdc_if.o
 .debug_abbrev  0x00005cb4      0x31d USB_DEVICE\App\usbd_desc.o
 .debug_abbrev  0x00005fd1      0x30c USB_DEVICE\Target\usbd_conf.o
 .debug_abbrev  0x000062dd       0x12 startup\startup_stm32f070xb.o

.debug_loc      0x00000000    0x10955
 .debug_loc     0x00000000       0x42 Core\Src\freertos.o
 .debug_loc     0x00000042       0x4d Core\Src\i2c.o
 .debug_loc     0x0000008f      0x1d5 Core\Src\lora.o
 .debug_loc     0x00000264       0x21 Core\Src\main.o
 .debug_loc     0x00000285       0x7a Core\Src\stm32f0xx_hal_timebase_tim.o
 .debug_loc     0x000002ff      0x45e Core\Src\syscalls.o
 .debug_loc     0x0000075d      0x100 Core\Src\system_stm32f0xx.o
 .debug_loc     0x0000085d       0x7f Core\Src\usart.o
 .debug_loc     0x000008dc       0x7c Drivers\STM32F0xx_HAL_Driver\Src\stm32f0xx_hal.o
 .debug_loc     0x00000958      0x3cc Drivers\STM32F0xx_HAL_Driver\Src\stm32f0xx_hal_cortex.o
 .debug_loc     0x00000d24      0x7ca Drivers\STM32F0xx_HAL_Driver\Src\stm32f0xx_hal_dma.o
 .debug_loc     0x000014ee      0x307 Drivers\STM32F0xx_HAL_Driver\Src\stm32f0xx_hal_gpio.o
 .debug_loc     0x000017f5     0x329e Drivers\STM32F0xx_HAL_Driver\Src\stm32f0xx_hal_i2c.o
 .debug_loc     0x00004a93      0x13a Drivers\STM32F0xx_HAL_Driver\Src\stm32f0xx_hal_i2c_ex.o
 .debug_loc     0x00004bcd     0x121b Drivers\STM32F0xx_HAL_Driver\Src\stm32f0xx_hal_pcd.o
 .debug_loc     0x00005de8       0xf8 Drivers\STM32F0xx_HAL_Driver\Src\stm32f0xx_hal_pcd_ex.o
 .debug_loc     0x00005ee0      0x4ce Drivers\STM32F0xx_HAL_Driver\Src\stm32f0xx_hal_rcc.o
 .debug_loc     0x000063ae      0x37e Drivers\STM32F0xx_HAL_Driver\Src\stm32f0xx_hal_rcc_ex.o
 .debug_loc     0x0000672c     0x3b44 Drivers\STM32F0xx_HAL_Driver\Src\stm32f0xx_hal_tim.o
 .debug_loc     0x0000a270      0xb81 Drivers\STM32F0xx_HAL_Driver\Src\stm32f0xx_hal_tim_ex.o
 .debug_loc     0x0000adf1     0x1457 Drivers\STM32F0xx_HAL_Driver\Src\stm32f0xx_hal_uart.o
 .debug_loc     0x0000c248      0x4e5 Middlewares\ST\STM32_USB_Device_Library\Class\CDC\Src\usbd_cdc.o
 .debug_loc     0x0000c72d      0x5a8 Middlewares\ST\STM32_USB_Device_Library\Core\Src\usbd_core.o
 .debug_loc     0x0000ccd5      0x683 Middlewares\ST\STM32_USB_Device_Library\Core\Src\usbd_ctlreq.o
 .debug_loc     0x0000d358      0x23c Middlewares\ST\STM32_USB_Device_Library\Core\Src\usbd_ioreq.o
 .debug_loc     0x0000d594      0xffa Middlewares\Third_Party\FreeRTOS\Source\CMSIS_RTOS\cmsis_os.o
 .debug_loc     0x0000e58e       0x94 Middlewares\Third_Party\FreeRTOS\Source\list.o
 .debug_loc     0x0000e622       0xb4 Middlewares\Third_Party\FreeRTOS\Source\portable\GCC\ARM_CM0\port.o
 .debug_loc     0x0000e6d6      0x2de Middlewares\Third_Party\FreeRTOS\Source\portable\MemMang\heap_4.o
 .debug_loc     0x0000e9b4     0x127f Middlewares\Third_Party\FreeRTOS\Source\tasks.o
 .debug_loc     0x0000fc33       0xef USB_DEVICE\App\usbd_cdc_if.o
 .debug_loc     0x0000fd22      0x32e USB_DEVICE\App\usbd_desc.o
 .debug_loc     0x00010050      0x905 USB_DEVICE\Target\usbd_conf.o

.debug_aranges  0x00000000     0x1510
 .debug_aranges
                0x00000000       0x30 Core\Src\freertos.o
 .debug_aranges
                0x00000030       0x20 Core\Src\gpio.o
 .debug_aranges
                0x00000050       0x30 Core\Src\i2c.o
 .debug_aranges
                0x00000080       0x38 Core\Src\lora.o
 .debug_aranges
                0x000000b8       0x40 Core\Src\main.o
 .debug_aranges
                0x000000f8       0x20 Core\Src\stm32f0xx_hal_msp.o
 .debug_aranges
                0x00000118       0x30 Core\Src\stm32f0xx_hal_timebase_tim.o
 .debug_aranges
                0x00000148       0x48 Core\Src\stm32f0xx_it.o
 .debug_aranges
                0x00000190       0xb0 Core\Src\syscalls.o
 .debug_aranges
                0x00000240       0x28 Core\Src\system_stm32f0xx.o
 .debug_aranges
                0x00000268       0x38 Core\Src\usart.o
 .debug_aranges
                0x000002a0       0xb0 Drivers\STM32F0xx_HAL_Driver\Src\stm32f0xx_hal.o
 .debug_aranges
                0x00000350       0x78 Drivers\STM32F0xx_HAL_Driver\Src\stm32f0xx_hal_cortex.o
 .debug_aranges
                0x000003c8       0x78 Drivers\STM32F0xx_HAL_Driver\Src\stm32f0xx_hal_dma.o
 .debug_aranges
                0x00000440       0x58 Drivers\STM32F0xx_HAL_Driver\Src\stm32f0xx_hal_gpio.o
 .debug_aranges
                0x00000498      0x200 Drivers\STM32F0xx_HAL_Driver\Src\stm32f0xx_hal_i2c.o
 .debug_aranges
                0x00000698       0x38 Drivers\STM32F0xx_HAL_Driver\Src\stm32f0xx_hal_i2c_ex.o
 .debug_aranges
                0x000006d0       0xd0 Drivers\STM32F0xx_HAL_Driver\Src\stm32f0xx_hal_pcd.o
 .debug_aranges
                0x000007a0       0x20 Drivers\STM32F0xx_HAL_Driver\Src\stm32f0xx_hal_pcd_ex.o
 .debug_aranges
                0x000007c0       0x80 Drivers\STM32F0xx_HAL_Driver\Src\stm32f0xx_hal_rcc.o
 .debug_aranges
                0x00000840       0x30 Drivers\STM32F0xx_HAL_Driver\Src\stm32f0xx_hal_rcc_ex.o
 .debug_aranges
                0x00000870      0x268 Drivers\STM32F0xx_HAL_Driver\Src\stm32f0xx_hal_tim.o
 .debug_aranges
                0x00000ad8       0xf0 Drivers\STM32F0xx_HAL_Driver\Src\stm32f0xx_hal_tim_ex.o
 .debug_aranges
                0x00000bc8      0x188 Drivers\STM32F0xx_HAL_Driver\Src\stm32f0xx_hal_uart.o
 .debug_aranges
                0x00000d50       0x90 Middlewares\ST\STM32_USB_Device_Library\Class\CDC\Src\usbd_cdc.o
 .debug_aranges
                0x00000de0       0xa8 Middlewares\ST\STM32_USB_Device_Library\Core\Src\usbd_core.o
 .debug_aranges
                0x00000e88       0x50 Middlewares\ST\STM32_USB_Device_Library\Core\Src\usbd_ctlreq.o
 .debug_aranges
                0x00000ed8       0x50 Middlewares\ST\STM32_USB_Device_Library\Core\Src\usbd_ioreq.o
 .debug_aranges
                0x00000f28      0x190 Middlewares\Third_Party\FreeRTOS\Source\CMSIS_RTOS\cmsis_os.o
 .debug_aranges
                0x000010b8       0x40 Middlewares\Third_Party\FreeRTOS\Source\list.o
 .debug_aranges
                0x000010f8       0x88 Middlewares\Third_Party\FreeRTOS\Source\portable\GCC\ARM_CM0\port.o
 .debug_aranges
                0x00001180       0x48 Middlewares\Third_Party\FreeRTOS\Source\portable\MemMang\heap_4.o
 .debug_aranges
                0x000011c8      0x160 Middlewares\Third_Party\FreeRTOS\Source\tasks.o
 .debug_aranges
                0x00001328       0x20 USB_DEVICE\App\usb_device.o
 .debug_aranges
                0x00001348       0x40 USB_DEVICE\App\usbd_cdc_if.o
 .debug_aranges
                0x00001388       0x58 USB_DEVICE\App\usbd_desc.o
 .debug_aranges
                0x000013e0      0x108 USB_DEVICE\Target\usbd_conf.o
 .debug_aranges
                0x000014e8       0x28 startup\startup_stm32f070xb.o

.debug_ranges   0x00000000     0x1da0
 .debug_ranges  0x00000000       0x20 Core\Src\freertos.o
 .debug_ranges  0x00000020       0xc0 Core\Src\gpio.o
 .debug_ranges  0x000000e0       0x40 Core\Src\i2c.o
 .debug_ranges  0x00000120       0x28 Core\Src\lora.o
 .debug_ranges  0x00000148       0x30 Core\Src\main.o
 .debug_ranges  0x00000178       0x70 Core\Src\stm32f0xx_hal_msp.o
 .debug_ranges  0x000001e8       0x40 Core\Src\stm32f0xx_hal_timebase_tim.o
 .debug_ranges  0x00000228       0x38 Core\Src\stm32f0xx_it.o
 .debug_ranges  0x00000260       0xa0 Core\Src\syscalls.o
 .debug_ranges  0x00000300       0x18 Core\Src\system_stm32f0xx.o
 .debug_ranges  0x00000318       0xa0 Core\Src\usart.o
 .debug_ranges  0x000003b8       0xa0 Drivers\STM32F0xx_HAL_Driver\Src\stm32f0xx_hal.o
 .debug_ranges  0x00000458      0x120 Drivers\STM32F0xx_HAL_Driver\Src\stm32f0xx_hal_cortex.o
 .debug_ranges  0x00000578       0xe8 Drivers\STM32F0xx_HAL_Driver\Src\stm32f0xx_hal_dma.o
 .debug_ranges  0x00000660       0x70 Drivers\STM32F0xx_HAL_Driver\Src\stm32f0xx_hal_gpio.o
 .debug_ranges  0x000006d0      0x280 Drivers\STM32F0xx_HAL_Driver\Src\stm32f0xx_hal_i2c.o
 .debug_ranges  0x00000950       0x68 Drivers\STM32F0xx_HAL_Driver\Src\stm32f0xx_hal_i2c_ex.o
 .debug_ranges  0x000009b8      0x2e8 Drivers\STM32F0xx_HAL_Driver\Src\stm32f0xx_hal_pcd.o
 .debug_ranges  0x00000ca0       0x10 Drivers\STM32F0xx_HAL_Driver\Src\stm32f0xx_hal_pcd_ex.o
 .debug_ranges  0x00000cb0       0xa0 Drivers\STM32F0xx_HAL_Driver\Src\stm32f0xx_hal_rcc.o
 .debug_ranges  0x00000d50       0x40 Drivers\STM32F0xx_HAL_Driver\Src\stm32f0xx_hal_rcc_ex.o
 .debug_ranges  0x00000d90      0x470 Drivers\STM32F0xx_HAL_Driver\Src\stm32f0xx_hal_tim.o
 .debug_ranges  0x00001200       0xe0 Drivers\STM32F0xx_HAL_Driver\Src\stm32f0xx_hal_tim_ex.o
 .debug_ranges  0x000012e0      0x1f0 Drivers\STM32F0xx_HAL_Driver\Src\stm32f0xx_hal_uart.o
 .debug_ranges  0x000014d0       0x80 Middlewares\ST\STM32_USB_Device_Library\Class\CDC\Src\usbd_cdc.o
 .debug_ranges  0x00001550       0x98 Middlewares\ST\STM32_USB_Device_Library\Core\Src\usbd_core.o
 .debug_ranges  0x000015e8       0xb8 Middlewares\ST\STM32_USB_Device_Library\Core\Src\usbd_ctlreq.o
 .debug_ranges  0x000016a0       0x40 Middlewares\ST\STM32_USB_Device_Library\Core\Src\usbd_ioreq.o
 .debug_ranges  0x000016e0      0x180 Middlewares\Third_Party\FreeRTOS\Source\CMSIS_RTOS\cmsis_os.o
 .debug_ranges  0x00001860       0x30 Middlewares\Third_Party\FreeRTOS\Source\list.o
 .debug_ranges  0x00001890       0x78 Middlewares\Third_Party\FreeRTOS\Source\portable\GCC\ARM_CM0\port.o
 .debug_ranges  0x00001908       0x50 Middlewares\Third_Party\FreeRTOS\Source\portable\MemMang\heap_4.o
 .debug_ranges  0x00001958      0x240 Middlewares\Third_Party\FreeRTOS\Source\tasks.o
 .debug_ranges  0x00001b98       0x10 USB_DEVICE\App\usb_device.o
 .debug_ranges  0x00001ba8       0x30 USB_DEVICE\App\usbd_cdc_if.o
 .debug_ranges  0x00001bd8       0x90 USB_DEVICE\App\usbd_desc.o
 .debug_ranges  0x00001c68      0x118 USB_DEVICE\Target\usbd_conf.o
 .debug_ranges  0x00001d80       0x20 startup\startup_stm32f070xb.o

.debug_line     0x00000000     0xd0fa
 .debug_line    0x00000000      0x49c Core\Src\freertos.o
 .debug_line    0x0000049c      0x29a Core\Src\gpio.o
 .debug_line    0x00000736      0x326 Core\Src\i2c.o
 .debug_line    0x00000a5c      0x44d Core\Src\lora.o
 .debug_line    0x00000ea9      0x448 Core\Src\main.o
 .debug_line    0x000012f1      0x288 Core\Src\stm32f0xx_hal_msp.o
 .debug_line    0x00001579      0x30d Core\Src\stm32f0xx_hal_timebase_tim.o
 .debug_line    0x00001886      0x323 Core\Src\stm32f0xx_it.o
 .debug_line    0x00001ba9      0x3cb Core\Src\syscalls.o
 .debug_line    0x00001f74      0x26b Core\Src\system_stm32f0xx.o
 .debug_line    0x000021df      0x387 Core\Src\usart.o
 .debug_line    0x00002566      0x440 Drivers\STM32F0xx_HAL_Driver\Src\stm32f0xx_hal.o
 .debug_line    0x000029a6      0x413 Drivers\STM32F0xx_HAL_Driver\Src\stm32f0xx_hal_cortex.o
 .debug_line    0x00002db9      0x570 Drivers\STM32F0xx_HAL_Driver\Src\stm32f0xx_hal_dma.o
 .debug_line    0x00003329      0x421 Drivers\STM32F0xx_HAL_Driver\Src\stm32f0xx_hal_gpio.o
 .debug_line    0x0000374a     0x162d Drivers\STM32F0xx_HAL_Driver\Src\stm32f0xx_hal_i2c.o
 .debug_line    0x00004d77      0x368 Drivers\STM32F0xx_HAL_Driver\Src\stm32f0xx_hal_i2c_ex.o
 .debug_line    0x000050df      0x874 Drivers\STM32F0xx_HAL_Driver\Src\stm32f0xx_hal_pcd.o
 .debug_line    0x00005953      0x2a0 Drivers\STM32F0xx_HAL_Driver\Src\stm32f0xx_hal_pcd_ex.o
 .debug_line    0x00005bf3      0x621 Drivers\STM32F0xx_HAL_Driver\Src\stm32f0xx_hal_rcc.o
 .debug_line    0x00006214      0x3d3 Drivers\STM32F0xx_HAL_Driver\Src\stm32f0xx_hal_rcc_ex.o
 .debug_line    0x000065e7     0x1358 Drivers\STM32F0xx_HAL_Driver\Src\stm32f0xx_hal_tim.o
 .debug_line    0x0000793f      0x798 Drivers\STM32F0xx_HAL_Driver\Src\stm32f0xx_hal_tim_ex.o
 .debug_line    0x000080d7      0xde4 Drivers\STM32F0xx_HAL_Driver\Src\stm32f0xx_hal_uart.o
 .debug_line    0x00008ebb      0x544 Middlewares\ST\STM32_USB_Device_Library\Class\CDC\Src\usbd_cdc.o
 .debug_line    0x000093ff      0x4fd Middlewares\ST\STM32_USB_Device_Library\Core\Src\usbd_core.o
 .debug_line    0x000098fc      0x48a Middlewares\ST\STM32_USB_Device_Library\Core\Src\usbd_ctlreq.o
 .debug_line    0x00009d86      0x382 Middlewares\ST\STM32_USB_Device_Library\Core\Src\usbd_ioreq.o
 .debug_line    0x0000a108      0x8b9 Middlewares\Third_Party\FreeRTOS\Source\CMSIS_RTOS\cmsis_os.o
 .debug_line    0x0000a9c1      0x382 Middlewares\Third_Party\FreeRTOS\Source\list.o
 .debug_line    0x0000ad43      0x2fb Middlewares\Third_Party\FreeRTOS\Source\portable\GCC\ARM_CM0\port.o
 .debug_line    0x0000b03e      0x3bb Middlewares\Third_Party\FreeRTOS\Source\portable\MemMang\heap_4.o
 .debug_line    0x0000b3f9      0xba3 Middlewares\Third_Party\FreeRTOS\Source\tasks.o
 .debug_line    0x0000bf9c      0x34d USB_DEVICE\App\usb_device.o
 .debug_line    0x0000c2e9      0x37e USB_DEVICE\App\usbd_cdc_if.o
 .debug_line    0x0000c667      0x39d USB_DEVICE\App\usbd_desc.o
 .debug_line    0x0000ca04      0x673 USB_DEVICE\Target\usbd_conf.o
 .debug_line    0x0000d077       0x83 startup\startup_stm32f070xb.o

.debug_str      0x00000000     0x6e35
 .debug_str     0x00000000      0xefc Core\Src\freertos.o
                               0x107a (size before relaxing)
 .debug_str     0x00000efc      0x11f Core\Src\gpio.o
                                0x72b (size before relaxing)
 .debug_str     0x0000101b      0x352 Core\Src\i2c.o
                                0xc39 (size before relaxing)
 .debug_str     0x0000136d       0x60 Core\Src\lora.o
                                0xf3d (size before relaxing)
 .debug_str     0x000013cd      0x462 Core\Src\main.o
                               0x11f0 (size before relaxing)
 .debug_str     0x0000182f      0x1e3 Core\Src\stm32f0xx_hal_msp.o
                                0x82a (size before relaxing)
 .debug_str     0x00001a12       0xff Core\Src\stm32f0xx_hal_timebase_tim.o
                                0xd21 (size before relaxing)
 .debug_str     0x00001b11      0x32d Core\Src\stm32f0xx_it.o
                                0xf96 (size before relaxing)
 .debug_str     0x00001e3e      0x249 Core\Src\syscalls.o
                                0x859 (size before relaxing)
 .debug_str     0x00002087       0x5f Core\Src\system_stm32f0xx.o
                                0x692 (size before relaxing)
 .debug_str     0x000020e6       0x65 Core\Src\usart.o
                                0xdd9 (size before relaxing)
 .debug_str     0x0000214b      0x1cf Drivers\STM32F0xx_HAL_Driver\Src\stm32f0xx_hal.o
                                0xa5b (size before relaxing)
 .debug_str     0x0000231a      0x196 Drivers\STM32F0xx_HAL_Driver\Src\stm32f0xx_hal_cortex.o
                                0xa63 (size before relaxing)
 .debug_str     0x000024b0      0x252 Drivers\STM32F0xx_HAL_Driver\Src\stm32f0xx_hal_dma.o
                                0xa76 (size before relaxing)
 .debug_str     0x00002702      0x111 Drivers\STM32F0xx_HAL_Driver\Src\stm32f0xx_hal_gpio.o
                                0x867 (size before relaxing)
 .debug_str     0x00002813      0x78a Drivers\STM32F0xx_HAL_Driver\Src\stm32f0xx_hal_i2c.o
                               0x12ca (size before relaxing)
 .debug_str     0x00002f9d       0x89 Drivers\STM32F0xx_HAL_Driver\Src\stm32f0xx_hal_i2c_ex.o
                                0xc01 (size before relaxing)
 .debug_str     0x00003026      0x3d1 Drivers\STM32F0xx_HAL_Driver\Src\stm32f0xx_hal_pcd.o
                                0xcf3 (size before relaxing)
 .debug_str     0x000033f7       0x57 Drivers\STM32F0xx_HAL_Driver\Src\stm32f0xx_hal_pcd_ex.o
                                0x960 (size before relaxing)
 .debug_str     0x0000344e      0x161 Drivers\STM32F0xx_HAL_Driver\Src\stm32f0xx_hal_rcc.o