Archive member included to satisfy reference by file (symbol)

c:/program files (x86)/atollic/truestudio for stm32 9.2.0/armtools/bin/../lib/gcc/arm-atollic-eabi/6.3.1/../../../../arm-atollic-eabi/lib/armv6-m\libc_nano.a(lib_a-errno.o)
                              Core\Src\syscalls.o (__errno)
c:/program files (x86)/atollic/truestudio for stm32 9.2.0/armtools/bin/../lib/gcc/arm-atollic-eabi/6.3.1/../../../../arm-atollic-eabi/lib/armv6-m\libc_nano.a(lib_a-impure.o)
                              c:/program files (x86)/atollic/truestudio for stm32 9.2.0/armtools/bin/../lib/gcc/arm-atollic-eabi/6.3.1/../../../../arm-atollic-eabi/lib/armv6-m\libc_nano.a(lib_a-errno.o) (_impure_ptr)
c:/program files (x86)/atollic/truestudio for stm32 9.2.0/armtools/bin/../lib/gcc/arm-atollic-eabi/6.3.1/../../../../arm-atollic-eabi/lib/armv6-m\libc_nano.a(lib_a-init.o)
                              startup\startup_stm32f070xb.o (__libc_init_array)
c:/program files (x86)/atollic/truestudio for stm32 9.2.0/armtools/bin/../lib/gcc/arm-atollic-eabi/6.3.1/../../../../arm-atollic-eabi/lib/armv6-m\libc_nano.a(lib_a-memcpy-stub.o)
                              Drivers\STM32F0xx_HAL_Driver\Src\stm32f0xx_hal_rcc.o (memcpy)
c:/program files (x86)/atollic/truestudio for stm32 9.2.0/armtools/bin/../lib/gcc/arm-atollic-eabi/6.3.1/../../../../arm-atollic-eabi/lib/armv6-m\libc_nano.a(lib_a-memset.o)
                              Core\Src\gpio.o (memset)
c:/program files (x86)/atollic/truestudio for stm32 9.2.0/armtools/bin/../lib/gcc/arm-atollic-eabi/6.3.1/../../../../arm-atollic-eabi/lib/armv6-m\libc_nano.a(lib_a-sprintf.o)
                              Core\Src\lora.o (sprintf)
c:/program files (x86)/atollic/truestudio for stm32 9.2.0/armtools/bin/../lib/gcc/arm-atollic-eabi/6.3.1/../../../../arm-atollic-eabi/lib/armv6-m\libc_nano.a(lib_a-strstr.o)
                              Core\Src\lora.o (strstr)
c:/program files (x86)/atollic/truestudio for stm32 9.2.0/armtools/bin/../lib/gcc/arm-atollic-eabi/6.3.1/../../../../arm-atollic-eabi/lib/armv6-m\libc_nano.a(lib_a-nano-svfprintf.o)
                              c:/program files (x86)/atollic/truestudio for stm32 9.2.0/armtools/bin/../lib/gcc/arm-atollic-eabi/6.3.1/../../../../arm-atollic-eabi/lib/armv6-m\libc_nano.a(lib_a-sprintf.o) (_svfprintf_r)
c:/program files (x86)/atollic/truestudio for stm32 9.2.0/armtools/bin/../lib/gcc/arm-atollic-eabi/6.3.1/../../../../arm-atollic-eabi/lib/armv6-m\libc_nano.a(lib_a-nano-vfprintf_i.o)
                              c:/program files (x86)/atollic/truestudio for stm32 9.2.0/armtools/bin/../lib/gcc/arm-atollic-eabi/6.3.1/../../../../arm-atollic-eabi/lib/armv6-m\libc_nano.a(lib_a-nano-svfprintf.o) (_printf_i)
c:/program files (x86)/atollic/truestudio for stm32 9.2.0/armtools/bin/../lib/gcc/arm-atollic-eabi/6.3.1/../../../../arm-atollic-eabi/lib/armv6-m\libc_nano.a(lib_a-memchr-stub.o)
                              c:/program files (x86)/atollic/truestudio for stm32 9.2.0/armtools/bin/../lib/gcc/arm-atollic-eabi/6.3.1/../../../../arm-atollic-eabi/lib/armv6-m\libc_nano.a(lib_a-nano-svfprintf.o) (memchr)
c:/program files (x86)/atollic/truestudio for stm32 9.2.0/armtools/bin/../lib/gcc/arm-atollic-eabi/6.3.1/../../../../arm-atollic-eabi/lib/armv6-m\libc_nano.a(lib_a-memmove.o)
                              c:/program files (x86)/atollic/truestudio for stm32 9.2.0/armtools/bin/../lib/gcc/arm-atollic-eabi/6.3.1/../../../../arm-atollic-eabi/lib/armv6-m\libc_nano.a(lib_a-nano-svfprintf.o) (memmove)
c:/program files (x86)/atollic/truestudio for stm32 9.2.0/armtools/bin/../lib/gcc/arm-atollic-eabi/6.3.1/../../../../arm-atollic-eabi/lib/armv6-m\libc_nano.a(lib_a-nano-freer.o)
                              c:/program files (x86)/atollic/truestudio for stm32 9.2.0/armtools/bin/../lib/gcc/arm-atollic-eabi/6.3.1/../../../../arm-atollic-eabi/lib/armv6-m\libc_nano.a(lib_a-nano-svfprintf.o) (_free_r)
c:/program files (x86)/atollic/truestudio for stm32 9.2.0/armtools/bin/../lib/gcc/arm-atollic-eabi/6.3.1/../../../../arm-atollic-eabi/lib/armv6-m\libc_nano.a(lib_a-nano-mallocr.o)
                              c:/program files (x86)/atollic/truestudio for stm32 9.2.0/armtools/bin/../lib/gcc/arm-atollic-eabi/6.3.1/../../../../arm-atollic-eabi/lib/armv6-m\libc_nano.a(lib_a-nano-svfprintf.o) (_malloc_r)
c:/program files (x86)/atollic/truestudio for stm32 9.2.0/armtools/bin/../lib/gcc/arm-atollic-eabi/6.3.1/../../../../arm-atollic-eabi/lib/armv6-m\libc_nano.a(lib_a-nano-reallocr.o)
                              c:/program files (x86)/atollic/truestudio for stm32 9.2.0/armtools/bin/../lib/gcc/arm-atollic-eabi/6.3.1/../../../../arm-atollic-eabi/lib/armv6-m\libc_nano.a(lib_a-nano-svfprintf.o) (_realloc_r)
c:/program files (x86)/atollic/truestudio for stm32 9.2.0/armtools/bin/../lib/gcc/arm-atollic-eabi/6.3.1/../../../../arm-atollic-eabi/lib/armv6-m\libc_nano.a(lib_a-sbrkr.o)
[...]
Memory Configuration

Name             Origin             Length             Attributes
RAM              0x20000000         0x00004000         xrw
FLASH            0x08000000         0x00020000         xr
*default*        0x00000000         0xffffffff

Linker script and memory map

LOAD c:/program files (x86)/atollic/truestudio for stm32 9.2.0/armtools/bin/../lib/gcc/arm-atollic-eabi/6.3.1/armv6-m/crti.o
LOAD c:/program files (x86)/atollic/truestudio for stm32 9.2.0/armtools/bin/../lib/gcc/arm-atollic-eabi/6.3.1/armv6-m/crtbegin.o
LOAD Core\Src\freertos.o
LOAD Core\Src\gpio.o
LOAD Core\Src\i2c.o
LOAD Core\Src\lora.o
LOAD Core\Src\main.o
LOAD Core\Src\stm32f0xx_hal_msp.o
LOAD Core\Src\stm32f0xx_hal_timebase_tim.o
LOAD Core\Src\stm32f0xx_it.o
LOAD Core\Src\syscalls.o
LOAD Core\Src\system_stm32f0xx.o
LOAD Core\Src\usart.o
LOAD Drivers\STM32F0xx_HAL_Driver\Src\stm32f0xx_hal.o
LOAD Drivers\STM32F0xx_HAL_Driver\Src\stm32f0xx_hal_cortex.o
LOAD Drivers\STM32F0xx_HAL_Driver\Src\stm32f0xx_hal_dma.o
LOAD Drivers\STM32F0xx_HAL_Driver\Src\stm32f0xx_hal_flash.o
LOAD Drivers\STM32F0xx_HAL_Driver\Src\stm32f0xx_hal_flash_ex.o
LOAD Drivers\STM32F0xx_HAL_Driver\Src\stm32f0xx_hal_gpio.o
LOAD Drivers\STM32F0xx_HAL_Driver\Src\stm32f0xx_hal_i2c.o
LOAD Drivers\STM32F0xx_HAL_Driver\Src\stm32f0xx_hal_i2c_ex.o
LOAD Drivers\STM32F0xx_HAL_Driver\Src\stm32f0xx_hal_pcd.o
LOAD Drivers\STM32F0xx_HAL_Driver\Src\stm32f0xx_hal_pcd_ex.o
LOAD Drivers\STM32F0xx_HAL_Driver\Src\stm32f0xx_hal_pwr.o
LOAD Drivers\STM32F0xx_HAL_Driver\Src\stm32f0xx_hal_pwr_ex.o
LOAD Drivers\STM32F0xx_HAL_Driver\Src\stm32f0xx_hal_rcc.o
LOAD Drivers\STM32F0xx_HAL_Driver\Src\stm32f0xx_hal_rcc_ex.o
LOAD Drivers\STM32F0xx_HAL_Driver\Src\stm32f0xx_hal_tim.o
LOAD Drivers\STM32F0xx_HAL_Driver\Src\stm32f0xx_hal_tim_ex.o
LOAD Drivers\STM32F0xx_HAL_Driver\Src\stm32f0xx_hal_uart.o
LOAD Drivers\STM32F0xx_HAL_Driver\Src\stm32f0xx_hal_uart_ex.o
LOAD Middlewares\ST\STM32_USB_Device_Library\Class\CDC\Src\usbd_cdc.o
LOAD Middlewares\ST\STM32_USB_Device_Library\Core\Src\usbd_core.o
LOAD Middlewares\ST\STM32_USB_Device_Library\Core\Src\usbd_ctlreq.o
LOAD Middlewares\ST\STM32_USB_Device_Library\Core\Src\usbd_ioreq.o
LOAD Middlewares\Third_Party\FreeRTOS\Source\CMSIS_RTOS\cmsis_os.o
LOAD Middlewares\Third_Party\FreeRTOS\Source\croutine.o
LOAD Middlewares\Third_Party\FreeRTOS\Source\event_groups.o
LOAD Middlewares\Third_Party\FreeRTOS\Source\list.o
LOAD Middlewares\Third_Party\FreeRTOS\Source\portable\GCC\ARM_CM0\port.o
LOAD Middlewares\Third_Party\FreeRTOS\Source\portable\MemMang\heap_4.o
LOAD Middlewares\Third_Party\FreeRTOS\Source\queue.o
LOAD Middlewares\Third_Party\FreeRTOS\Source\tasks.o
LOAD Middlewares\Third_Party\FreeRTOS\Source\timers.o
LOAD USB_DEVICE\App\usb_device.o
LOAD USB_DEVICE\App\usbd_cdc_if.o
LOAD USB_DEVICE\App\usbd_desc.o
LOAD USB_DEVICE\Target\usbd_conf.o
LOAD startup\startup_stm32f070xb.o
                0x00000080                malloc_getpagesize_P = 0x80
START GROUP
LOAD c:/program files (x86)/atollic/truestudio for stm32 9.2.0/armtools/bin/../lib/gcc/arm-atollic-eabi/6.3.1/../../../../arm-atollic-eabi/lib/armv6-m\libc_nano.a
LOAD c:/program files (x86)/atollic/truestudio for stm32 9.2.0/armtools/bin/../lib/gcc/arm-atollic-eabi/6.3.1/../../../../arm-atollic-eabi/lib/armv6-m\libm.a
END GROUP
START GROUP
LOAD c:/program files (x86)/atollic/truestudio for stm32 9.2.0/armtools/bin/../lib/gcc/arm-atollic-eabi/6.3.1/armv6-m\libgcc.a
LOAD c:/program files (x86)/atollic/truestudio for stm32 9.2.0/armtools/bin/../lib/gcc/arm-atollic-eabi/6.3.1/../../../../arm-atollic-eabi/lib/armv6-m\libc_nano.a
END GROUP
START GROUP
LOAD c:/program files (x86)/atollic/truestudio for stm32 9.2.0/armtools/bin/../lib/gcc/arm-atollic-eabi/6.3.1/armv6-m\libgcc.a
LOAD c:/program files (x86)/atollic/truestudio for stm32 9.2.0/armtools/bin/../lib/gcc/arm-atollic-eabi/6.3.1/../../../../arm-atollic-eabi/lib/armv6-m\libc_nano.a
LOAD c:/program files (x86)/atollic/truestudio for stm32 9.2.0/armtools/bin/../lib/gcc/arm-atollic-eabi/6.3.1/../../../../arm-atollic-eabi/lib/armv6-m\libnosys.a
END GROUP
START GROUP
LOAD c:/program files (x86)/atollic/truestudio for stm32 9.2.0/armtools/bin/../lib/gcc/arm-atollic-eabi/6.3.1/armv6-m\libgcc.a
LOAD c:/program files (x86)/atollic/truestudio for stm32 9.2.0/armtools/bin/../lib/gcc/arm-atollic-eabi/6.3.1/../../../../arm-atollic-eabi/lib/armv6-m\libc_nano.a
LOAD c:/program files (x86)/atollic/truestudio for stm32 9.2.0/armtools/bin/../lib/gcc/arm-atollic-eabi/6.3.1/../../../../arm-atollic-eabi/lib/armv6-m\libnosys.a
END GROUP
LOAD c:/program files (x86)/atollic/truestudio for stm32 9.2.0/armtools/bin/../lib/gcc/arm-atollic-eabi/6.3.1/armv6-m/crtend.o
LOAD c:/program files (x86)/atollic/truestudio for stm32 9.2.0/armtools/bin/../lib/gcc/arm-atollic-eabi/6.3.1/armv6-m/crtn.o
                0x20004000                _estack = 0x20004000
                0x00000200                _Min_Heap_Size = 0x200
                0x00000400                _Min_Stack_Size = 0x400

.isr_vector     0x08000000       0xc0
                0x08000000                . = ALIGN (0x4)
 *(.isr_vector)
 .isr_vector    0x08000000       0xc0 startup\startup_stm32f070xb.o
                0x08000000                g_pfnVectors
                0x080000c0                . = ALIGN (0x4)

.text           0x080000c0     0x4c24
                0x080000c0                . = ALIGN (0x4)
 *(.text)
 .text          0x080000c0       0x48 c:/program files (x86)/atollic/truestudio for stm32 9.2.0/armtools/bin/../lib/gcc/arm-atollic-eabi/6.3.1/armv6-m/crtbegin.o
 .text          0x08000108       0x14 c:/program files (x86)/atollic/truestudio for stm32 9.2.0/armtools/bin/../lib/gcc/arm-atollic-eabi/6.3.1/armv6-m\libgcc.a(_thumb1_case_uqi.o)
                0x08000108                __gnu_thumb1_case_uqi
 .text          0x0800011c       0x14 c:/program files (x86)/atollic/truestudio for stm32 9.2.0/armtools/bin/../lib/gcc/arm-atollic-eabi/6.3.1/armv6-m\libgcc.a(_thumb1_case_uhi.o)
                0x0800011c                __gnu_thumb1_case_uhi
 .text          0x08000130      0x114 c:/program files (x86)/atollic/truestudio for stm32 9.2.0/armtools/bin/../lib/gcc/arm-atollic-eabi/6.3.1/armv6-m\libgcc.a(_udivsi3.o)
                0x08000130                __aeabi_uidiv
                0x08000130                __udivsi3
                0x0800023c                __aeabi_uidivmod
 .text          0x08000244        0x4 c:/program files (x86)/atollic/truestudio for stm32 9.2.0/armtools/bin/../lib/gcc/arm-atollic-eabi/6.3.1/armv6-m\libgcc.a(_dvmd_tls.o)
                0x08000244                __aeabi_idiv0
                0x08000244                __aeabi_ldiv0
 *(.text*)
 .text.StartServiceTask
                0x08000248        0xa Core\Src\freertos.o
                0x08000248                StartServiceTask
 *fill*         0x08000252        0x2 
 .text.StartDefaultTask
                0x08000254      0x120 Core\Src\freertos.o
                0x08000254                StartDefaultTask
 .text.MX_FREERTOS_Init
                0x08000374       0x48 Core\Src\freertos.o
                0x08000374                MX_FREERTOS_Init
 .text.MX_GPIO_Init
                0x080003bc       0xb0 Core\Src\gpio.o
                0x080003bc                MX_GPIO_Init
 .text.MX_I2C1_Init
                0x0800046c       0x5c Core\Src\i2c.o
                0x0800046c                MX_I2C1_Init
 .text.HAL_I2C_MspInit
                0x080004c8       0x6c Core\Src\i2c.o
                0x080004c8                HAL_I2C_MspInit
 .text.lora_module_reboot
                0x08000534       0x60 Core\Src\lora.o
                0x08000534                lora_module_reboot
 .text.lora_module_set_gpio
                0x08000594       0x74 Core\Src\lora.o
                0x08000594                lora_module_set_gpio
 .text.lora_module_send_command
                0x08000608       0x98 Core\Src\lora.o
                0x08000608                lora_module_send_command
 .text.lora_module_join_otaa
                0x080006a0       0x74 Core\Src\lora.o
                0x080006a0                lora_module_join_otaa
 .text.SystemClock_Config
                0x08000714       0x74 Core\Src\main.o
                0x08000714                SystemClock_Config
 .text.startup.main
                0x08000788       0x30 Core\Src\main.o
                0x08000788                main
 .text.HAL_TIM_PeriodElapsedCallback
                0x080007b8       0x14 Core\Src\main.o
                0x080007b8                HAL_TIM_PeriodElapsedCallback
 .text.HAL_UART_RxCpltCallback
                0x080007cc        0xc Core\Src\main.o
                0x080007cc                HAL_UART_RxCpltCallback
 .text.Error_Handler
                0x080007d8        0x2 Core\Src\main.o
                0x080007d8                Error_Handler
 *fill*         0x080007da        0x2 
 .text.HAL_MspInit
                0x080007dc       0x38 Core\Src\stm32f0xx_hal_msp.o
                0x080007dc                HAL_MspInit
 .text.HAL_InitTick
                0x08000814       0x7c Core\Src\stm32f0xx_hal_timebase_tim.o
                0x08000814                HAL_InitTick
 .text.NMI_Handler
                0x08000890        0x2 Core\Src\stm32f0xx_it.o
                0x08000890                NMI_Handler
 .text.HardFault_Handler
                0x08000892        0x2 Core\Src\stm32f0xx_it.o
                0x08000892                HardFault_Handler
 .text.TIM1_BRK_UP_TRG_COM_IRQHandler
                0x08000894       0x10 Core\Src\stm32f0xx_it.o
                0x08000894                TIM1_BRK_UP_TRG_COM_IRQHandler
 .text.USART2_IRQHandler
                0x080008a4       0x10 Core\Src\stm32f0xx_it.o
                0x080008a4                USART2_IRQHandler
 .text.USART3_4_IRQHandler
                0x080008b4       0x10 Core\Src\stm32f0xx_it.o
                0x080008b4                USART3_4_IRQHandler
 .text.USB_IRQHandler
                0x080008c4       0x10 Core\Src\stm32f0xx_it.o
                0x080008c4                USB_IRQHandler
 .text._sbrk    0x080008d4       0x34 Core\Src\syscalls.o
                0x080008d4                _sbrk
 .text.SystemInit
                0x08000908       0x68 Core\Src\system_stm32f0xx.o
                0x08000908                SystemInit
 .text.MX_USART2_UART_Init
                0x08000970       0x38 Core\Src\usart.o
                0x08000970                MX_USART2_UART_Init
 .text.MX_USART3_UART_Init
                0x080009a8       0x38 Core\Src\usart.o
                0x080009a8                MX_USART3_UART_Init
 .text.HAL_UART_MspInit
                0x080009e0       0xc8 Core\Src\usart.o
                0x080009e0                HAL_UART_MspInit
 .text.HAL_Init
                0x08000aa8       0x20 Drivers\STM32F0xx_HAL_Driver\Src\stm32f0xx_hal.o
                0x08000aa8                HAL_Init
 .text.HAL_IncTick
                0x08000ac8       0x10 Drivers\STM32F0xx_HAL_Driver\Src\stm32f0xx_hal.o
                0x08000ac8                HAL_IncTick
 .text.HAL_GetTick
                0x08000ad8        0xc Drivers\STM32F0xx_HAL_Driver\Src\stm32f0xx_hal.o
                0x08000ad8                HAL_GetTick
 .text.HAL_NVIC_SetPriority
                0x08000ae4       0x60 Drivers\STM32F0xx_HAL_Driver\Src\stm32f0xx_hal_cortex.o
                0x08000ae4                HAL_NVIC_SetPriority
 .text.HAL_NVIC_EnableIRQ
                0x08000b44       0x14 Drivers\STM32F0xx_HAL_Driver\Src\stm32f0xx_hal_cortex.o
                0x08000b44                HAL_NVIC_EnableIRQ
 .text.HAL_DMA_Abort_IT
                0x08000b58       0x46 Drivers\STM32F0xx_HAL_Driver\Src\stm32f0xx_hal_dma.o
                0x08000b58                HAL_DMA_Abort_IT
 *fill*         0x08000b9e        0x2 
 .text.HAL_GPIO_Init
                0x08000ba0      0x160 Drivers\STM32F0xx_HAL_Driver\Src\stm32f0xx_hal_gpio.o
                0x08000ba0                HAL_GPIO_Init
 .text.HAL_GPIO_WritePin
                0x08000d00        0xc Drivers\STM32F0xx_HAL_Driver\Src\stm32f0xx_hal_gpio.o
                0x08000d00                HAL_GPIO_WritePin
 .text.HAL_I2C_Init
                0x08000d0c       0xac Drivers\STM32F0xx_HAL_Driver\Src\stm32f0xx_hal_i2c.o
                0x08000d0c                HAL_I2C_Init
 .text.HAL_I2CEx_ConfigAnalogFilter
                0x08000db8       0x4c Drivers\STM32F0xx_HAL_Driver\Src\stm32f0xx_hal_i2c_ex.o
                0x08000db8                HAL_I2CEx_ConfigAnalogFilter
 .text.HAL_I2CEx_ConfigDigitalFilter
                0x08000e04       0x48 Drivers\STM32F0xx_HAL_Driver\Src\stm32f0xx_hal_i2c_ex.o
                0x08000e04                HAL_I2CEx_ConfigDigitalFilter
 .text.HAL_PCD_Init
                0x08000e4c       0x8c Drivers\STM32F0xx_HAL_Driver\Src\stm32f0xx_hal_pcd.o
                0x08000e4c                HAL_PCD_Init
 .text.HAL_PCD_Start
                0x08000ed8       0x12 Drivers\STM32F0xx_HAL_Driver\Src\stm32f0xx_hal_pcd.o
                0x08000ed8                HAL_PCD_Start
 .text.HAL_PCD_SetAddress
                0x08000eea       0x2c Drivers\STM32F0xx_HAL_Driver\Src\stm32f0xx_hal_pcd.o
                0x08000eea                HAL_PCD_SetAddress
 *fill*         0x08000f16        0x2 
 .text.HAL_PCD_EP_Open
                0x08000f18      0x2a4 Drivers\STM32F0xx_HAL_Driver\Src\stm32f0xx_hal_pcd.o
                0x08000f18                HAL_PCD_EP_Open
 .text.HAL_PCD_EP_Close
                0x080011bc      0x140 Drivers\STM32F0xx_HAL_Driver\Src\stm32f0xx_hal_pcd.o
                0x080011bc                HAL_PCD_EP_Close
 .text.HAL_PCD_EP_Receive
                0x080012fc      0x140 Drivers\STM32F0xx_HAL_Driver\Src\stm32f0xx_hal_pcd.o
                0x080012fc                HAL_PCD_EP_Receive
 .text.HAL_PCD_EP_GetRxCount
                0x0800143c       0x12 Drivers\STM32F0xx_HAL_Driver\Src\stm32f0xx_hal_pcd.o
                0x0800143c                HAL_PCD_EP_GetRxCount
 *fill*         0x0800144e        0x2 
 .text.HAL_PCD_EP_SetStall
                0x08001450       0x94 Drivers\STM32F0xx_HAL_Driver\Src\stm32f0xx_hal_pcd.o
                0x08001450                HAL_PCD_EP_SetStall
 .text.HAL_PCD_EP_ClrStall
                0x080014e4       0xb4 Drivers\STM32F0xx_HAL_Driver\Src\stm32f0xx_hal_pcd.o
                0x080014e4                HAL_PCD_EP_ClrStall
 .text.PCD_WritePMA
                0x08001598       0x28 Drivers\STM32F0xx_HAL_Driver\Src\stm32f0xx_hal_pcd.o
                0x08001598                PCD_WritePMA
 .text.HAL_PCD_EP_Transmit
                0x080015c0      0x1c0 Drivers\STM32F0xx_HAL_Driver\Src\stm32f0xx_hal_pcd.o
                0x080015c0                HAL_PCD_EP_Transmit
 .text.PCD_ReadPMA
                0x08001780       0x34 Drivers\STM32F0xx_HAL_Driver\Src\stm32f0xx_hal_pcd.o
                0x08001780                PCD_ReadPMA
 .text.HAL_PCD_IRQHandler
                0x080017b4      0x474 Drivers\STM32F0xx_HAL_Driver\Src\stm32f0xx_hal_pcd.o
                0x080017b4                HAL_PCD_IRQHandler
 .text.HAL_PCDEx_PMAConfig
                0x08001c28       0x32 Drivers\STM32F0xx_HAL_Driver\Src\stm32f0xx_hal_pcd_ex.o
                0x08001c28                HAL_PCDEx_PMAConfig
 *fill*         0x08001c5a        0x2 
 .text.HAL_RCC_OscConfig
                0x08001c5c      0x3d8 Drivers\STM32F0xx_HAL_Driver\Src\stm32f0xx_hal_rcc.o
                0x08001c5c                HAL_RCC_OscConfig
 .text.HAL_RCC_GetSysClockFreq
                0x08002034       0x58 Drivers\STM32F0xx_HAL_Driver\Src\stm32f0xx_hal_rcc.o
                0x08002034                HAL_RCC_GetSysClockFreq
 .text.HAL_RCC_ClockConfig
                0x0800208c      0x12c Drivers\STM32F0xx_HAL_Driver\Src\stm32f0xx_hal_rcc.o
                0x0800208c                HAL_RCC_ClockConfig
 .text.HAL_RCC_GetPCLK1Freq
                0x080021b8       0x20 Drivers\STM32F0xx_HAL_Driver\Src\stm32f0xx_hal_rcc.o
                0x080021b8                HAL_RCC_GetPCLK1Freq
 .text.HAL_RCC_GetClockConfig
                0x080021d8       0x38 Drivers\STM32F0xx_HAL_Driver\Src\stm32f0xx_hal_rcc.o
                0x080021d8                HAL_RCC_GetClockConfig
 .text.HAL_RCCEx_PeriphCLKConfig
                0x08002210      0x118 Drivers\STM32F0xx_HAL_Driver\Src\stm32f0xx_hal_rcc_ex.o
                0x08002210                HAL_RCCEx_PeriphCLKConfig
 .text.HAL_TIM_Base_MspInit
                0x08002328        0x2 Drivers\STM32F0xx_HAL_Driver\Src\stm32f0xx_hal_tim.o
                0x08002328                HAL_TIM_Base_MspInit
 .text.HAL_TIM_Base_Start_IT
                0x0800232a       0x14 Drivers\STM32F0xx_HAL_Driver\Src\stm32f0xx_hal_tim.o
                0x0800232a                HAL_TIM_Base_Start_IT
 .text.HAL_TIM_OC_DelayElapsedCallback
                0x0800233e        0x2 Drivers\STM32F0xx_HAL_Driver\Src\stm32f0xx_hal_tim.o
                0x0800233e                HAL_TIM_OC_DelayElapsedCallback
 .text.HAL_TIM_IC_CaptureCallback
                0x08002340        0x2 Drivers\STM32F0xx_HAL_Driver\Src\stm32f0xx_hal_tim.o
                0x08002340                HAL_TIM_IC_CaptureCallback
 .text.HAL_TIM_PWM_PulseFinishedCallback
                0x08002342        0x2 Drivers\STM32F0xx_HAL_Driver\Src\stm32f0xx_hal_tim.o
                0x08002342                HAL_TIM_PWM_PulseFinishedCallback
 .text.HAL_TIM_TriggerCallback
                0x08002344        0x2 Drivers\STM32F0xx_HAL_Driver\Src\stm32f0xx_hal_tim.o
                0x08002344                HAL_TIM_TriggerCallback
 .text.HAL_TIM_IRQHandler
                0x08002346      0x148 Drivers\STM32F0xx_HAL_Driver\Src\stm32f0xx_hal_tim.o
                0x08002346                HAL_TIM_IRQHandler
 *fill*         0x0800248e        0x2 
 .text.TIM_Base_SetConfig
                0x08002490       0x90 Drivers\STM32F0xx_HAL_Driver\Src\stm32f0xx_hal_tim.o
                0x08002490                TIM_Base_SetConfig
 .text.HAL_TIM_Base_Init
                0x08002520       0x36 Drivers\STM32F0xx_HAL_Driver\Src\stm32f0xx_hal_tim.o
                0x08002520                HAL_TIM_Base_Init
 .text.HAL_TIMEx_CommutationCallback
                0x08002556        0x2 Drivers\STM32F0xx_HAL_Driver\Src\stm32f0xx_hal_tim_ex.o
                0x08002556                HAL_TIMEx_CommutationCallback
 .text.HAL_TIMEx_BreakCallback
                0x08002558        0x2 Drivers\STM32F0xx_HAL_Driver\Src\stm32f0xx_hal_tim_ex.o
                0x08002558                HAL_TIMEx_BreakCallback
 *fill*         0x0800255a        0x2 
 .text.UART_EndRxTransfer
                0x0800255c       0x20 Drivers\STM32F0xx_HAL_Driver\Src\stm32f0xx_hal_uart.o
 .text.HAL_UART_TxCpltCallback
                0x0800257c        0x2 Drivers\STM32F0xx_HAL_Driver\Src\stm32f0xx_hal_uart.o
                0x0800257c                HAL_UART_TxCpltCallback
 .text.HAL_UART_ErrorCallback
                0x0800257e        0x2 Drivers\STM32F0xx_HAL_Driver\Src\stm32f0xx_hal_uart.o
                0x0800257e                HAL_UART_ErrorCallback
 .text.UART_DMAAbortOnError
                0x08002580       0x16 Drivers\STM32F0xx_HAL_Driver\Src\stm32f0xx_hal_uart.o
 *fill*         0x08002596        0x2 
 .text.UART_SetConfig
                0x08002598      0x148 Drivers\STM32F0xx_HAL_Driver\Src\stm32f0xx_hal_uart.o
                0x08002598                UART_SetConfig
 .text.UART_AdvFeatureConfig
                0x080026e0       0xd0 Drivers\STM32F0xx_HAL_Driver\Src\stm32f0xx_hal_uart.o
                0x080026e0                UART_AdvFeatureConfig
 .text.HAL_UART_Init
                0x080027b0       0x78 Drivers\STM32F0xx_HAL_Driver\Src\stm32f0xx_hal_uart.o
                0x080027b0                HAL_UART_Init
 .text.UART_WaitOnFlagUntilTimeout
                0x08002828       0x64 Drivers\STM32F0xx_HAL_Driver\Src\stm32f0xx_hal_uart.o
                0x08002828                UART_WaitOnFlagUntilTimeout
 .text.HAL_UART_Transmit
                0x0800288c       0xcc Drivers\STM32F0xx_HAL_Driver\Src\stm32f0xx_hal_uart.o
                0x0800288c                HAL_UART_Transmit
 .text.HAL_UART_Receive
                0x08002958      0x100 Drivers\STM32F0xx_HAL_Driver\Src\stm32f0xx_hal_uart.o
                0x08002958                HAL_UART_Receive
 .text.UART_Transmit_IT
                0x08002a58       0x64 Drivers\STM32F0xx_HAL_Driver\Src\stm32f0xx_hal_uart.o
                0x08002a58                UART_Transmit_IT
 .text.UART_EndTransmit_IT
                0x08002abc       0x1c Drivers\STM32F0xx_HAL_Driver\Src\stm32f0xx_hal_uart.o
                0x08002abc                UART_EndTransmit_IT
 .text.UART_Receive_IT
                0x08002ad8       0x7c Drivers\STM32F0xx_HAL_Driver\Src\stm32f0xx_hal_uart.o
                0x08002ad8                UART_Receive_IT
 .text.HAL_UART_IRQHandler
                0x08002b54      0x118 Drivers\STM32F0xx_HAL_Driver\Src\stm32f0xx_hal_uart.o
                0x08002b54                HAL_UART_IRQHandler
 .text.USBD_CDC_DataIn
                0x08002c6c       0x16 Middlewares\ST\STM32_USB_Device_Library\Class\CDC\Src\usbd_cdc.o
 *fill*         0x08002c82        0x2 
 .text.USBD_CDC_EP0_RxReady
                0x08002c84       0x30 Middlewares\ST\STM32_USB_Device_Library\Class\CDC\Src\usbd_cdc.o
 .text.USBD_CDC_GetFSCfgDesc
                0x08002cb4        0xc Middlewares\ST\STM32_USB_Device_Library\Class\CDC\Src\usbd_cdc.o
 .text.USBD_CDC_GetHSCfgDesc
                0x08002cc0        0xc Middlewares\ST\STM32_USB_Device_Library\Class\CDC\Src\usbd_cdc.o
 .text.USBD_CDC_GetOtherSpeedCfgDesc
                0x08002ccc        0xc Middlewares\ST\STM32_USB_Device_Library\Class\CDC\Src\usbd_cdc.o
 .text.USBD_CDC_GetDeviceQualifierDescriptor
                0x08002cd8        0xc Middlewares\ST\STM32_USB_Device_Library\Class\CDC\Src\usbd_cdc.o
                0x08002cd8                USBD_CDC_GetDeviceQualifierDescriptor
 .text.USBD_CDC_DataOut
                0x08002ce4       0x34 Middlewares\ST\STM32_USB_Device_Library\Class\CDC\Src\usbd_cdc.o
 .text.USBD_CDC_Setup
                0x08002d18       0x78 Middlewares\ST\STM32_USB_Device_Library\Class\CDC\Src\usbd_cdc.o
 .text.USBD_CDC_DeInit
                0x08002d90       0x3c Middlewares\ST\STM32_USB_Device_Library\Class\CDC\Src\usbd_cdc.o
 .text.USBD_CDC_Init
                0x08002dcc       0x90 Middlewares\ST\STM32_USB_Device_Library\Class\CDC\Src\usbd_cdc.o
 .text.USBD_CDC_RegisterInterface
                0x08002e5c       0x12 Middlewares\ST\STM32_USB_Device_Library\Class\CDC\Src\usbd_cdc.o
                0x08002e5c                USBD_CDC_RegisterInterface
 .text.USBD_CDC_SetTxBuffer
                0x08002e6e       0x16 Middlewares\ST\STM32_USB_Device_Library\Class\CDC\Src\usbd_cdc.o
                0x08002e6e                USBD_CDC_SetTxBuffer
 .text.USBD_CDC_SetRxBuffer
                0x08002e84        0xe Middlewares\ST\STM32_USB_Device_Library\Class\CDC\Src\usbd_cdc.o
                0x08002e84                USBD_CDC_SetRxBuffer
 .text.USBD_CDC_TransmitPacket
                0x08002e92       0x36 Middlewares\ST\STM32_USB_Device_Library\Class\CDC\Src\usbd_cdc.o
                0x08002e92                USBD_CDC_TransmitPacket
 .text.USBD_CDC_ReceivePacket
                0x08002ec8       0x34 Middlewares\ST\STM32_USB_Device_Library\Class\CDC\Src\usbd_cdc.o
                0x08002ec8                USBD_CDC_ReceivePacket
 .text.USBD_Init
                0x08002efc       0x34 Middlewares\ST\STM32_USB_Device_Library\Core\Src\usbd_core.o
                0x08002efc                USBD_Init
 .text.USBD_RegisterClass
                0x08002f30       0x12 Middlewares\ST\STM32_USB_Device_Library\Core\Src\usbd_core.o
                0x08002f30                USBD_RegisterClass
 .text.USBD_Start
                0x08002f42        0xa Middlewares\ST\STM32_USB_Device_Library\Core\Src\usbd_core.o
                0x08002f42                USBD_Start
 .text.USBD_SetClassConfig
                0x08002f4c       0x1a Middlewares\ST\STM32_USB_Device_Library\Core\Src\usbd_core.o
                0x08002f4c                USBD_SetClassConfig
 .text.USBD_ClrClassConfig
                0x08002f66       0x10 Middlewares\ST\STM32_USB_Device_Library\Core\Src\usbd_core.o
                0x08002f66                USBD_ClrClassConfig
 *fill*         0x08002f76        0x2 
 .text.USBD_LL_SetupStage
                0x08002f78       0x68 Middlewares\ST\STM32_USB_Device_Library\Core\Src\usbd_core.o
                0x08002f78                USBD_LL_SetupStage
 .text.USBD_LL_DataOutStage
                0x08002fe0       0x74 Middlewares\ST\STM32_USB_Device_Library\Core\Src\usbd_core.o
                0x08002fe0                USBD_LL_DataOutStage
 .text.USBD_LL_DataInStage
                0x08003054       0xac Middlewares\ST\STM32_USB_Device_Library\Core\Src\usbd_core.o
                0x08003054                USBD_LL_DataInStage
 .text.USBD_LL_Reset
                0x08003100       0x46 Middlewares\ST\STM32_USB_Device_Library\Core\Src\usbd_core.o
                0x08003100                USBD_LL_Reset
 .text.USBD_LL_SetSpeed
                0x08003146        0x6 Middlewares\ST\STM32_USB_Device_Library\Core\Src\usbd_core.o
                0x08003146                USBD_LL_SetSpeed
 .text.USBD_LL_Suspend
                0x0800314c       0x16 Middlewares\ST\STM32_USB_Device_Library\Core\Src\usbd_core.o
                0x0800314c                USBD_LL_Suspend
 .text.USBD_LL_Resume
                0x08003162        0xe Middlewares\ST\STM32_USB_Device_Library\Core\Src\usbd_core.o
                0x08003162                USBD_LL_Resume
 .text.USBD_LL_SOF
                0x08003170       0x1e Middlewares\ST\STM32_USB_Device_Library\Core\Src\usbd_core.o
                0x08003170                USBD_LL_SOF
 .text.USBD_CtlError.constprop.0
                0x0800318e       0x14 Middlewares\ST\STM32_USB_Device_Library\Core\Src\usbd_ctlreq.o
 *fill*         0x080031a2        0x2 
 .text.USBD_StdDevReq
                0x080031a4      0x224 Middlewares\ST\STM32_USB_Device_Library\Core\Src\usbd_ctlreq.o
                0x080031a4                USBD_StdDevReq
 .text.USBD_StdItfReq
                0x080033c8       0x38 Middlewares\ST\STM32_USB_Device_Library\Core\Src\usbd_ctlreq.o
                0x080033c8                USBD_StdItfReq
 .text.USBD_StdEPReq
                0x08003400       0xdc Middlewares\ST\STM32_USB_Device_Library\Core\Src\usbd_ctlreq.o
                0x08003400                USBD_StdEPReq
 .text.USBD_ParseSetupRequest
                0x080034dc       0x28 Middlewares\ST\STM32_USB_Device_Library\Core\Src\usbd_ctlreq.o
                0x080034dc                USBD_ParseSetupRequest
 .text.USBD_GetString
                0x08003504       0x3a Middlewares\ST\STM32_USB_Device_Library\Core\Src\usbd_ctlreq.o
                0x08003504                USBD_GetString
 .text.USBD_CtlSendData
                0x0800353e       0x1c Middlewares\ST\STM32_USB_Device_Library\Core\Src\usbd_ioreq.o
                0x0800353e                USBD_CtlSendData
 .text.USBD_CtlContinueSendData
                0x0800355a       0x10 Middlewares\ST\STM32_USB_Device_Library\Core\Src\usbd_ioreq.o
                0x0800355a                USBD_CtlContinueSendData
 .text.USBD_CtlPrepareRx
                0x0800356a       0x20 Middlewares\ST\STM32_USB_Device_Library\Core\Src\usbd_ioreq.o
                0x0800356a                USBD_CtlPrepareRx
 .text.USBD_CtlContinueRx
                0x0800358a       0x10 Middlewares\ST\STM32_USB_Device_Library\Core\Src\usbd_ioreq.o
                0x0800358a                USBD_CtlContinueRx
 .text.USBD_CtlSendStatus
                0x0800359a       0x18 Middlewares\ST\STM32_USB_Device_Library\Core\Src\usbd_ioreq.o
                0x0800359a                USBD_CtlSendStatus
 .text.USBD_CtlReceiveStatus
                0x080035b2       0x18 Middlewares\ST\STM32_USB_Device_Library\Core\Src\usbd_ioreq.o
                0x080035b2                USBD_CtlReceiveStatus
 .text.osKernelStart
                0x080035ca        0xa Middlewares\Third_Party\FreeRTOS\Source\CMSIS_RTOS\cmsis_os.o
                0x080035ca                osKernelStart
 .text.osThreadCreate
                0x080035d4       0x30 Middlewares\Third_Party\FreeRTOS\Source\CMSIS_RTOS\cmsis_os.o
                0x080035d4                osThreadCreate
 .text.osDelay  0x08003604       0x10 Middlewares\Third_Party\FreeRTOS\Source\CMSIS_RTOS\cmsis_os.o
                0x08003604                osDelay
 .text.vListInitialise
                0x08003614       0x16 Middlewares\Third_Party\FreeRTOS\Source\list.o
                0x08003614                vListInitialise
 .text.vListInitialiseItem
                0x0800362a        0x6 Middlewares\Third_Party\FreeRTOS\Source\list.o
                0x0800362a                vListInitialiseItem
 .text.vListInsertEnd
                0x08003630       0x18 Middlewares\Third_Party\FreeRTOS\Source\list.o
                0x08003630                vListInsertEnd
 .text.vListInsert
                0x08003648       0x2e Middlewares\Third_Party\FreeRTOS\Source\list.o
                0x08003648                vListInsert
 .text.uxListRemove
                0x08003676       0x20 Middlewares\Third_Party\FreeRTOS\Source\list.o
                0x08003676                uxListRemove
 *fill*         0x08003696        0x2 
 .text.prvTaskExitError
                0x08003698       0x14 Middlewares\Third_Party\FreeRTOS\Source\portable\GCC\ARM_CM0\port.o
 *fill*         0x080036ac        0x4 
 .text.vPortStartFirstTask
                0x080036b0       0x34 Middlewares\Third_Party\FreeRTOS\Source\portable\GCC\ARM_CM0\port.o
 .text.pxPortInitialiseStack
                0x080036e4       0x20 Middlewares\Third_Party\FreeRTOS\Source\portable\GCC\ARM_CM0\port.o
                0x080036e4                pxPortInitialiseStack
 .text.SVC_Handler
                0x08003704        0x2 Middlewares\Third_Party\FreeRTOS\Source\portable\GCC\ARM_CM0\port.o
                0x08003704                SVC_Handler
 *fill*         0x08003706        0x2 
 .text.vPortYield
                0x08003708       0x18 Middlewares\Third_Party\FreeRTOS\Source\portable\GCC\ARM_CM0\port.o
                0x08003708                vPortYield
 .text.vPortEnterCritical
                0x08003720       0x18 Middlewares\Third_Party\FreeRTOS\Source\portable\GCC\ARM_CM0\port.o
                0x08003720                vPortEnterCritical
 .text.vPortExitCritical
                0x08003738       0x1c Middlewares\Third_Party\FreeRTOS\Source\portable\GCC\ARM_CM0\port.o
                0x08003738                vPortExitCritical
 .text.ulSetInterruptMaskFromISR
                0x08003754        0xa Middlewares\Third_Party\FreeRTOS\Source\portable\GCC\ARM_CM0\port.o
                0x08003754                ulSetInterruptMaskFromISR
 .text.vClearInterruptMaskFromISR
                0x0800375e        0x6 Middlewares\Third_Party\FreeRTOS\Source\portable\GCC\ARM_CM0\port.o
                0x0800375e                vClearInterruptMaskFromISR
 *fill*         0x08003764        0xc 
 .text.PendSV_Handler
                0x08003770       0x44 Middlewares\Third_Party\FreeRTOS\Source\portable\GCC\ARM_CM0\port.o
                0x08003770                PendSV_Handler
 .text.SysTick_Handler
                0x080037b4       0x24 Middlewares\Third_Party\FreeRTOS\Source\portable\GCC\ARM_CM0\port.o
                0x080037b4                SysTick_Handler
 .text.vPortSetupTimerInterrupt
                0x080037d8       0x28 Middlewares\Third_Party\FreeRTOS\Source\portable\GCC\ARM_CM0\port.o
                0x080037d8                vPortSetupTimerInterrupt
 .text.xPortStartScheduler
                0x08003800       0x34 Middlewares\Third_Party\FreeRTOS\Source\portable\GCC\ARM_CM0\port.o
                0x08003800                xPortStartScheduler
 .text.unlikely.prvInsertBlockIntoFreeList
                0x08003834       0x48 Middlewares\Third_Party\FreeRTOS\Source\portable\MemMang\heap_4.o
 .text.pvPortMalloc
                0x0800387c      0x104 Middlewares\Third_Party\FreeRTOS\Source\portable\MemMang\heap_4.o
                0x0800387c                pvPortMalloc
 .text.vPortFree
                0x08003980       0x48 Middlewares\Third_Party\FreeRTOS\Source\portable\MemMang\heap_4.o
                0x08003980                vPortFree
 .text.prvResetNextTaskUnblockTime
                0x080039c8       0x28 Middlewares\Third_Party\FreeRTOS\Source\tasks.o
 .text.prvAddCurrentTaskToDelayedList
                0x080039f0       0x70 Middlewares\Third_Party\FreeRTOS\Source\tasks.o
 .text.xTaskCreate
                0x08003a60      0x188 Middlewares\Third_Party\FreeRTOS\Source\tasks.o
                0x08003a60                xTaskCreate
 .text.vTaskStartScheduler
                0x08003be8       0x54 Middlewares\Third_Party\FreeRTOS\Source\tasks.o
                0x08003be8                vTaskStartScheduler
 .text.vTaskSuspendAll
                0x08003c3c       0x10 Middlewares\Third_Party\FreeRTOS\Source\tasks.o
                0x08003c3c                vTaskSuspendAll
 .text.xTaskIncrementTick
                0x08003c4c       0xfc Middlewares\Third_Party\FreeRTOS\Source\tasks.o
                0x08003c4c                xTaskIncrementTick
 .text.xTaskResumeAll
                0x08003d48       0xd0 Middlewares\Third_Party\FreeRTOS\Source\tasks.o
                0x08003d48                xTaskResumeAll
 .text.vTaskDelay
                0x08003e18       0x34 Middlewares\Third_Party\FreeRTOS\Source\tasks.o
                0x08003e18                vTaskDelay
 .text.prvIdleTask
                0x08003e4c       0x68 Middlewares\Third_Party\FreeRTOS\Source\tasks.o
 .text.vTaskSwitchContext
                0x08003eb4       0x6c Middlewares\Third_Party\FreeRTOS\Source\tasks.o
                0x08003eb4                vTaskSwitchContext
 .text.MX_USB_DEVICE_Init
                0x08003f20       0x58 USB_DEVICE\App\usb_device.o
                0x08003f20                MX_USB_DEVICE_Init
 .text.CDC_DeInit_FS
                0x08003f78        0x4 USB_DEVICE\App\usbd_cdc_if.o
 .text.CDC_Control_FS
                0x08003f7c        0x4 USB_DEVICE\App\usbd_cdc_if.o
 .text.CDC_Receive_FS
                0x08003f80       0x1c USB_DEVICE\App\usbd_cdc_if.o
 .text.CDC_Init_FS
                0x08003f9c       0x28 USB_DEVICE\App\usbd_cdc_if.o
 .text.CDC_Transmit_FS
                0x08003fc4       0x2c USB_DEVICE\App\usbd_cdc_if.o
                0x08003fc4                CDC_Transmit_FS
 .text.USBD_FS_DeviceDescriptor
                0x08003ff0        0xc USB_DEVICE\App\usbd_desc.o
                0x08003ff0                USBD_FS_DeviceDescriptor
 .text.USBD_FS_LangIDStrDescriptor
                0x08003ffc        0xc USB_DEVICE\App\usbd_desc.o
                0x08003ffc                USBD_FS_LangIDStrDescriptor
 .text.IntToUnicode
                0x08004008       0x24 USB_DEVICE\App\usbd_desc.o
 .text.USBD_FS_SerialStrDescriptor
                0x0800402c       0x44 USB_DEVICE\App\usbd_desc.o
                0x0800402c                USBD_FS_SerialStrDescriptor
 .text.USBD_FS_ManufacturerStrDescriptor
                0x08004070       0x1c USB_DEVICE\App\usbd_desc.o
                0x08004070                USBD_FS_ManufacturerStrDescriptor
 .text.USBD_FS_ProductStrDescriptor
                0x0800408c       0x1c USB_DEVICE\App\usbd_desc.o
                0x0800408c                USBD_FS_ProductStrDescriptor
 .text.USBD_FS_ConfigStrDescriptor
                0x080040a8       0x1c USB_DEVICE\App\usbd_desc.o
                0x080040a8                USBD_FS_ConfigStrDescriptor
 .text.USBD_FS_InterfaceStrDescriptor
                0x080040c4       0x1c USB_DEVICE\App\usbd_desc.o
                0x080040c4                USBD_FS_InterfaceStrDescriptor
 .text.HAL_PCD_MspInit
                0x080040e0       0x38 USB_DEVICE\Target\usbd_conf.o
                0x080040e0                HAL_PCD_MspInit
 .text.HAL_PCD_SetupStageCallback
                0x08004118       0x14 USB_DEVICE\Target\usbd_conf.o
                0x08004118                HAL_PCD_SetupStageCallback
 .text.HAL_PCD_DataOutStageCallback
                0x0800412c       0x18 USB_DEVICE\Target\usbd_conf.o
                0x0800412c                HAL_PCD_DataOutStageCallback
 .text.HAL_PCD_DataInStageCallback
                0x08004144       0x16 USB_DEVICE\Target\usbd_conf.o
                0x08004144                HAL_PCD_DataInStageCallback
 .text.HAL_PCD_SOFCallback
                0x0800415a        0xe USB_DEVICE\Target\usbd_conf.o
                0x0800415a                HAL_PCD_SOFCallback
 .text.HAL_PCD_ResetCallback
                0x08004168       0x22 USB_DEVICE\Target\usbd_conf.o
                0x08004168                HAL_PCD_ResetCallback
 *fill*         0x0800418a        0x2 
 .text.HAL_PCD_SuspendCallback
                0x0800418c       0x24 USB_DEVICE\Target\usbd_conf.o
                0x0800418c                HAL_PCD_SuspendCallback
 .text.HAL_PCD_ResumeCallback
                0x080041b0       0x28 USB_DEVICE\Target\usbd_conf.o
                0x080041b0                HAL_PCD_ResumeCallback
 .text.USBD_LL_Init
                0x080041d8       0x80 USB_DEVICE\Target\usbd_conf.o
                0x080041d8                USBD_LL_Init
 .text.USBD_LL_Start
                0x08004258       0x20 USB_DEVICE\Target\usbd_conf.o
                0x08004258                USBD_LL_Start
 .text.USBD_LL_OpenEP
                0x08004278       0x24 USB_DEVICE\Target\usbd_conf.o
                0x08004278                USBD_LL_OpenEP
 .text.USBD_LL_CloseEP
                0x0800429c       0x20 USB_DEVICE\Target\usbd_conf.o
                0x0800429c                USBD_LL_CloseEP
 .text.USBD_LL_StallEP
                0x080042bc       0x20 USB_DEVICE\Target\usbd_conf.o
                0x080042bc                USBD_LL_StallEP
 .text.USBD_LL_ClearStallEP
                0x080042dc       0x20 USB_DEVICE\Target\usbd_conf.o
                0x080042dc                USBD_LL_ClearStallEP
 .text.USBD_LL_IsStallEP
                0x080042fc       0x26 USB_DEVICE\Target\usbd_conf.o
                0x080042fc                USBD_LL_IsStallEP
 *fill*         0x08004322        0x2 
 .text.USBD_LL_SetUSBAddress
                0x08004324       0x20 USB_DEVICE\Target\usbd_conf.o
                0x08004324                USBD_LL_SetUSBAddress
 .text.USBD_LL_Transmit
                0x08004344       0x20 USB_DEVICE\Target\usbd_conf.o
                0x08004344                USBD_LL_Transmit
 .text.USBD_LL_PrepareReceive
                0x08004364       0x20 USB_DEVICE\Target\usbd_conf.o
                0x08004364                USBD_LL_PrepareReceive
 .text.USBD_LL_GetRxDataSize
                0x08004384        0xe USB_DEVICE\Target\usbd_conf.o
                0x08004384                USBD_LL_GetRxDataSize
 *fill*         0x08004392        0x2 
 .text.USBD_static_malloc
                0x08004394        0x8 USB_DEVICE\Target\usbd_conf.o
                0x08004394                USBD_static_malloc
 .text.USBD_static_free
                0x0800439c        0x2 USB_DEVICE\Target\usbd_conf.o
                0x0800439c                USBD_static_free
 *fill*         0x0800439e        0x2 
 .text.Reset_Handler
                0x080043a0       0x50 startup\startup_stm32f070xb.o
                0x080043a0                Reset_Handler
 .text.Default_Handler
                0x080043f0        0x2 startup\startup_stm32f070xb.o
                0x080043f0                TIM1_CC_IRQHandler
                0x080043f0                TIM6_IRQHandler
                0x080043f0                I2C1_IRQHandler
                0x080043f0                SPI1_IRQHandler
                0x080043f0                EXTI2_3_IRQHandler
                0x080043f0                ADC1_IRQHandler
                0x080043f0                I2C2_IRQHandler
                0x080043f0                TIM17_IRQHandler
                0x080043f0                RTC_IRQHandler
                0x080043f0                TIM16_IRQHandler
                0x080043f0                TIM3_IRQHandler
                0x080043f0                EXTI4_15_IRQHandler
                0x080043f0                RCC_IRQHandler
                0x080043f0                DMA1_Channel1_IRQHandler
                0x080043f0                Default_Handler
                0x080043f0                TIM14_IRQHandler
                0x080043f0                DMA1_Channel4_5_IRQHandler
                0x080043f0                TIM7_IRQHandler
                0x080043f0                TIM15_IRQHandler
                0x080043f0                EXTI0_1_IRQHandler
                0x080043f0                SPI2_IRQHandler
                0x080043f0                WWDG_IRQHandler
                0x080043f0                DMA1_Channel2_3_IRQHandler
                0x080043f0                FLASH_IRQHandler
                0x080043f0                USART1_IRQHandler
 *fill*         0x080043f2        0x2 
 .text.__errno  0x080043f4        0xc c:/program files (x86)/atollic/truestudio for stm32 9.2.0/armtools/bin/../lib/gcc/arm-atollic-eabi/6.3.1/../../../../arm-atollic-eabi/lib/armv6-m\libc_nano.a(lib_a-errno.o)
                0x080043f4                __errno
 .text.__libc_init_array
                0x08004400       0x48 c:/program files (x86)/atollic/truestudio for stm32 9.2.0/armtools/bin/../lib/gcc/arm-atollic-eabi/6.3.1/../../../../arm-atollic-eabi/lib/armv6-m\libc_nano.a(lib_a-init.o)
                0x08004400                __libc_init_array
 .text.memcpy   0x08004448       0x12 c:/program files (x86)/atollic/truestudio for stm32 9.2.0/armtools/bin/../lib/gcc/arm-atollic-eabi/6.3.1/../../../../arm-atollic-eabi/lib/armv6-m\libc_nano.a(lib_a-memcpy-stub.o)
                0x08004448                memcpy
 .text.memset   0x0800445a       0x10 c:/program files (x86)/atollic/truestudio for stm32 9.2.0/armtools/bin/../lib/gcc/arm-atollic-eabi/6.3.1/../../../../arm-atollic-eabi/lib/armv6-m\libc_nano.a(lib_a-memset.o)
                0x0800445a                memset
 *fill*         0x0800446a        0x2 
 .text.sprintf  0x0800446c       0x44 c:/program files (x86)/atollic/truestudio for stm32 9.2.0/armtools/bin/../lib/gcc/arm-atollic-eabi/6.3.1/../../../../arm-atollic-eabi/lib/armv6-m\libc_nano.a(lib_a-sprintf.o)
                0x0800446c                siprintf
                0x0800446c                sprintf
 .text.strstr   0x080044b0       0x30 c:/program files (x86)/atollic/truestudio for stm32 9.2.0/armtools/bin/../lib/gcc/arm-atollic-eabi/6.3.1/../../../../arm-atollic-eabi/lib/armv6-m\libc_nano.a(lib_a-strstr.o)
                0x080044b0                strstr
 .text.__ssputs_r
                0x080044e0       0xc4 c:/program files (x86)/atollic/truestudio for stm32 9.2.0/armtools/bin/../lib/gcc/arm-atollic-eabi/6.3.1/../../../../arm-atollic-eabi/lib/armv6-m\libc_nano.a(lib_a-nano-svfprintf.o)
                0x080044e0                __ssputs_r
 .text._svfprintf_r
                0x080045a4      0x208 c:/program files (x86)/atollic/truestudio for stm32 9.2.0/armtools/bin/../lib/gcc/arm-atollic-eabi/6.3.1/../../../../arm-atollic-eabi/lib/armv6-m\libc_nano.a(lib_a-nano-svfprintf.o)
                0x080045a4                _svfiprintf_r
                0x080045a4                _svfprintf_r
 .text._printf_common
                0x080047ac       0xda c:/program files (x86)/atollic/truestudio for stm32 9.2.0/armtools/bin/../lib/gcc/arm-atollic-eabi/6.3.1/../../../../arm-atollic-eabi/lib/armv6-m\libc_nano.a(lib_a-nano-vfprintf_i.o)
                0x080047ac                _printf_common
 *fill*         0x08004886        0x2 
 .text._printf_i
                0x08004888      0x234 c:/program files (x86)/atollic/truestudio for stm32 9.2.0/armtools/bin/../lib/gcc/arm-atollic-eabi/6.3.1/../../../../arm-atollic-eabi/lib/armv6-m\libc_nano.a(lib_a-nano-vfprintf_i.o)
                0x08004888                _printf_i
 .text.memchr   0x08004abc       0x16 c:/program files (x86)/atollic/truestudio for stm32 9.2.0/armtools/bin/../lib/gcc/arm-atollic-eabi/6.3.1/../../../../arm-atollic-eabi/lib/armv6-m\libc_nano.a(lib_a-memchr-stub.o)
                0x08004abc                memchr
 .text.memmove  0x08004ad2       0x24 c:/program files (x86)/atollic/truestudio for stm32 9.2.0/armtools/bin/../lib/gcc/arm-atollic-eabi/6.3.1/../../../../arm-atollic-eabi/lib/armv6-m\libc_nano.a(lib_a-memmove.o)
                0x08004ad2                memmove
 *fill*         0x08004af6        0x2 
 .text._free_r  0x08004af8       0x94 c:/program files (x86)/atollic/truestudio for stm32 9.2.0/armtools/bin/../lib/gcc/arm-atollic-eabi/6.3.1/../../../../arm-atollic-eabi/lib/armv6-m\libc_nano.a(lib_a-nano-freer.o)
                0x08004af8                _free_r
 .text._malloc_r
                0x08004b8c       0xbc c:/program files (x86)/atollic/truestudio for stm32 9.2.0/armtools/bin/../lib/gcc/arm-atollic-eabi/6.3.1/../../../../arm-atollic-eabi/lib/armv6-m\libc_nano.a(lib_a-nano-mallocr.o)
                0x08004b8c                _malloc_r
 .text._realloc_r
                0x08004c48       0x4c c:/program files (x86)/atollic/truestudio for stm32 9.2.0/armtools/bin/../lib/gcc/arm-atollic-eabi/6.3.1/../../../../arm-atollic-eabi/lib/armv6-m\libc_nano.a(lib_a-nano-reallocr.o)
                0x08004c48                _realloc_r
 .text._sbrk_r  0x08004c94       0x24 c:/program files (x86)/atollic/truestudio for stm32 9.2.0/armtools/bin/../lib/gcc/arm-atollic-eabi/6.3.1/../../../../arm-atollic-eabi/lib/armv6-m\libc_nano.a(lib_a-sbrkr.o)
                0x08004c94                _sbrk_r
 .text.__malloc_lock
                0x08004cb8        0x2 c:/program files (x86)/atollic/truestudio for stm32 9.2.0/armtools/bin/../lib/gcc/arm-atollic-eabi/6.3.1/../../../../arm-atollic-eabi/lib/armv6-m\libc_nano.a(lib_a-mlock.o)
                0x08004cb8                __malloc_lock
 .text.__malloc_unlock
                0x08004cba        0x2 c:/program files (x86)/atollic/truestudio for stm32 9.2.0/armtools/bin/../lib/gcc/arm-atollic-eabi/6.3.1/../../../../arm-atollic-eabi/lib/armv6-m\libc_nano.a(lib_a-mlock.o)
                0x08004cba                __malloc_unlock
 .text._malloc_usable_size_r
                0x08004cbc       0x10 c:/program files (x86)/atollic/truestudio for stm32 9.2.0/armtools/bin/../lib/gcc/arm-atollic-eabi/6.3.1/../../../../arm-atollic-eabi/lib/armv6-m\libc_nano.a(lib_a-nano-msizer.o)
                0x08004cbc                _malloc_usable_size_r
 *(.glue_7)
 .glue_7        0x08004ccc        0x0 linker stubs
 *(.glue_7t)
 .glue_7t       0x08004ccc        0x0 linker stubs
 *(.eh_frame)
 .eh_frame      0x08004ccc        0x0 c:/program files (x86)/atollic/truestudio for stm32 9.2.0/armtools/bin/../lib/gcc/arm-atollic-eabi/6.3.1/armv6-m/crtbegin.o
 *(.init)
 .init          0x08004ccc        0x4 c:/program files (x86)/atollic/truestudio for stm32 9.2.0/armtools/bin/../lib/gcc/arm-atollic-eabi/6.3.1/armv6-m/crti.o
                0x08004ccc                _init
 .init          0x08004cd0        0x8 c:/program files (x86)/atollic/truestudio for stm32 9.2.0/armtools/bin/../lib/gcc/arm-atollic-eabi/6.3.1/armv6-m/crtn.o
 *(.fini)
 .fini          0x08004cd8        0x4 c:/program files (x86)/atollic/truestudio for stm32 9.2.0/armtools/bin/../lib/gcc/arm-atollic-eabi/6.3.1/armv6-m/crti.o
                0x08004cd8                _fini
 .fini          0x08004cdc        0x8 c:/program files (x86)/atollic/truestudio for stm32 9.2.0/armtools/bin/../lib/gcc/arm-atollic-eabi/6.3.1/armv6-m/crtn.o
                0x08004ce4                . = ALIGN (0x4)
                0x08004ce4                _etext = .

.vfp11_veneer   0x08004ce4        0x0
 .vfp11_veneer  0x08004ce4        0x0 linker stubs

.v4_bx          0x08004ce4        0x0
 .v4_bx         0x08004ce4        0x0 linker stubs

.iplt           0x08004ce4        0x0
 .iplt          0x08004ce4        0x0 c:/program files (x86)/atollic/truestudio for stm32 9.2.0/armtools/bin/../lib/gcc/arm-atollic-eabi/6.3.1/armv6-m/crtbegin.o

.rodata         0x08004ce4      0x228
                0x08004ce4                . = ALIGN (0x4)
 *(.rodata)
 .rodata        0x08004ce4       0x28 Core\Src\freertos.o
 .rodata        0x08004d0c       0x20 Drivers\STM32F0xx_HAL_Driver\Src\stm32f0xx_hal_rcc.o
 *(.rodata*)
 .rodata.StartDefaultTask.str1.1
                0x08004d2c       0xa6 Core\Src\freertos.o
                                 0xa8 (size before relaxing)
 .rodata.str1.1
                0x08004dd2       0x5b Core\Src\freertos.o
 .rodata.lora_module_join_otaa.str1.1
                0x08004e2d       0x17 Core\Src\lora.o
 .rodata.lora_module_reboot.str1.1
                0x08004e44        0xa Core\Src\lora.o
                                  0xf (size before relaxing)
 .rodata.lora_module_send_command.str1.1
                0x08004e4e        0x8 Core\Src\lora.o
 .rodata.lora_module_set_gpio.str1.1
                0x08004e56       0x1a Core\Src\lora.o
 .rodata.AHBPrescTable
                0x08004e70       0x10 Core\Src\system_stm32f0xx.o
                0x08004e70                AHBPrescTable
 .rodata.APBPrescTable
                0x08004e80        0x8 Core\Src\system_stm32f0xx.o
                0x08004e80                APBPrescTable
 .rodata.CSWTCH.50
                0x08004e88        0x4 Drivers\STM32F0xx_HAL_Driver\Src\stm32f0xx_hal_uart.o
 .rodata.vTaskStartScheduler.str1.1
                0x08004e8c        0x5 Middlewares\Third_Party\FreeRTOS\Source\tasks.o
 .rodata.USBD_FS_ConfigStrDescriptor.str1.1
                0x08004e91        0xb USB_DEVICE\App\usbd_desc.o
 .rodata.USBD_FS_InterfaceStrDescriptor.str1.1
                0x08004e9c        0xe USB_DEVICE\App\usbd_desc.o
 .rodata.USBD_FS_ManufacturerStrDescriptor.str1.1
                0x08004eaa       0x13 USB_DEVICE\App\usbd_desc.o
 .rodata.USBD_FS_ProductStrDescriptor.str1.1
                0x08004ebd       0x16 USB_DEVICE\App\usbd_desc.o
 .rodata.CSWTCH.4
                0x08004ed3        0x4 USB_DEVICE\Target\usbd_conf.o
 .rodata._svfprintf_r.str1.1
                0x08004ed7       0x11 c:/program files (x86)/atollic/truestudio for stm32 9.2.0/armtools/bin/../lib/gcc/arm-atollic-eabi/6.3.1/../../../../arm-atollic-eabi/lib/armv6-m\libc_nano.a(lib_a-nano-svfprintf.o)
 .rodata._printf_i.str1.1
                0x08004ee8       0x22 c:/program files (x86)/atollic/truestudio for stm32 9.2.0/armtools/bin/../lib/gcc/arm-atollic-eabi/6.3.1/../../../../arm-atollic-eabi/lib/armv6-m\libc_nano.a(lib_a-nano-vfprintf_i.o)
                0x08004f0c                . = ALIGN (0x4)
 *fill*         0x08004f0a        0x2 

.rel.dyn        0x08004f0c        0x0
 .rel.iplt      0x08004f0c        0x0 c:/program files (x86)/atollic/truestudio for stm32 9.2.0/armtools/bin/../lib/gcc/arm-atollic-eabi/6.3.1/armv6-m/crtbegin.o

.ARM.extab
 *(.ARM.extab* .gnu.linkonce.armextab.*)

.ARM            0x08004f0c        0x0
                0x08004f0c                __exidx_start = .
 *(.ARM.exidx*)
                0x08004f0c                __exidx_end = .

.preinit_array  0x08004f0c        0x0
                0x08004f0c                PROVIDE (__preinit_array_start, .)
 *(.preinit_array*)
                0x08004f0c                PROVIDE (__preinit_array_end, .)

.init_array     0x08004f0c        0x4
                0x08004f0c                PROVIDE (__init_array_start, .)
 *(SORT(.init_array.*))
 *(.init_array*)
 .init_array    0x08004f0c        0x4 c:/program files (x86)/atollic/truestudio for stm32 9.2.0/armtools/bin/../lib/gcc/arm-atollic-eabi/6.3.1/armv6-m/crtbegin.o
                0x08004f10                PROVIDE (__init_array_end, .)

.fini_array     0x08004f10        0x4
                [!provide]                PROVIDE (__fini_array_start, .)
 *(SORT(.fini_array.*))
 *(.fini_array*)
 .fini_array    0x08004f10        0x4 c:/program files (x86)/atollic/truestudio for stm32 9.2.0/armtools/bin/../lib/gcc/arm-atollic-eabi/6.3.1/armv6-m/crtbegin.o
                [!provide]                PROVIDE (__fini_array_end, .)
                0x08004f14                _sidata = LOADADDR (.data)

.data           0x20000000      0x1e8 load address 0x08004f14
                0x20000000                . = ALIGN (0x4)
                0x20000000                _sdata = .
 *(.data)
 *(.data*)
 .data.appEui   0x20000000        0x4 Core\Src\freertos.o
                0x20000000                appEui
 .data.appKey   0x20000004        0x4 Core\Src\freertos.o
                0x20000004                appKey
 .data.hweui    0x20000008        0x4 Core\Src\freertos.o
                0x20000008                hweui
 .data.SystemCoreClock
                0x2000000c        0x4 Core\Src\system_stm32f0xx.o
                0x2000000c                SystemCoreClock
 .data.USBD_CDC
                0x20000010       0x38 Middlewares\ST\STM32_USB_Device_Library\Class\CDC\Src\usbd_cdc.o
                0x20000010                USBD_CDC
 .data.USBD_CDC_CfgFSDesc
                0x20000048       0x43 Middlewares\ST\STM32_USB_Device_Library\Class\CDC\Src\usbd_cdc.o
                0x20000048                USBD_CDC_CfgFSDesc
 *fill*         0x2000008b        0x1 
 .data.USBD_CDC_CfgHSDesc
                0x2000008c       0x43 Middlewares\ST\STM32_USB_Device_Library\Class\CDC\Src\usbd_cdc.o
                0x2000008c                USBD_CDC_CfgHSDesc
 *fill*         0x200000cf        0x1 
 .data.USBD_CDC_DeviceQualifierDesc
                0x200000d0        0xa Middlewares\ST\STM32_USB_Device_Library\Class\CDC\Src\usbd_cdc.o
 *fill*         0x200000da        0x2 
 .data.USBD_CDC_OtherSpeedCfgDesc
                0x200000dc       0x43 Middlewares\ST\STM32_USB_Device_Library\Class\CDC\Src\usbd_cdc.o
                0x200000dc                USBD_CDC_OtherSpeedCfgDesc
 *fill*         0x2000011f        0x1 
 .data.uxCriticalNesting
                0x20000120        0x4 Middlewares\Third_Party\FreeRTOS\Source\portable\GCC\ARM_CM0\port.o
 .data.USBD_Interface_fops_FS
                0x20000124       0x10 USB_DEVICE\App\usbd_cdc_if.o
                0x20000124                USBD_Interface_fops_FS
 .data.FS_Desc  0x20000134       0x1c USB_DEVICE\App\usbd_desc.o
                0x20000134                FS_Desc
 .data.USBD_FS_DeviceDesc
                0x20000150       0x12 USB_DEVICE\App\usbd_desc.o
                0x20000150                USBD_FS_DeviceDesc
 *fill*         0x20000162        0x2 
 .data.USBD_LangIDDesc
                0x20000164        0x4 USB_DEVICE\App\usbd_desc.o
                0x20000164                USBD_LangIDDesc
 .data.USBD_StringSerial
                0x20000168       0x1a USB_DEVICE\App\usbd_desc.o
                0x20000168                USBD_StringSerial
 *fill*         0x20000182        0x2 
 .data._impure_ptr
                0x20000184        0x4 c:/program files (x86)/atollic/truestudio for stm32 9.2.0/armtools/bin/../lib/gcc/arm-atollic-eabi/6.3.1/../../../../arm-atollic-eabi/lib/armv6-m\libc_nano.a(lib_a-impure.o)
                0x20000184                _impure_ptr
 .data.impure_data
                0x20000188       0x60 c:/program files (x86)/atollic/truestudio for stm32 9.2.0/armtools/bin/../lib/gcc/arm-atollic-eabi/6.3.1/../../../../arm-atollic-eabi/lib/armv6-m\libc_nano.a(lib_a-impure.o)
                0x200001e8                . = ALIGN (0x4)
                0x200001e8                _edata = .

.igot.plt       0x200001e8        0x0 load address 0x080050fc
 .igot.plt      0x200001e8        0x0 c:/program files (x86)/atollic/truestudio for stm32 9.2.0/armtools/bin/../lib/gcc/arm-atollic-eabi/6.3.1/armv6-m/crtbegin.o
                0x200001e8                . = ALIGN (0x4)

.bss            0x200001e8     0x1f24 load address 0x080050fc
                0x200001e8                _sbss = .
                0x200001e8                __bss_start__ = _sbss
 *(.bss)
 .bss           0x200001e8       0x1c c:/program files (x86)/atollic/truestudio for stm32 9.2.0/armtools/bin/../lib/gcc/arm-atollic-eabi/6.3.1/armv6-m/crtbegin.o
 *(.bss*)
 .bss.heap_end.5887
                0x20000204        0x4 Core\Src\syscalls.o
 .bss.ifalt.7942
                0x20000208        0x1 Middlewares\ST\STM32_USB_Device_Library\Class\CDC\Src\usbd_cdc.o
 .bss.cfgidx.7947
                0x20000209        0x1 Middlewares\ST\STM32_USB_Device_Library\Core\Src\usbd_ctlreq.o
 *fill*         0x2000020a        0x2 
 .bss.pxEnd     0x2000020c        0x4 Middlewares\Third_Party\FreeRTOS\Source\portable\MemMang\heap_4.o
 .bss.ucHeap    0x20000210      0xc00 Middlewares\Third_Party\FreeRTOS\Source\portable\MemMang\heap_4.o
 .bss.xBlockAllocatedBit
                0x20000e10        0x4 Middlewares\Third_Party\FreeRTOS\Source\portable\MemMang\heap_4.o
 .bss.xFreeBytesRemaining
                0x20000e14        0x4 Middlewares\Third_Party\FreeRTOS\Source\portable\MemMang\heap_4.o
 .bss.xMinimumEverFreeBytesRemaining
                0x20000e18        0x4 Middlewares\Third_Party\FreeRTOS\Source\portable\MemMang\heap_4.o
 .bss.xStart    0x20000e1c        0x8 Middlewares\Third_Party\FreeRTOS\Source\portable\MemMang\heap_4.o
 .bss.pxCurrentTCB
                0x20000e24        0x4 Middlewares\Third_Party\FreeRTOS\Source\tasks.o
                0x20000e24                pxCurrentTCB
 .bss.pxDelayedTaskList
                0x20000e28        0x4 Middlewares\Third_Party\FreeRTOS\Source\tasks.o
 .bss.pxOverflowDelayedTaskList
                0x20000e2c        0x4 Middlewares\Third_Party\FreeRTOS\Source\tasks.o
 .bss.pxReadyTasksLists
                0x20000e30       0x8c Middlewares\Third_Party\FreeRTOS\Source\tasks.o
 .bss.uxCurrentNumberOfTasks
                0x20000ebc        0x4 Middlewares\Third_Party\FreeRTOS\Source\tasks.o
 .bss.uxDeletedTasksWaitingCleanUp
                0x20000ec0        0x4 Middlewares\Third_Party\FreeRTOS\Source\tasks.o
 .bss.uxPendedTicks
                0x20000ec4        0x4 Middlewares\Third_Party\FreeRTOS\Source\tasks.o
 .bss.uxSchedulerSuspended
                0x20000ec8        0x4 Middlewares\Third_Party\FreeRTOS\Source\tasks.o
 .bss.uxTaskNumber
                0x20000ecc        0x4 Middlewares\Third_Party\FreeRTOS\Source\tasks.o
 .bss.uxTopReadyPriority
                0x20000ed0        0x4 Middlewares\Third_Party\FreeRTOS\Source\tasks.o
 .bss.xDelayedTaskList1
                0x20000ed4       0x14 Middlewares\Third_Party\FreeRTOS\Source\tasks.o
 .bss.xDelayedTaskList2
                0x20000ee8       0x14 Middlewares\Third_Party\FreeRTOS\Source\tasks.o
 .bss.xIdleTaskHandle
                0x20000efc        0x4 Middlewares\Third_Party\FreeRTOS\Source\tasks.o
 .bss.xNextTaskUnblockTime
                0x20000f00        0x4 Middlewares\Third_Party\FreeRTOS\Source\tasks.o
 .bss.xNumOfOverflows
                0x20000f04        0x4 Middlewares\Third_Party\FreeRTOS\Source\tasks.o
 .bss.xPendingReadyList
                0x20000f08       0x14 Middlewares\Third_Party\FreeRTOS\Source\tasks.o
 .bss.xSchedulerRunning
                0x20000f1c        0x4 Middlewares\Third_Party\FreeRTOS\Source\tasks.o
 .bss.xSuspendedTaskList
                0x20000f20       0x14 Middlewares\Third_Party\FreeRTOS\Source\tasks.o
 .bss.xTasksWaitingTermination
                0x20000f34       0x14 Middlewares\Third_Party\FreeRTOS\Source\tasks.o
 .bss.xTickCount
                0x20000f48        0x4 Middlewares\Third_Party\FreeRTOS\Source\tasks.o
 .bss.xYieldPending
                0x20000f4c        0x4 Middlewares\Third_Party\FreeRTOS\Source\tasks.o
 .bss.mem.8034  0x20000f50      0x220 USB_DEVICE\Target\usbd_conf.o
 .bss.__malloc_free_list
                0x20001170        0x4 c:/program files (x86)/atollic/truestudio for stm32 9.2.0/armtools/bin/../lib/gcc/arm-atollic-eabi/6.3.1/../../../../arm-atollic-eabi/lib/armv6-m\libc_nano.a(lib_a-nano-mallocr.o)
                0x20001170                __malloc_free_list
 .bss.__malloc_sbrk_start
                0x20001174        0x4 c:/program files (x86)/atollic/truestudio for stm32 9.2.0/armtools/bin/../lib/gcc/arm-atollic-eabi/6.3.1/../../../../arm-atollic-eabi/lib/armv6-m\libc_nano.a(lib_a-nano-mallocr.o)
                0x20001174                __malloc_sbrk_start
 *(COMMON)
 COMMON         0x20001178        0x9 Core\Src\freertos.o
                0x20001178                serviceTaskHandle
                0x2000117c                defaultTaskHandle
                0x20001180                uart_rx_flag
 *fill*         0x20001181        0x3 
 COMMON         0x20001184       0x4c Core\Src\i2c.o
                0x20001184                hi2c1
 COMMON         0x200011d0       0x40 Core\Src\stm32f0xx_hal_timebase_tim.o
                0x200011d0                htim1
 COMMON         0x20001210       0xe0 Core\Src\usart.o
                0x20001210                huart3
                0x20001280                huart2
 COMMON         0x200012f0        0x4 Drivers\STM32F0xx_HAL_Driver\Src\stm32f0xx_hal.o
                0x200012f0                uwTick
 COMMON         0x200012f4      0x224 USB_DEVICE\App\usb_device.o
                0x200012f4                hUsbDeviceFS
 COMMON         0x20001518      0x7d0 USB_DEVICE\App\usbd_cdc_if.o
                0x20001518                UserRxBufferFS
                0x20001900                UserTxBufferFS
 COMMON         0x20001ce8      0x200 USB_DEVICE\App\usbd_desc.o
                0x20001ce8                USBD_StrDesc
 COMMON         0x20001ee8      0x220 USB_DEVICE\Target\usbd_conf.o
                0x20001ee8                hpcd_USB_FS
 COMMON         0x20002108        0x4 c:/program files (x86)/atollic/truestudio for stm32 9.2.0/armtools/bin/../lib/gcc/arm-atollic-eabi/6.3.1/../../../../arm-atollic-eabi/lib/armv6-m\libc_nano.a(lib_a-reent.o)
                0x20002108                errno
                0x2000210c                . = ALIGN (0x4)
                0x2000210c                _ebss = .
                0x2000210c                __bss_end__ = _ebss

._user_heap_stack
                0x2000210c      0x600 load address 0x080050fc
                0x2000210c                . = ALIGN (0x4)
                0x2000210c                PROVIDE (end, .)
                [!provide]                PROVIDE (_end, .)
                0x2000230c                . = (. + _Min_Heap_Size)
 *fill*         0x2000210c      0x200 
                0x2000270c                . = (. + _Min_Stack_Size)
 *fill*         0x2000230c      0x400 
                0x2000270c                . = ALIGN (0x4)

/DISCARD/
 libc.a(*)
 libm.a(*)
 libgcc.a(*)

.ARM.attributes
                0x00000000       0x28
 *(.ARM.attributes)
 .ARM.attributes
                0x00000000       0x1e c:/program files (x86)/atollic/truestudio for stm32 9.2.0/armtools/bin/../lib/gcc/arm-atollic-eabi/6.3.1/armv6-m/crti.o
 .ARM.attributes
                0x0000001e       0x2c c:/program files (x86)/atollic/truestudio for stm32 9.2.0/armtools/bin/../lib/gcc/arm-atollic-eabi/6.3.1/armv6-m/crtbegin.o
 .ARM.attributes
                0x0000004a       0x31 Core\Src\freertos.o
 .ARM.attributes
                0x0000007b       0x31 Core\Src\gpio.o
 .ARM.attributes
                0x000000ac       0x31 Core\Src\i2c.o
 .ARM.attributes
                0x000000dd       0x31 Core\Src\lora.o
 .ARM.attributes
                0x0000010e       0x31 Core\Src\main.o
 .ARM.attributes
                0x0000013f       0x31 Core\Src\stm32f0xx_hal_msp.o
 .ARM.attributes
                0x00000170       0x31 Core\Src\stm32f0xx_hal_timebase_tim.o
 .ARM.attributes
                0x000001a1       0x31 Core\Src\stm32f0xx_it.o
 .ARM.attributes
                0x000001d2       0x31 Core\Src\syscalls.o
 .ARM.attributes
                0x00000203       0x31 Core\Src\system_stm32f0xx.o
 .ARM.attributes
                0x00000234       0x31 Core\Src\usart.o
 .ARM.attributes
                0x00000265       0x31 Drivers\STM32F0xx_HAL_Driver\Src\stm32f0xx_hal.o
 .ARM.attributes
                0x00000296       0x31 Drivers\STM32F0xx_HAL_Driver\Src\stm32f0xx_hal_cortex.o
 .ARM.attributes
                0x000002c7       0x31 Drivers\STM32F0xx_HAL_Driver\Src\stm32f0xx_hal_dma.o
 .ARM.attributes
                0x000002f8       0x31 Drivers\STM32F0xx_HAL_Driver\Src\stm32f0xx_hal_gpio.o
 .ARM.attributes
                0x00000329       0x31 Drivers\STM32F0xx_HAL_Driver\Src\stm32f0xx_hal_i2c.o
 .ARM.attributes
                0x0000035a       0x31 Drivers\STM32F0xx_HAL_Driver\Src\stm32f0xx_hal_i2c_ex.o
 .ARM.attributes
                0x0000038b       0x31 Drivers\STM32F0xx_HAL_Driver\Src\stm32f0xx_hal_pcd.o
 .ARM.attributes
                0x000003bc       0x31 Drivers\STM32F0xx_HAL_Driver\Src\stm32f0xx_hal_pcd_ex.o
 .ARM.attributes
                0x000003ed       0x31 Drivers\STM32F0xx_HAL_Driver\Src\stm32f0xx_hal_rcc.o
 .ARM.attributes
                0x0000041e       0x31 Drivers\STM32F0xx_HAL_Driver\Src\stm32f0xx_hal_rcc_ex.o
 .ARM.attributes
                0x0000044f       0x31 Drivers\STM32F0xx_HAL_Driver\Src\stm32f0xx_hal_tim.o
 .ARM.attributes
                0x00000480       0x31 Drivers\STM32F0xx_HAL_Driver\Src\stm32f0xx_hal_tim_ex.o
 .ARM.attributes
                0x000004b1       0x31 Drivers\STM32F0xx_HAL_Driver\Src\stm32f0xx_hal_uart.o
 .ARM.attributes
                0x000004e2       0x31 Middlewares\ST\STM32_USB_Device_Library\Class\CDC\Src\usbd_cdc.o
 .ARM.attributes
                0x00000513       0x31 Middlewares\ST\STM32_USB_Device_Library\Core\Src\usbd_core.o
 .ARM.attributes
                0x00000544       0x31 Middlewares\ST\STM32_USB_Device_Library\Core\Src\usbd_ctlreq.o
 .ARM.attributes
                0x00000575       0x31 Middlewares\ST\STM32_USB_Device_Library\Core\Src\usbd_ioreq.o
 .ARM.attributes
                0x000005a6       0x31 Middlewares\Third_Party\FreeRTOS\Source\CMSIS_RTOS\cmsis_os.o
 .ARM.attributes
                0x000005d7       0x31 Middlewares\Third_Party\FreeRTOS\Source\list.o
 .ARM.attributes
                0x00000608       0x31 Middlewares\Third_Party\FreeRTOS\Source\portable\GCC\ARM_CM0\port.o
 .ARM.attributes
                0x00000639       0x31 Middlewares\Third_Party\FreeRTOS\Source\portable\MemMang\heap_4.o
 .ARM.attributes
                0x0000066a       0x31 Middlewares\Third_Party\FreeRTOS\Source\tasks.o
 .ARM.attributes
                0x0000069b       0x31 USB_DEVICE\App\usb_device.o
 .ARM.attributes
                0x000006cc       0x31 USB_DEVICE\App\usbd_cdc_if.o
 .ARM.attributes
                0x000006fd       0x31 USB_DEVICE\App\usbd_desc.o
 .ARM.attributes
                0x0000072e       0x31 USB_DEVICE\Target\usbd_conf.o
 .ARM.attributes
                0x0000075f       0x21 startup\startup_stm32f070xb.o
 .ARM.attributes
                0x00000780       0x2c c:/program files (x86)/atollic/truestudio for stm32 9.2.0/armtools/bin/../lib/gcc/arm-atollic-eabi/6.3.1/../../../../arm-atollic-eabi/lib/armv6-m\libc_nano.a(lib_a-errno.o)
 .ARM.attributes
                0x000007ac       0x2c c:/program files (x86)/atollic/truestudio for stm32 9.2.0/armtools/bin/../lib/gcc/arm-atollic-eabi/6.3.1/../../../../arm-atollic-eabi/lib/armv6-m\libc_nano.a(lib_a-impure.o)
 .ARM.attributes
                0x000007d8       0x2c c:/program files (x86)/atollic/truestudio for stm32 9.2.0/armtools/bin/../lib/gcc/arm-atollic-eabi/6.3.1/../../../../arm-atollic-eabi/lib/armv6-m\libc_nano.a(lib_a-init.o)
 .ARM.attributes
                0x00000804       0x2c c:/program files (x86)/atollic/truestudio for stm32 9.2.0/armtools/bin/../lib/gcc/arm-atollic-eabi/6.3.1/../../../../arm-atollic-eabi/lib/armv6-m\libc_nano.a(lib_a-memcpy-stub.o)
 .ARM.attributes
                0x00000830       0x2c c:/program files (x86)/atollic/truestudio for stm32 9.2.0/armtools/bin/../lib/gcc/arm-atollic-eabi/6.3.1/../../../../arm-atollic-eabi/lib/armv6-m\libc_nano.a(lib_a-memset.o)
 .ARM.attributes
                0x0000085c       0x2c c:/program files (x86)/atollic/truestudio for stm32 9.2.0/armtools/bin/../lib/gcc/arm-atollic-eabi/6.3.1/../../../../arm-atollic-eabi/lib/armv6-m\libc_nano.a(lib_a-sprintf.o)
 .ARM.attributes
                0x00000888       0x2c c:/program files (x86)/atollic/truestudio for stm32 9.2.0/armtools/bin/../lib/gcc/arm-atollic-eabi/6.3.1/../../../../arm-atollic-eabi/lib/armv6-m\libc_nano.a(lib_a-strstr.o)
 .ARM.attributes
                0x000008b4       0x2c c:/program files (x86)/atollic/truestudio for stm32 9.2.0/armtools/bin/../lib/gcc/arm-atollic-eabi/6.3.1/../../../../arm-atollic-eabi/lib/armv6-m\libc_nano.a(lib_a-nano-svfprintf.o)
 .ARM.attributes
                0x000008e0       0x2c c:/program files (x86)/atollic/truestudio for stm32 9.2.0/armtools/bin/../lib/gcc/arm-atollic-eabi/6.3.1/../../../../arm-atollic-eabi/lib/armv6-m\libc_nano.a(lib_a-nano-vfprintf_i.o)
 .ARM.attributes
                0x0000090c       0x2c c:/program files (x86)/atollic/truestudio for stm32 9.2.0/armtools/bin/../lib/gcc/arm-atollic-eabi/6.3.1/../../../../arm-atollic-eabi/lib/armv6-m\libc_nano.a(lib_a-memchr-stub.o)
 .ARM.attributes
                0x00000938       0x2c c:/program files (x86)/atollic/truestudio for stm32 9.2.0/armtools/bin/../lib/gcc/arm-atollic-eabi/6.3.1/../../../../arm-atollic-eabi/lib/armv6-m\libc_nano.a(lib_a-memmove.o)
 .ARM.attributes
                0x00000964       0x2c c:/program files (x86)/atollic/truestudio for stm32 9.2.0/armtools/bin/../lib/gcc/arm-atollic-eabi/6.3.1/../../../../arm-atollic-eabi/lib/armv6-m\libc_nano.a(lib_a-nano-freer.o)
 .ARM.attributes
                0x00000990       0x2c c:/program files (x86)/atollic/truestudio for stm32 9.2.0/armtools/bin/../lib/gcc/arm-atollic-eabi/6.3.1/../../../../arm-atollic-eabi/lib/armv6-m\libc_nano.a(lib_a-nano-mallocr.o)
 .ARM.attributes
                0x000009bc       0x2c c:/program files (x86)/atollic/truestudio for stm32 9.2.0/armtools/bin/../lib/gcc/arm-atollic-eabi/6.3.1/../../../../arm-atollic-eabi/lib/armv6-m\libc_nano.a(lib_a-nano-reallocr.o)
 .ARM.attributes
                0x000009e8       0x2c c:/program files (x86)/atollic/truestudio for stm32 9.2.0/armtools/bin/../lib/gcc/arm-atollic-eabi/6.3.1/../../../../arm-atollic-eabi/lib/armv6-m\libc_nano.a(lib_a-sbrkr.o)
 .ARM.attributes
                0x00000a14       0x2c c:/program files (x86)/atollic/truestudio for stm32 9.2.0/armtools/bin/../lib/gcc/arm-atollic-eabi/6.3.1/../../../../arm-atollic-eabi/lib/armv6-m\libc_nano.a(lib_a-mlock.o)
 .ARM.attributes
                0x00000a40       0x2c c:/program files (x86)/atollic/truestudio for stm32 9.2.0/armtools/bin/../lib/gcc/arm-atollic-eabi/6.3.1/../../../../arm-atollic-eabi/lib/armv6-m\libc_nano.a(lib_a-nano-msizer.o)
 .ARM.attributes
                0x00000a6c       0x2c c:/program files (x86)/atollic/truestudio for stm32 9.2.0/armtools/bin/../lib/gcc/arm-atollic-eabi/6.3.1/../../../../arm-atollic-eabi/lib/armv6-m\libc_nano.a(lib_a-reent.o)
 .ARM.attributes
                0x00000a98       0x1e c:/program files (x86)/atollic/truestudio for stm32 9.2.0/armtools/bin/../lib/gcc/arm-atollic-eabi/6.3.1/armv6-m\libgcc.a(_thumb1_case_uqi.o)
 .ARM.attributes
                0x00000ab6       0x1e c:/program files (x86)/atollic/truestudio for stm32 9.2.0/armtools/bin/../lib/gcc/arm-atollic-eabi/6.3.1/armv6-m\libgcc.a(_thumb1_case_uhi.o)
 .ARM.attributes
                0x00000ad4       0x1e c:/program files (x86)/atollic/truestudio for stm32 9.2.0/armtools/bin/../lib/gcc/arm-atollic-eabi/6.3.1/armv6-m\libgcc.a(_udivsi3.o)
 .ARM.attributes
                0x00000af2       0x1e c:/program files (x86)/atollic/truestudio for stm32 9.2.0/armtools/bin/../lib/gcc/arm-atollic-eabi/6.3.1/armv6-m\libgcc.a(_dvmd_tls.o)
 .ARM.attributes
                0x00000b10       0x1e c:/program files (x86)/atollic/truestudio for stm32 9.2.0/armtools/bin/../lib/gcc/arm-atollic-eabi/6.3.1/armv6-m/crtn.o
OUTPUT(IronLink Firmware.elf elf32-littlearm)

.debug_info     0x00000000    0x302f0
 .debug_info    0x00000000     0x176b Core\Src\freertos.o
 .debug_info    0x0000176b      0xc49 Core\Src\gpio.o
 .debug_info    0x000023b4     0x11a2 Core\Src\i2c.o
 .debug_info    0x00003556     0x185a Core\Src\lora.o
 .debug_info    0x00004db0     0x1741 Core\Src\main.o
 .debug_info    0x000064f1      0xb2c Core\Src\stm32f0xx_hal_msp.o
 .debug_info    0x0000701d     0x1104 Core\Src\stm32f0xx_hal_timebase_tim.o
 .debug_info    0x00008121     0x1544 Core\Src\stm32f0xx_it.o
 .debug_info    0x00009665      0xfe1 Core\Src\syscalls.o
 .debug_info    0x0000a646      0xa67 Core\Src\system_stm32f0xx.o
 .debug_info    0x0000b0ad     0x1373 Core\Src\usart.o
 .debug_info    0x0000c420      0xe5b Drivers\STM32F0xx_HAL_Driver\Src\stm32f0xx_hal.o
 .debug_info    0x0000d27b     0x100b Drivers\STM32F0xx_HAL_Driver\Src\stm32f0xx_hal_cortex.o
 .debug_info    0x0000e286     0x1018 Drivers\STM32F0xx_HAL_Driver\Src\stm32f0xx_hal_dma.o
 .debug_info    0x0000f29e      0xe55 Drivers\STM32F0xx_HAL_Driver\Src\stm32f0xx_hal_gpio.o
 .debug_info    0x000100f3     0x393c Drivers\STM32F0xx_HAL_Driver\Src\stm32f0xx_hal_i2c.o
 .debug_info    0x00013a2f     0x1025 Drivers\STM32F0xx_HAL_Driver\Src\stm32f0xx_hal_i2c_ex.o
 .debug_info    0x00014a54     0x1b26 Drivers\STM32F0xx_HAL_Driver\Src\stm32f0xx_hal_pcd.o
 .debug_info    0x0001657a      0xdad Drivers\STM32F0xx_HAL_Driver\Src\stm32f0xx_hal_pcd_ex.o
 .debug_info    0x00017327     0x1171 Drivers\STM32F0xx_HAL_Driver\Src\stm32f0xx_hal_rcc.o
 .debug_info    0x00018498      0xc2a Drivers\STM32F0xx_HAL_Driver\Src\stm32f0xx_hal_rcc_ex.o
 .debug_info    0x000190c2     0x3bff Drivers\STM32F0xx_HAL_Driver\Src\stm32f0xx_hal_tim.o
 .debug_info    0x0001ccc1     0x1932 Drivers\STM32F0xx_HAL_Driver\Src\stm32f0xx_hal_tim_ex.o
 .debug_info    0x0001e5f3     0x2071 Drivers\STM32F0xx_HAL_Driver\Src\stm32f0xx_hal_uart.o
 .debug_info    0x00020664     0x1513 Middlewares\ST\STM32_USB_Device_Library\Class\CDC\Src\usbd_cdc.o
 .debug_info    0x00021b77     0x1473 Middlewares\ST\STM32_USB_Device_Library\Core\Src\usbd_core.o
 .debug_info    0x00022fea     0x14a5 Middlewares\ST\STM32_USB_Device_Library\Core\Src\usbd_ctlreq.o
 .debug_info    0x0002448f      0xfb4 Middlewares\ST\STM32_USB_Device_Library\Core\Src\usbd_ioreq.o
 .debug_info    0x00025443     0x24cd Middlewares\Third_Party\FreeRTOS\Source\CMSIS_RTOS\cmsis_os.o
 .debug_info    0x00027910      0xac0 Middlewares\Third_Party\FreeRTOS\Source\list.o
 .debug_info    0x000283d0      0x2ac Middlewares\Third_Party\FreeRTOS\Source\portable\GCC\ARM_CM0\port.o
 .debug_info    0x0002867c      0xba8 Middlewares\Third_Party\FreeRTOS\Source\portable\MemMang\heap_4.o
 .debug_info    0x00029224     0x23cc Middlewares\Third_Party\FreeRTOS\Source\tasks.o
 .debug_info    0x0002b5f0      0xeb7 USB_DEVICE\App\usb_device.o
 .debug_info    0x0002c4a7     0x1089 USB_DEVICE\App\usbd_cdc_if.o
 .debug_info    0x0002d530      0xe20 USB_DEVICE\App\usbd_desc.o
 .debug_info    0x0002e350     0x1f2a USB_DEVICE\Target\usbd_conf.o
 .debug_info    0x0003027a       0x76 startup\startup_stm32f070xb.o

.debug_abbrev   0x00000000     0x6318
 .debug_abbrev  0x00000000      0x245 Core\Src\freertos.o
 .debug_abbrev  0x00000245      0x20a Core\Src\gpio.o
 .debug_abbrev  0x0000044f      0x24d Core\Src\i2c.o
 .debug_abbrev  0x0000069c      0x27a Core\Src\lora.o
 .debug_abbrev  0x00000916      0x287 Core\Src\main.o
 .debug_abbrev  0x00000b9d      0x1f9 Core\Src\stm32f0xx_hal_msp.o
 .debug_abbrev  0x00000d96      0x269 Core\Src\stm32f0xx_hal_timebase_tim.o
 .debug_abbrev  0x00000fff      0x211 Core\Src\stm32f0xx_it.o
 .debug_abbrev  0x00001210      0x2d9 Core\Src\syscalls.o
 .debug_abbrev  0x000014e9      0x1ca Core\Src\system_stm32f0xx.o
 .debug_abbrev  0x000016b3      0x24b Core\Src\usart.o
 .debug_abbrev  0x000018fe      0x2d1 Drivers\STM32F0xx_HAL_Driver\Src\stm32f0xx_hal.o
 .debug_abbrev  0x00001bcf      0x30a Drivers\STM32F0xx_HAL_Driver\Src\stm32f0xx_hal_cortex.o
 .debug_abbrev  0x00001ed9      0x2a3 Drivers\STM32F0xx_HAL_Driver\Src\stm32f0xx_hal_dma.o
 .debug_abbrev  0x0000217c      0x277 Drivers\STM32F0xx_HAL_Driver\Src\stm32f0xx_hal_gpio.o
 .debug_abbrev  0x000023f3      0x38c Drivers\STM32F0xx_HAL_Driver\Src\stm32f0xx_hal_i2c.o
 .debug_abbrev  0x0000277f      0x227 Drivers\STM32F0xx_HAL_Driver\Src\stm32f0xx_hal_i2c_ex.o
 .debug_abbrev  0x000029a6      0x3d0 Drivers\STM32F0xx_HAL_Driver\Src\stm32f0xx_hal_pcd.o
 .debug_abbrev  0x00002d76      0x1cc Drivers\STM32F0xx_HAL_Driver\Src\stm32f0xx_hal_pcd_ex.o
 .debug_abbrev  0x00002f42      0x2ea Drivers\STM32F0xx_HAL_Driver\Src\stm32f0xx_hal_rcc.o
 .debug_abbrev  0x0000322c      0x268 Drivers\STM32F0xx_HAL_Driver\Src\stm32f0xx_hal_rcc_ex.o
 .debug_abbrev  0x00003494      0x3a5 Drivers\STM32F0xx_HAL_Driver\Src\stm32f0xx_hal_tim.o
 .debug_abbrev  0x00003839      0x30d Drivers\STM32F0xx_HAL_Driver\Src\stm32f0xx_hal_tim_ex.o
 .debug_abbrev  0x00003b46      0x378 Drivers\STM32F0xx_HAL_Driver\Src\stm32f0xx_hal_uart.o
 .debug_abbrev  0x00003ebe      0x2d9 Middlewares\ST\STM32_USB_Device_Library\Class\CDC\Src\usbd_cdc.o
 .debug_abbrev  0x00004197      0x335 Middlewares\ST\STM32_USB_Device_Library\Core\Src\usbd_core.o
 .debug_abbrev  0x000044cc      0x39b Middlewares\ST\STM32_USB_Device_Library\Core\Src\usbd_ctlreq.o
 .debug_abbrev  0x00004867      0x1eb Middlewares\ST\STM32_USB_Device_Library\Core\Src\usbd_ioreq.o
 .debug_abbrev  0x00004a52      0x418 Middlewares\Third_Party\FreeRTOS\Source\CMSIS_RTOS\cmsis_os.o
 .debug_abbrev  0x00004e6a      0x1e3 Middlewares\Third_Party\FreeRTOS\Source\list.o
 .debug_abbrev  0x0000504d      0x194 Middlewares\Third_Party\FreeRTOS\Source\portable\GCC\ARM_CM0\port.o
 .debug_abbrev  0x000051e1      0x2ce Middlewares\Third_Party\FreeRTOS\Source\portable\MemMang\heap_4.o
 .debug_abbrev  0x000054af      0x3bf Middlewares\Third_Party\FreeRTOS\Source\tasks.o
 .debug_abbrev  0x0000586e      0x1e1 USB_DEVICE\App\usb_device.o
 .debug_abbrev  0x00005a4f      0x28e USB_DEVICE\App\usbd_cdc_if.o
 .debug_abbrev  0x00005cdd      0x31d USB_DEVICE\App\usbd_desc.o
 .debug_abbrev  0x00005ffa      0x30c USB_DEVICE\Target\usbd_conf.o
 .debug_abbrev  0x00006306       0x12 startup\startup_stm32f070xb.o

.debug_loc      0x00000000    0x10974
 .debug_loc     0x00000000       0x61 Core\Src\freertos.o
 .debug_loc     0x00000061       0x4d Core\Src\i2c.o
 .debug_loc     0x000000ae      0x1d5 Core\Src\lora.o
 .debug_loc     0x00000283       0x21 Core\Src\main.o
 .debug_loc     0x000002a4       0x7a Core\Src\stm32f0xx_hal_timebase_tim.o
 .debug_loc     0x0000031e      0x45e Core\Src\syscalls.o
 .debug_loc     0x0000077c      0x100 Core\Src\system_stm32f0xx.o
 .debug_loc     0x0000087c       0x7f Core\Src\usart.o
 .debug_loc     0x000008fb       0x7c Drivers\STM32F0xx_HAL_Driver\Src\stm32f0xx_hal.o
 .debug_loc     0x00000977      0x3cc Drivers\STM32F0xx_HAL_Driver\Src\stm32f0xx_hal_cortex.o
 .debug_loc     0x00000d43      0x7ca Drivers\STM32F0xx_HAL_Driver\Src\stm32f0xx_hal_dma.o
 .debug_loc     0x0000150d      0x307 Drivers\STM32F0xx_HAL_Driver\Src\stm32f0xx_hal_gpio.o
 .debug_loc     0x00001814     0x329e Drivers\STM32F0xx_HAL_Driver\Src\stm32f0xx_hal_i2c.o
 .debug_loc     0x00004ab2      0x13a Drivers\STM32F0xx_HAL_Driver\Src\stm32f0xx_hal_i2c_ex.o
 .debug_loc     0x00004bec     0x121b Drivers\STM32F0xx_HAL_Driver\Src\stm32f0xx_hal_pcd.o
 .debug_loc     0x00005e07       0xf8 Drivers\STM32F0xx_HAL_Driver\Src\stm32f0xx_hal_pcd_ex.o
 .debug_loc     0x00005eff      0x4ce Drivers\STM32F0xx_HAL_Driver\Src\stm32f0xx_hal_rcc.o
 .debug_loc     0x000063cd      0x37e Drivers\STM32F0xx_HAL_Driver\Src\stm32f0xx_hal_rcc_ex.o
 .debug_loc     0x0000674b     0x3b44 Drivers\STM32F0xx_HAL_Driver\Src\stm32f0xx_hal_tim.o
 .debug_loc     0x0000a28f      0xb81 Drivers\STM32F0xx_HAL_Driver\Src\stm32f0xx_hal_tim_ex.o
 .debug_loc     0x0000ae10     0x1457 Drivers\STM32F0xx_HAL_Driver\Src\stm32f0xx_hal_uart.o
 .debug_loc     0x0000c267      0x4e5 Middlewares\ST\STM32_USB_Device_Library\Class\CDC\Src\usbd_cdc.o
 .debug_loc     0x0000c74c      0x5a8 Middlewares\ST\STM32_USB_Device_Library\Core\Src\usbd_core.o
 .debug_loc     0x0000ccf4      0x683 Middlewares\ST\STM32_USB_Device_Library\Core\Src\usbd_ctlreq.o
 .debug_loc     0x0000d377      0x23c Middlewares\ST\STM32_USB_Device_Library\Core\Src\usbd_ioreq.o
 .debug_loc     0x0000d5b3      0xffa Middlewares\Third_Party\FreeRTOS\Source\CMSIS_RTOS\cmsis_os.o
 .debug_loc     0x0000e5ad       0x94 Middlewares\Third_Party\FreeRTOS\Source\list.o
 .debug_loc     0x0000e641       0xb4 Middlewares\Third_Party\FreeRTOS\Source\portable\GCC\ARM_CM0\port.o
 .debug_loc     0x0000e6f5      0x2de Middlewares\Third_Party\FreeRTOS\Source\portable\MemMang\heap_4.o
 .debug_loc     0x0000e9d3     0x127f Middlewares\Third_Party\FreeRTOS\Source\tasks.o
 .debug_loc     0x0000fc52       0xef USB_DEVICE\App\usbd_cdc_if.o
 .debug_loc     0x0000fd41      0x32e USB_DEVICE\App\usbd_desc.o
 .debug_loc     0x0001006f      0x905 USB_DEVICE\Target\usbd_conf.o

.debug_aranges  0x00000000     0x1510
 .debug_aranges
                0x00000000       0x30 Core\Src\freertos.o
 .debug_aranges
                0x00000030       0x20 Core\Src\gpio.o
 .debug_aranges
                0x00000050       0x30 Core\Src\i2c.o
 .debug_aranges
                0x00000080       0x38 Core\Src\lora.o
 .debug_aranges
                0x000000b8       0x40 Core\Src\main.o
 .debug_aranges
                0x000000f8       0x20 Core\Src\stm32f0xx_hal_msp.o
 .debug_aranges
                0x00000118       0x30 Core\Src\stm32f0xx_hal_timebase_tim.o
 .debug_aranges
                0x00000148       0x48 Core\Src\stm32f0xx_it.o
 .debug_aranges
                0x00000190       0xb0 Core\Src\syscalls.o
 .debug_aranges
                0x00000240       0x28 Core\Src\system_stm32f0xx.o
 .debug_aranges
                0x00000268       0x38 Core\Src\usart.o
 .debug_aranges
                0x000002a0       0xb0 Drivers\STM32F0xx_HAL_Driver\Src\stm32f0xx_hal.o
 .debug_aranges
                0x00000350       0x78 Drivers\STM32F0xx_HAL_Driver\Src\stm32f0xx_hal_cortex.o
 .debug_aranges
                0x000003c8       0x78 Drivers\STM32F0xx_HAL_Driver\Src\stm32f0xx_hal_dma.o
 .debug_aranges
                0x00000440       0x58 Drivers\STM32F0xx_HAL_Driver\Src\stm32f0xx_hal_gpio.o
 .debug_aranges
                0x00000498      0x200 Drivers\STM32F0xx_HAL_Driver\Src\stm32f0xx_hal_i2c.o
 .debug_aranges
                0x00000698       0x38 Drivers\STM32F0xx_HAL_Driver\Src\stm32f0xx_hal_i2c_ex.o
 .debug_aranges
                0x000006d0       0xd0 Drivers\STM32F0xx_HAL_Driver\Src\stm32f0xx_hal_pcd.o
 .debug_aranges
                0x000007a0       0x20 Drivers\STM32F0xx_HAL_Driver\Src\stm32f0xx_hal_pcd_ex.o
 .debug_aranges
                0x000007c0       0x80 Drivers\STM32F0xx_HAL_Driver\Src\stm32f0xx_hal_rcc.o
 .debug_aranges
                0x00000840       0x30 Drivers\STM32F0xx_HAL_Driver\Src\stm32f0xx_hal_rcc_ex.o
 .debug_aranges
                0x00000870      0x268 Drivers\STM32F0xx_HAL_Driver\Src\stm32f0xx_hal_tim.o
 .debug_aranges
                0x00000ad8       0xf0 Drivers\STM32F0xx_HAL_Driver\Src\stm32f0xx_hal_tim_ex.o
 .debug_aranges
                0x00000bc8      0x188 Drivers\STM32F0xx_HAL_Driver\Src\stm32f0xx_hal_uart.o
 .debug_aranges
                0x00000d50       0x90 Middlewares\ST\STM32_USB_Device_Library\Class\CDC\Src\usbd_cdc.o
 .debug_aranges
                0x00000de0       0xa8 Middlewares\ST\STM32_USB_Device_Library\Core\Src\usbd_core.o
 .debug_aranges
                0x00000e88       0x50 Middlewares\ST\STM32_USB_Device_Library\Core\Src\usbd_ctlreq.o
 .debug_aranges
                0x00000ed8       0x50 Middlewares\ST\STM32_USB_Device_Library\Core\Src\usbd_ioreq.o
 .debug_aranges
                0x00000f28      0x190 Middlewares\Third_Party\FreeRTOS\Source\CMSIS_RTOS\cmsis_os.o
 .debug_aranges
                0x000010b8       0x40 Middlewares\Third_Party\FreeRTOS\Source\list.o
 .debug_aranges
                0x000010f8       0x88 Middlewares\Third_Party\FreeRTOS\Source\portable\GCC\ARM_CM0\port.o
 .debug_aranges
                0x00001180       0x48 Middlewares\Third_Party\FreeRTOS\Source\portable\MemMang\heap_4.o
 .debug_aranges
                0x000011c8      0x160 Middlewares\Third_Party\FreeRTOS\Source\tasks.o
 .debug_aranges
                0x00001328       0x20 USB_DEVICE\App\usb_device.o
 .debug_aranges
                0x00001348       0x40 USB_DEVICE\App\usbd_cdc_if.o
 .debug_aranges
                0x00001388       0x58 USB_DEVICE\App\usbd_desc.o
 .debug_aranges
                0x000013e0      0x108 USB_DEVICE\Target\usbd_conf.o
 .debug_aranges
                0x000014e8       0x28 startup\startup_stm32f070xb.o

.debug_ranges   0x00000000     0x1da0
 .debug_ranges  0x00000000       0x20 Core\Src\freertos.o
 .debug_ranges  0x00000020       0xc0 Core\Src\gpio.o
 .debug_ranges  0x000000e0       0x40 Core\Src\i2c.o
 .debug_ranges  0x00000120       0x28 Core\Src\lora.o
 .debug_ranges  0x00000148       0x30 Core\Src\main.o
 .debug_ranges  0x00000178       0x70 Core\Src\stm32f0xx_hal_msp.o
 .debug_ranges  0x000001e8       0x40 Core\Src\stm32f0xx_hal_timebase_tim.o
 .debug_ranges  0x00000228       0x38 Core\Src\stm32f0xx_it.o
 .debug_ranges  0x00000260       0xa0 Core\Src\syscalls.o
 .debug_ranges  0x00000300       0x18 Core\Src\system_stm32f0xx.o
 .debug_ranges  0x00000318       0xa0 Core\Src\usart.o
 .debug_ranges  0x000003b8       0xa0 Drivers\STM32F0xx_HAL_Driver\Src\stm32f0xx_hal.o
 .debug_ranges  0x00000458      0x120 Drivers\STM32F0xx_HAL_Driver\Src\stm32f0xx_hal_cortex.o
 .debug_ranges  0x00000578       0xe8 Drivers\STM32F0xx_HAL_Driver\Src\stm32f0xx_hal_dma.o
 .debug_ranges  0x00000660       0x70 Drivers\STM32F0xx_HAL_Driver\Src\stm32f0xx_hal_gpio.o
 .debug_ranges  0x000006d0      0x280 Drivers\STM32F0xx_HAL_Driver\Src\stm32f0xx_hal_i2c.o
 .debug_ranges  0x00000950       0x68 Drivers\STM32F0xx_HAL_Driver\Src\stm32f0xx_hal_i2c_ex.o
 .debug_ranges  0x000009b8      0x2e8 Drivers\STM32F0xx_HAL_Driver\Src\stm32f0xx_hal_pcd.o
 .debug_ranges  0x00000ca0       0x10 Drivers\STM32F0xx_HAL_Driver\Src\stm32f0xx_hal_pcd_ex.o
 .debug_ranges  0x00000cb0       0xa0 Drivers\STM32F0xx_HAL_Driver\Src\stm32f0xx_hal_rcc.o
 .debug_ranges  0x00000d50       0x40 Drivers\STM32F0xx_HAL_Driver\Src\stm32f0xx_hal_rcc_ex.o
 .debug_ranges  0x00000d90      0x470 Drivers\STM32F0xx_HAL_Driver\Src\stm32f0xx_hal_tim.o
 .debug_ranges  0x00001200       0xe0 Drivers\STM32F0xx_HAL_Driver\Src\stm32f0xx_hal_tim_ex.o
 .debug_ranges  0x000012e0      0x1f0 Drivers\STM32F0xx_HAL_Driver\Src\stm32f0xx_hal_uart.o
 .debug_ranges  0x000014d0       0x80 Middlewares\ST\STM32_USB_Device_Library\Class\CDC\Src\usbd_cdc.o
 .debug_ranges  0x00001550       0x98 Middlewares\ST\STM32_USB_Device_Library\Core\Src\usbd_core.o
 .debug_ranges  0x000015e8       0xb8 Middlewares\ST\STM32_USB_Device_Library\Core\Src\usbd_ctlreq.o
 .debug_ranges  0x000016a0       0x40 Middlewares\ST\STM32_USB_Device_Library\Core\Src\usbd_ioreq.o
 .debug_ranges  0x000016e0      0x180 Middlewares\Third_Party\FreeRTOS\Source\CMSIS_RTOS\cmsis_os.o
 .debug_ranges  0x00001860       0x30 Middlewares\Third_Party\FreeRTOS\Source\list.o
 .debug_ranges  0x00001890       0x78 Middlewares\Third_Party\FreeRTOS\Source\portable\GCC\ARM_CM0\port.o
 .debug_ranges  0x00001908       0x50 Middlewares\Third_Party\FreeRTOS\Source\portable\MemMang\heap_4.o
 .debug_ranges  0x00001958      0x240 Middlewares\Third_Party\FreeRTOS\Source\tasks.o
 .debug_ranges  0x00001b98       0x10 USB_DEVICE\App\usb_device.o
 .debug_ranges  0x00001ba8       0x30 USB_DEVICE\App\usbd_cdc_if.o
 .debug_ranges  0x00001bd8       0x90 USB_DEVICE\App\usbd_desc.o
 .debug_ranges  0x00001c68      0x118 USB_DEVICE\Target\usbd_conf.o
 .debug_ranges  0x00001d80       0x20 startup\startup_stm32f070xb.o

.debug_line     0x00000000     0xd112
 .debug_line    0x00000000      0x4b0 Core\Src\freertos.o
 .debug_line    0x000004b0      0x29a Core\Src\gpio.o
 .debug_line    0x0000074a      0x326 Core\Src\i2c.o
 .debug_line    0x00000a70      0x451 Core\Src\lora.o
 .debug_line    0x00000ec1      0x448 Core\Src\main.o
 .debug_line    0x00001309      0x288 Core\Src\stm32f0xx_hal_msp.o
 .debug_line    0x00001591      0x30d Core\Src\stm32f0xx_hal_timebase_tim.o
 .debug_line    0x0000189e      0x323 Core\Src\stm32f0xx_it.o
 .debug_line    0x00001bc1      0x3cb Core\Src\syscalls.o
 .debug_line    0x00001f8c      0x26b Core\Src\system_stm32f0xx.o
 .debug_line    0x000021f7      0x387 Core\Src\usart.o
 .debug_line    0x0000257e      0x440 Drivers\STM32F0xx_HAL_Driver\Src\stm32f0xx_hal.o
 .debug_line    0x000029be      0x413 Drivers\STM32F0xx_HAL_Driver\Src\stm32f0xx_hal_cortex.o
 .debug_line    0x00002dd1      0x570 Drivers\STM32F0xx_HAL_Driver\Src\stm32f0xx_hal_dma.o
 .debug_line    0x00003341      0x421 Drivers\STM32F0xx_HAL_Driver\Src\stm32f0xx_hal_gpio.o
 .debug_line    0x00003762     0x162d Drivers\STM32F0xx_HAL_Driver\Src\stm32f0xx_hal_i2c.o
 .debug_line    0x00004d8f      0x368 Drivers\STM32F0xx_HAL_Driver\Src\stm32f0xx_hal_i2c_ex.o
 .debug_line    0x000050f7      0x874 Drivers\STM32F0xx_HAL_Driver\Src\stm32f0xx_hal_pcd.o
 .debug_line    0x0000596b      0x2a0 Drivers\STM32F0xx_HAL_Driver\Src\stm32f0xx_hal_pcd_ex.o
 .debug_line    0x00005c0b      0x621 Drivers\STM32F0xx_HAL_Driver\Src\stm32f0xx_hal_rcc.o
 .debug_line    0x0000622c      0x3d3 Drivers\STM32F0xx_HAL_Driver\Src\stm32f0xx_hal_rcc_ex.o
 .debug_line    0x000065ff     0x1358 Drivers\STM32F0xx_HAL_Driver\Src\stm32f0xx_hal_tim.o
 .debug_line    0x00007957      0x798 Drivers\STM32F0xx_HAL_Driver\Src\stm32f0xx_hal_tim_ex.o
 .debug_line    0x000080ef      0xde4 Drivers\STM32F0xx_HAL_Driver\Src\stm32f0xx_hal_uart.o
 .debug_line    0x00008ed3      0x544 Middlewares\ST\STM32_USB_Device_Library\Class\CDC\Src\usbd_cdc.o
 .debug_line    0x00009417      0x4fd Middlewares\ST\STM32_USB_Device_Library\Core\Src\usbd_core.o
 .debug_line    0x00009914      0x48a Middlewares\ST\STM32_USB_Device_Library\Core\Src\usbd_ctlreq.o
 .debug_line    0x00009d9e      0x382 Middlewares\ST\STM32_USB_Device_Library\Core\Src\usbd_ioreq.o
 .debug_line    0x0000a120      0x8b9 Middlewares\Third_Party\FreeRTOS\Source\CMSIS_RTOS\cmsis_os.o
 .debug_line    0x0000a9d9      0x382 Middlewares\Third_Party\FreeRTOS\Source\list.o
 .debug_line    0x0000ad5b      0x2fb Middlewares\Third_Party\FreeRTOS\Source\portable\GCC\ARM_CM0\port.o
 .debug_line    0x0000b056      0x3bb Middlewares\Third_Party\FreeRTOS\Source\portable\MemMang\heap_4.o
 .debug_line    0x0000b411      0xba3 Middlewares\Third_Party\FreeRTOS\Source\tasks.o
 .debug_line    0x0000bfb4      0x34d USB_DEVICE\App\usb_device.o
 .debug_line    0x0000c301      0x37e USB_DEVICE\App\usbd_cdc_if.o
 .debug_line    0x0000c67f      0x39d USB_DEVICE\App\usbd_desc.o
 .debug_line    0x0000ca1c      0x673 USB_DEVICE\Target\usbd_conf.o
 .debug_line    0x0000d08f       0x83 startup\startup_stm32f070xb.o

.debug_str      0x00000000     0x6e3d
 .debug_str     0x00000000      0xf04 Core\Src\freertos.o
                               0x1082 (size before relaxing)
 .debug_str     0x00000f04      0x11f Core\Src\gpio.o
                                0x72c (size before relaxing)
 .debug_str     0x00001023      0x352 Core\Src\i2c.o
                                0xc3a (size before relaxing)
 .debug_str     0x00001375       0x60 Core\Src\lora.o
                                0xf3e (size before relaxing)
 .debug_str     0x000013d5      0x462 Core\Src\main.o
                               0x11f1 (size before relaxing)
 .debug_str     0x00001837      0x1e3 Core\Src\stm32f0xx_hal_msp.o
                                0x82b (size before relaxing)
 .debug_str     0x00001a1a       0xff Core\Src\stm32f0xx_hal_timebase_tim.o
                                0xd22 (size before relaxing)
 .debug_str     0x00001b19      0x32d Core\Src\stm32f0xx_it.o
                                0xf97 (size before relaxing)
 .debug_str     0x00001e46      0x249 Core\Src\syscalls.o
                                0x85a (size before relaxing)
 .debug_str     0x0000208f       0x5f Core\Src\system_stm32f0xx.o
                                0x693 (size before relaxing)
 .debug_str     0x000020ee       0x65 Core\Src\usart.o
                                0xdda (size before relaxing)
 .debug_str     0x00002153      0x1cf Drivers\STM32F0xx_HAL_Driver\Src\stm32f0xx_hal.o
                                0xa5c (size before relaxing)
 .debug_str     0x00002322      0x196 Drivers\STM32F0xx_HAL_Driver\Src\stm32f0xx_hal_cortex.o
                                0xa64 (size before relaxing)
 .debug_str     0x000024b8      0x252 Drivers\STM32F0xx_HAL_Driver\Src\stm32f0xx_hal_dma.o
                                0xa77 (size before relaxing)
 .debug_str     0x0000270a      0x111 Drivers\STM32F0xx_HAL_Driver\Src\stm32f0xx_hal_gpio.o
                                0x868 (size before relaxing)
 .debug_str     0x0000281b      0x78a Drivers\STM32F0xx_HAL_Driver\Src\stm32f0xx_hal_i2c.o
                               0x12cb (size before relaxing)
 .debug_str     0x00002fa5       0x89 Drivers\STM32F0xx_HAL_Driver\Src\stm32f0xx_hal_i2c_ex.o
                                0xc02 (size before relaxing)
 .debug_str     0x0000302e      0x3d1 Drivers\STM32F0xx_HAL_Driver\Src\stm32f0xx_hal_pcd.o
                                0xcf4 (size before relaxing)
 .debug_str     0x000033ff       0x57 Drivers\STM32F0xx_HAL_Driver\Src\stm32f0xx_hal_pcd_ex.o
                                0x961 (size before relaxing)
 .debug_str     0x00003456      0x161 Drivers\STM32F0xx_HAL_Driver\Src\stm32f0xx_hal_rcc.o
                                0xa48 (size before relaxing)
 .debug_str     0x000035b7       0x97 Drivers\STM32F0xx_HAL_Driver\Src\stm32f0xx_hal_rcc_ex.o
                                0x839 (size before relaxing)
 .debug_str     0x0000364e      0xd1e Drivers\STM32F0xx_HAL_Driver\Src\stm32f0xx_hal_tim.o
                               0x17e3 (size before relaxing)
 .debug_str     0x0000436c      0x50d Drivers\STM32F0xx_HAL_Driver\Src\stm32f0xx_hal_tim_ex.o
                               0x1055 (size before relaxing)
 .debug_str     0x00004879      0x569 Drivers\STM32F0xx_HAL_Driver\Src\stm32f0xx_hal_uart.o
                               0x11b6 (size before relaxing)
 .debug_str     0x00004de2      0x318 Middlewares\ST\STM32_USB_Device_Library\Class\CDC\Src\usbd_cdc.o
                                0xd19 (size before relaxing)
 .debug_str     0x000050fa      0x2a7 Middlewares\ST\STM32_USB_Device_Library\Core\Src\usbd_core.o
                                0xc8b (size before relaxing)
 .debug_str     0x000053a1      0x12e Middlewares\ST\STM32_USB_Device_Library\Core\Src\usbd_ctlreq.o
                                0xba5 (size before relaxing)
 .debug_str     0x000054cf       0x51 Middlewares\ST\STM32_USB_Device_Library\Core\Src\usbd_ioreq.o
                                0xad2 (size before relaxing)
 .debug_str     0x00005520      0xa02 Middlewares\Third_Party\FreeRTOS\Source\CMSIS_RTOS\cmsis_os.o